Archive member included to satisfy reference by file (symbol)

.\CortexM0\ARM_GCC_541\Debug\Arm.a(CyLib.o)
                              .\CortexM0\ARM_GCC_541\Debug\cyfitter_cfg.o (CyIntEnable)
.\CortexM0\ARM_GCC_541\Debug\Arm.a(CyLFClk.o)
                              .\CortexM0\ARM_GCC_541\Debug\cyfitter_cfg.o (CySysClkWcoStart)
.\CortexM0\ARM_GCC_541\Debug\Arm.a(UART.o)
                              .\CortexM0\ARM_GCC_541\Debug\main.o (UART_Start)
.\CortexM0\ARM_GCC_541\Debug\Arm.a(UART_SPI_UART.o)
                              .\CortexM0\ARM_GCC_541\Debug\main.o (UART_SpiUartWriteTxData)
.\CortexM0\ARM_GCC_541\Debug\Arm.a(UART_UART.o)
                              .\CortexM0\ARM_GCC_541\Debug\Arm.a(UART.o) (UART_UartInit)
.\CortexM0\ARM_GCC_541\Debug\Arm.a(Gripper_In.o)
                              .\CortexM0\ARM_GCC_541\Debug\main.o (Gripper_In_Write)
.\CortexM0\ARM_GCC_541\Debug\Arm.a(Gripper_Out.o)
                              .\CortexM0\ARM_GCC_541\Debug\main.o (Gripper_Out_Write)
.\CortexM0\ARM_GCC_541\Debug\Arm.a(Wrist_Up.o)
                              .\CortexM0\ARM_GCC_541\Debug\main.o (Wrist_Up_Write)
.\CortexM0\ARM_GCC_541\Debug\Arm.a(Wrist_Down.o)
                              .\CortexM0\ARM_GCC_541\Debug\main.o (Wrist_Down_Write)
.\CortexM0\ARM_GCC_541\Debug\Arm.a(Elbow_Up.o)
                              .\CortexM0\ARM_GCC_541\Debug\main.o (Elbow_Up_Write)
.\CortexM0\ARM_GCC_541\Debug\Arm.a(Elbow_Down.o)
                              .\CortexM0\ARM_GCC_541\Debug\main.o (Elbow_Down_Write)
.\CortexM0\ARM_GCC_541\Debug\Arm.a(Shoulder_Up.o)
                              .\CortexM0\ARM_GCC_541\Debug\main.o (Shoulder_Up_Write)
.\CortexM0\ARM_GCC_541\Debug\Arm.a(Shoulder_Down.o)
                              .\CortexM0\ARM_GCC_541\Debug\main.o (Shoulder_Down_Write)
.\CortexM0\ARM_GCC_541\Debug\Arm.a(Light_Switch.o)
                              .\CortexM0\ARM_GCC_541\Debug\main.o (Light_Switch_Write)
.\CortexM0\ARM_GCC_541\Debug\Arm.a(Base_Left.o)
                              .\CortexM0\ARM_GCC_541\Debug\main.o (Base_Left_Write)
.\CortexM0\ARM_GCC_541\Debug\Arm.a(Base_Right.o)
                              .\CortexM0\ARM_GCC_541\Debug\main.o (Base_Right_Write)
.\CortexM0\ARM_GCC_541\Debug\Arm.a(CyBootAsmGnu.o)
                              .\CortexM0\ARM_GCC_541\Debug\cyfitter_cfg.o (CyDelayCycles)
c:/program files (x86)/cypress/psoc creator/4.4/psoc creator/import/gnu/arm/5.4.1/bin/../lib/gcc/arm-none-eabi/5.4.1/armv6-m\libgcc.a(_udivsi3.o)
                              .\CortexM0\ARM_GCC_541\Debug\Arm.a(CyLib.o) (__aeabi_uidiv)
c:/program files (x86)/cypress/psoc creator/4.4/psoc creator/import/gnu/arm/5.4.1/bin/../lib/gcc/arm-none-eabi/5.4.1/armv6-m\libgcc.a(_divsi3.o)
                              .\CortexM0\ARM_GCC_541\Debug\Arm.a(CyLFClk.o) (__aeabi_idiv)
c:/program files (x86)/cypress/psoc creator/4.4/psoc creator/import/gnu/arm/5.4.1/bin/../lib/gcc/arm-none-eabi/5.4.1/armv6-m\libgcc.a(_dvmd_tls.o)
                              c:/program files (x86)/cypress/psoc creator/4.4/psoc creator/import/gnu/arm/5.4.1/bin/../lib/gcc/arm-none-eabi/5.4.1/armv6-m\libgcc.a(_udivsi3.o) (__aeabi_idiv0)
c:/program files (x86)/cypress/psoc creator/4.4/psoc creator/import/gnu/arm/5.4.1/bin/../lib/gcc/arm-none-eabi/5.4.1/../../../../arm-none-eabi/lib/armv6-m\libg_nano.a(lib_a-errno.o)
                              .\CortexM0\ARM_GCC_541\Debug\Cm0Start.o (__errno)
c:/program files (x86)/cypress/psoc creator/4.4/psoc creator/import/gnu/arm/5.4.1/bin/../lib/gcc/arm-none-eabi/5.4.1/../../../../arm-none-eabi/lib/armv6-m\libg_nano.a(lib_a-exit.o)
                              c:/program files (x86)/cypress/psoc creator/4.4/psoc creator/import/gnu/arm/5.4.1/bin/../lib/gcc/arm-none-eabi/5.4.1/../../../../arm-none-eabi/lib/armv6-m/crt0.o (exit)
c:/program files (x86)/cypress/psoc creator/4.4/psoc creator/import/gnu/arm/5.4.1/bin/../lib/gcc/arm-none-eabi/5.4.1/../../../../arm-none-eabi/lib/armv6-m\libg_nano.a(lib_a-impure.o)
                              c:/program files (x86)/cypress/psoc creator/4.4/psoc creator/import/gnu/arm/5.4.1/bin/../lib/gcc/arm-none-eabi/5.4.1/../../../../arm-none-eabi/lib/armv6-m\libg_nano.a(lib_a-exit.o) (_global_impure_ptr)
c:/program files (x86)/cypress/psoc creator/4.4/psoc creator/import/gnu/arm/5.4.1/bin/../lib/gcc/arm-none-eabi/5.4.1/../../../../arm-none-eabi/lib/armv6-m\libg_nano.a(lib_a-init.o)
                              c:/program files (x86)/cypress/psoc creator/4.4/psoc creator/import/gnu/arm/5.4.1/bin/../lib/gcc/arm-none-eabi/5.4.1/../../../../arm-none-eabi/lib/armv6-m/crt0.o (__libc_init_array)
c:/program files (x86)/cypress/psoc creator/4.4/psoc creator/import/gnu/arm/5.4.1/bin/../lib/gcc/arm-none-eabi/5.4.1/../../../../arm-none-eabi/lib/armv6-m\libg_nano.a(lib_a-memset.o)
                              c:/program files (x86)/cypress/psoc creator/4.4/psoc creator/import/gnu/arm/5.4.1/bin/../lib/gcc/arm-none-eabi/5.4.1/../../../../arm-none-eabi/lib/armv6-m/crt0.o (memset)

Discarded input sections

 .text          0x00000000        0x0 c:/program files (x86)/cypress/psoc creator/4.4/psoc creator/import/gnu/arm/5.4.1/bin/../lib/gcc/arm-none-eabi/5.4.1/armv6-m/crti.o
 .data          0x00000000        0x0 c:/program files (x86)/cypress/psoc creator/4.4/psoc creator/import/gnu/arm/5.4.1/bin/../lib/gcc/arm-none-eabi/5.4.1/armv6-m/crti.o
 .bss           0x00000000        0x0 c:/program files (x86)/cypress/psoc creator/4.4/psoc creator/import/gnu/arm/5.4.1/bin/../lib/gcc/arm-none-eabi/5.4.1/armv6-m/crti.o
 .data          0x00000000        0x4 c:/program files (x86)/cypress/psoc creator/4.4/psoc creator/import/gnu/arm/5.4.1/bin/../lib/gcc/arm-none-eabi/5.4.1/armv6-m/crtbegin.o
 .text          0x00000000       0x78 c:/program files (x86)/cypress/psoc creator/4.4/psoc creator/import/gnu/arm/5.4.1/bin/../lib/gcc/arm-none-eabi/5.4.1/../../../../arm-none-eabi/lib/armv6-m/crt0.o
 .data          0x00000000        0x0 c:/program files (x86)/cypress/psoc creator/4.4/psoc creator/import/gnu/arm/5.4.1/bin/../lib/gcc/arm-none-eabi/5.4.1/../../../../arm-none-eabi/lib/armv6-m/crt0.o
 .bss           0x00000000        0x0 c:/program files (x86)/cypress/psoc creator/4.4/psoc creator/import/gnu/arm/5.4.1/bin/../lib/gcc/arm-none-eabi/5.4.1/../../../../arm-none-eabi/lib/armv6-m/crt0.o
 .ARM.extab     0x00000000        0x0 c:/program files (x86)/cypress/psoc creator/4.4/psoc creator/import/gnu/arm/5.4.1/bin/../lib/gcc/arm-none-eabi/5.4.1/../../../../arm-none-eabi/lib/armv6-m/crt0.o
 .ARM.exidx     0x00000000        0x8 c:/program files (x86)/cypress/psoc creator/4.4/psoc creator/import/gnu/arm/5.4.1/bin/../lib/gcc/arm-none-eabi/5.4.1/../../../../arm-none-eabi/lib/armv6-m/crt0.o
 .text          0x00000000        0x0 .\CortexM0\ARM_GCC_541\Debug\main.o
 .data          0x00000000        0x0 .\CortexM0\ARM_GCC_541\Debug\main.o
 .bss           0x00000000        0x0 .\CortexM0\ARM_GCC_541\Debug\main.o
 .text          0x00000000        0x0 .\CortexM0\ARM_GCC_541\Debug\cyfitter_cfg.o
 .data          0x00000000        0x0 .\CortexM0\ARM_GCC_541\Debug\cyfitter_cfg.o
 .bss           0x00000000        0x0 .\CortexM0\ARM_GCC_541\Debug\cyfitter_cfg.o
 .text          0x00000000        0x0 .\CortexM0\ARM_GCC_541\Debug\cymetadata.o
 .data          0x00000000        0x0 .\CortexM0\ARM_GCC_541\Debug\cymetadata.o
 .bss           0x00000000        0x0 .\CortexM0\ARM_GCC_541\Debug\cymetadata.o
 .text          0x00000000        0x0 .\CortexM0\ARM_GCC_541\Debug\Cm0Start.o
 .data          0x00000000        0x4 .\CortexM0\ARM_GCC_541\Debug\Cm0Start.o
 .bss           0x00000000        0x0 .\CortexM0\ARM_GCC_541\Debug\Cm0Start.o
 .text._exit    0x00000000        0xc .\CortexM0\ARM_GCC_541\Debug\Cm0Start.o
 .text._sbrk    0x00000000       0x30 .\CortexM0\ARM_GCC_541\Debug\Cm0Start.o
 .text          0x00000000        0x0 .\CortexM0\ARM_GCC_541\Debug\Arm.a(CyLib.o)
 .bss           0x00000000       0x18 .\CortexM0\ARM_GCC_541\Debug\Arm.a(CyLib.o)
 .text.CySysClkImoStart
                0x00000000       0x14 .\CortexM0\ARM_GCC_541\Debug\Arm.a(CyLib.o)
 .text.CySysClkImoStop
                0x00000000       0x10 .\CortexM0\ARM_GCC_541\Debug\Arm.a(CyLib.o)
 .text.CySysClkWriteHfclkDirect
                0x00000000       0x20 .\CortexM0\ARM_GCC_541\Debug\Arm.a(CyLib.o)
 .text.CySysEnablePumpClock
                0x00000000       0x38 .\CortexM0\ARM_GCC_541\Debug\Arm.a(CyLib.o)
 .text.CySysClkGetSysclkSource
                0x00000000       0x1c .\CortexM0\ARM_GCC_541\Debug\Arm.a(CyLib.o)
 .text.CySysClkWriteSysclkDiv
                0x00000000       0x30 .\CortexM0\ARM_GCC_541\Debug\Arm.a(CyLib.o)
 .text.CySysClkEcoStop
                0x00000000       0x24 .\CortexM0\ARM_GCC_541\Debug\Arm.a(CyLib.o)
 .text.CySysLvdDisable
                0x00000000       0x20 .\CortexM0\ARM_GCC_541\Debug\Arm.a(CyLib.o)
 .text.CySysLvdGetInterruptSource
                0x00000000       0x10 .\CortexM0\ARM_GCC_541\Debug\Arm.a(CyLib.o)
 .text.CySysLvdClearInterrupt
                0x00000000        0xc .\CortexM0\ARM_GCC_541\Debug\Arm.a(CyLib.o)
 .text.CySysGetResetReason
                0x00000000       0x14 .\CortexM0\ARM_GCC_541\Debug\Arm.a(CyLib.o)
 .text.CyDisableInts
                0x00000000       0x10 .\CortexM0\ARM_GCC_541\Debug\Arm.a(CyLib.o)
 .text.CyEnableInts
                0x00000000        0xc .\CortexM0\ARM_GCC_541\Debug\Arm.a(CyLib.o)
 .text.CyIntGetState
                0x00000000       0x18 .\CortexM0\ARM_GCC_541\Debug\Arm.a(CyLib.o)
 .text.CyIntDisable
                0x00000000       0x14 .\CortexM0\ARM_GCC_541\Debug\Arm.a(CyLib.o)
 .text.CyIntSetPending
                0x00000000       0x14 .\CortexM0\ARM_GCC_541\Debug\Arm.a(CyLib.o)
 .text.CyIntClearPending
                0x00000000       0x14 .\CortexM0\ARM_GCC_541\Debug\Arm.a(CyLib.o)
 .text.CySysClkWriteEcoDiv
                0x00000000       0x38 .\CortexM0\ARM_GCC_541\Debug\Arm.a(CyLib.o)
 .text.CyIntSetSysVector
                0x00000000       0x20 .\CortexM0\ARM_GCC_541\Debug\Arm.a(CyLib.o)
 .text.CyIntGetSysVector
                0x00000000       0x1c .\CortexM0\ARM_GCC_541\Debug\Arm.a(CyLib.o)
 .text.CyIntGetVector
                0x00000000       0x20 .\CortexM0\ARM_GCC_541\Debug\Arm.a(CyLib.o)
 .text.CyIntSetPriority
                0x00000000       0x4c .\CortexM0\ARM_GCC_541\Debug\Arm.a(CyLib.o)
 .text.CyIntGetPriority
                0x00000000       0x2c .\CortexM0\ARM_GCC_541\Debug\Arm.a(CyLib.o)
 .text.CySoftwareReset
                0x00000000       0x18 .\CortexM0\ARM_GCC_541\Debug\Arm.a(CyLib.o)
 .text.CySysLvdEnable
                0x00000000       0x44 .\CortexM0\ARM_GCC_541\Debug\Arm.a(CyLib.o)
 .text.CyDelayFreq
                0x00000000       0x4c .\CortexM0\ARM_GCC_541\Debug\Arm.a(CyLib.o)
 .text.CySysTickStop
                0x00000000       0x10 .\CortexM0\ARM_GCC_541\Debug\Arm.a(CyLib.o)
 .text.CySysTickEnableInterrupt
                0x00000000       0x10 .\CortexM0\ARM_GCC_541\Debug\Arm.a(CyLib.o)
 .text.CySysTickEnable
                0x00000000       0x18 .\CortexM0\ARM_GCC_541\Debug\Arm.a(CyLib.o)
 .text.CySysTickDisableInterrupt
                0x00000000       0x10 .\CortexM0\ARM_GCC_541\Debug\Arm.a(CyLib.o)
 .text.CySysTickSetReload
                0x00000000       0x10 .\CortexM0\ARM_GCC_541\Debug\Arm.a(CyLib.o)
 .text.CySysTickGetReload
                0x00000000       0x10 .\CortexM0\ARM_GCC_541\Debug\Arm.a(CyLib.o)
 .text.CySysTickGetValue
                0x00000000       0x10 .\CortexM0\ARM_GCC_541\Debug\Arm.a(CyLib.o)
 .text.CySysTickSetClockSource
                0x00000000       0x20 .\CortexM0\ARM_GCC_541\Debug\Arm.a(CyLib.o)
 .text.CySysTickGetClockSource
                0x00000000       0x10 .\CortexM0\ARM_GCC_541\Debug\Arm.a(CyLib.o)
 .text.CySysTickGetCountFlag
                0x00000000       0x10 .\CortexM0\ARM_GCC_541\Debug\Arm.a(CyLib.o)
 .text.CySysTickServiceCallbacks
                0x00000000       0x28 .\CortexM0\ARM_GCC_541\Debug\Arm.a(CyLib.o)
 .text.CySysTickClear
                0x00000000        0xc .\CortexM0\ARM_GCC_541\Debug\Arm.a(CyLib.o)
 .text.CySysTickInit
                0x00000000       0x44 .\CortexM0\ARM_GCC_541\Debug\Arm.a(CyLib.o)
 .text.CySysTickStart
                0x00000000       0x20 .\CortexM0\ARM_GCC_541\Debug\Arm.a(CyLib.o)
 .text.CySysTickSetCallback
                0x00000000       0x10 .\CortexM0\ARM_GCC_541\Debug\Arm.a(CyLib.o)
 .text.CySysTickGetCallback
                0x00000000        0xc .\CortexM0\ARM_GCC_541\Debug\Arm.a(CyLib.o)
 .text.CyGetUniqueId
                0x00000000       0x70 .\CortexM0\ARM_GCC_541\Debug\Arm.a(CyLib.o)
 .text.CySysSetRamAccessArbPriority
                0x00000000       0x20 .\CortexM0\ARM_GCC_541\Debug\Arm.a(CyLib.o)
 .text.CySysSetFlashAccessArbPriority
                0x00000000       0x20 .\CortexM0\ARM_GCC_541\Debug\Arm.a(CyLib.o)
 .text.CySysSetDmacAccessArbPriority
                0x00000000       0x20 .\CortexM0\ARM_GCC_541\Debug\Arm.a(CyLib.o)
 .text.CySysSetPeripheralAccessArbPriority
                0x00000000       0x68 .\CortexM0\ARM_GCC_541\Debug\Arm.a(CyLib.o)
 .text          0x00000000        0x0 .\CortexM0\ARM_GCC_541\Debug\Arm.a(CyLFClk.o)
 .text.CySysClkIloEnabled
                0x00000000       0x14 .\CortexM0\ARM_GCC_541\Debug\Arm.a(CyLFClk.o)
 .text.CySysClkGetLfclkSource
                0x00000000       0x10 .\CortexM0\ARM_GCC_541\Debug\Arm.a(CyLFClk.o)
 .text.CySysClkIloStart
                0x00000000       0x14 .\CortexM0\ARM_GCC_541\Debug\Arm.a(CyLFClk.o)
 .text.CySysClkIloStartMeasurement
                0x00000000       0x5c .\CortexM0\ARM_GCC_541\Debug\Arm.a(CyLFClk.o)
 .text.CySysClkIloStopMeasurement
                0x00000000       0x14 .\CortexM0\ARM_GCC_541\Debug\Arm.a(CyLFClk.o)
 .text.CySysClkIloCompensate
                0x00000000      0x104 .\CortexM0\ARM_GCC_541\Debug\Arm.a(CyLFClk.o)
 .text.CySysClkIloUpdateTrimReg
                0x00000000       0xa8 .\CortexM0\ARM_GCC_541\Debug\Arm.a(CyLFClk.o)
 .text.CySysClkIloTrim
                0x00000000       0xd8 .\CortexM0\ARM_GCC_541\Debug\Arm.a(CyLFClk.o)
 .text.CySysClkIloRestoreFactoryTrim
                0x00000000       0x30 .\CortexM0\ARM_GCC_541\Debug\Arm.a(CyLFClk.o)
 .text.CySysClkWcoEnabled
                0x00000000       0x14 .\CortexM0\ARM_GCC_541\Debug\Arm.a(CyLFClk.o)
 .text.CySysClkWcoClockOutSelect
                0x00000000       0x2c .\CortexM0\ARM_GCC_541\Debug\Arm.a(CyLFClk.o)
 .text.CySysWdtGetEnabledStatus
                0x00000000       0x24 .\CortexM0\ARM_GCC_541\Debug\Arm.a(CyLFClk.o)
 .text.CySysWdtSetMode
                0x00000000       0x38 .\CortexM0\ARM_GCC_541\Debug\Arm.a(CyLFClk.o)
 .text.CySysClkLfclkPosedgeRestore
                0x00000000       0x2c .\CortexM0\ARM_GCC_541\Debug\Arm.a(CyLFClk.o)
 .text.CySysWdtGetMode
                0x00000000       0x14 .\CortexM0\ARM_GCC_541\Debug\Arm.a(CyLFClk.o)
 .text.CySysWdtSetClearOnMatch
                0x00000000       0x34 .\CortexM0\ARM_GCC_541\Debug\Arm.a(CyLFClk.o)
 .text.CySysWdtGetClearOnMatch
                0x00000000       0x24 .\CortexM0\ARM_GCC_541\Debug\Arm.a(CyLFClk.o)
 .text.CySysWdtEnable
                0x00000000       0x3c .\CortexM0\ARM_GCC_541\Debug\Arm.a(CyLFClk.o)
 .text.CySysWdtDisable
                0x00000000       0x44 .\CortexM0\ARM_GCC_541\Debug\Arm.a(CyLFClk.o)
 .text.CySysWdtSetCascade
                0x00000000       0x34 .\CortexM0\ARM_GCC_541\Debug\Arm.a(CyLFClk.o)
 .text.CySysWdtGetCascade
                0x00000000       0x14 .\CortexM0\ARM_GCC_541\Debug\Arm.a(CyLFClk.o)
 .text.CySysWdtSetMatch
                0x00000000       0x54 .\CortexM0\ARM_GCC_541\Debug\Arm.a(CyLFClk.o)
 .text.CySysWdtSetToggleBit
                0x00000000       0x30 .\CortexM0\ARM_GCC_541\Debug\Arm.a(CyLFClk.o)
 .text.CySysWdtGetToggleBit
                0x00000000       0x10 .\CortexM0\ARM_GCC_541\Debug\Arm.a(CyLFClk.o)
 .text.CySysWdtGetMatch
                0x00000000       0x20 .\CortexM0\ARM_GCC_541\Debug\Arm.a(CyLFClk.o)
 .text.CySysWdtGetCount
                0x00000000       0x3c .\CortexM0\ARM_GCC_541\Debug\Arm.a(CyLFClk.o)
 .text.CySysClkLfclkPosedgeCatch
                0x00000000       0x74 .\CortexM0\ARM_GCC_541\Debug\Arm.a(CyLFClk.o)
 .text.CySysClkIloStop
                0x00000000       0x4c .\CortexM0\ARM_GCC_541\Debug\Arm.a(CyLFClk.o)
 .text.CySysClkSetLfclkSource
                0x00000000       0x38 .\CortexM0\ARM_GCC_541\Debug\Arm.a(CyLFClk.o)
 .text.CySysClkWcoStop
                0x00000000       0x48 .\CortexM0\ARM_GCC_541\Debug\Arm.a(CyLFClk.o)
 .text.CySysWdtGetInterruptSource
                0x00000000       0x14 .\CortexM0\ARM_GCC_541\Debug\Arm.a(CyLFClk.o)
 .text.CySysWdtResetCounters
                0x00000000       0x20 .\CortexM0\ARM_GCC_541\Debug\Arm.a(CyLFClk.o)
 .text.CySysWdtSetInterruptCallback
                0x00000000       0x20 .\CortexM0\ARM_GCC_541\Debug\Arm.a(CyLFClk.o)
 .text.CySysWdtGetInterruptCallback
                0x00000000       0x20 .\CortexM0\ARM_GCC_541\Debug\Arm.a(CyLFClk.o)
 .text.CySysWdtEnableCounterIsr
                0x00000000       0x34 .\CortexM0\ARM_GCC_541\Debug\Arm.a(CyLFClk.o)
 .text.CySysWdtDisableCounterIsr
                0x00000000       0x28 .\CortexM0\ARM_GCC_541\Debug\Arm.a(CyLFClk.o)
 .text.CySysWatchdogFeed
                0x00000000       0x60 .\CortexM0\ARM_GCC_541\Debug\Arm.a(CyLFClk.o)
 .text.CySysTimerDelayUntilMatch
                0x00000000       0x6c .\CortexM0\ARM_GCC_541\Debug\Arm.a(CyLFClk.o)
 .text.CySysTimerDelay
                0x00000000       0x3c .\CortexM0\ARM_GCC_541\Debug\Arm.a(CyLFClk.o)
 .rodata        0x00000000        0xc .\CortexM0\ARM_GCC_541\Debug\Arm.a(CyLFClk.o)
 .text          0x00000000        0x0 .\CortexM0\ARM_GCC_541\Debug\Arm.a(UART.o)
 .data          0x00000000        0x0 .\CortexM0\ARM_GCC_541\Debug\Arm.a(UART.o)
 .text.UART_ScbModeStop
                0x00000000        0x8 .\CortexM0\ARM_GCC_541\Debug\Arm.a(UART.o)
 .text.UART_Stop
                0x00000000       0x20 .\CortexM0\ARM_GCC_541\Debug\Arm.a(UART.o)
 .text.UART_SetRxFifoLevel
                0x00000000       0x14 .\CortexM0\ARM_GCC_541\Debug\Arm.a(UART.o)
 .text.UART_SetTxFifoLevel
                0x00000000       0x14 .\CortexM0\ARM_GCC_541\Debug\Arm.a(UART.o)
 .text          0x00000000        0x0 .\CortexM0\ARM_GCC_541\Debug\Arm.a(UART_SPI_UART.o)
 .data          0x00000000        0x0 .\CortexM0\ARM_GCC_541\Debug\Arm.a(UART_SPI_UART.o)
 .bss           0x00000000        0x0 .\CortexM0\ARM_GCC_541\Debug\Arm.a(UART_SPI_UART.o)
 .text.UART_SpiUartClearRxBuffer
                0x00000000       0x20 .\CortexM0\ARM_GCC_541\Debug\Arm.a(UART_SPI_UART.o)
 .text.UART_SpiUartPutArray
                0x00000000       0x18 .\CortexM0\ARM_GCC_541\Debug\Arm.a(UART_SPI_UART.o)
 .text.UART_SpiUartGetTxBufferSize
                0x00000000       0x10 .\CortexM0\ARM_GCC_541\Debug\Arm.a(UART_SPI_UART.o)
 .text.UART_SpiUartClearTxBuffer
                0x00000000       0x20 .\CortexM0\ARM_GCC_541\Debug\Arm.a(UART_SPI_UART.o)
 .text.UART_SpiUartDisableIntRx
                0x00000000       0x10 .\CortexM0\ARM_GCC_541\Debug\Arm.a(UART_SPI_UART.o)
 .text.UART_SpiUartDisableIntTx
                0x00000000       0x10 .\CortexM0\ARM_GCC_541\Debug\Arm.a(UART_SPI_UART.o)
 .text          0x00000000        0x0 .\CortexM0\ARM_GCC_541\Debug\Arm.a(UART_UART.o)
 .data          0x00000000        0x0 .\CortexM0\ARM_GCC_541\Debug\Arm.a(UART_UART.o)
 .bss           0x00000000        0x0 .\CortexM0\ARM_GCC_541\Debug\Arm.a(UART_UART.o)
 .text.UART_UartStop
                0x00000000       0x2c .\CortexM0\ARM_GCC_541\Debug\Arm.a(UART_UART.o)
 .text.UART_UartSetRxAddress
                0x00000000       0x14 .\CortexM0\ARM_GCC_541\Debug\Arm.a(UART_UART.o)
 .text.UART_UartSetRxAddressMask
                0x00000000       0x18 .\CortexM0\ARM_GCC_541\Debug\Arm.a(UART_UART.o)
 .text.UART_UartGetByte
                0x00000000       0x34 .\CortexM0\ARM_GCC_541\Debug\Arm.a(UART_UART.o)
 .text.UART_UartSetRtsPolarity
                0x00000000       0x28 .\CortexM0\ARM_GCC_541\Debug\Arm.a(UART_UART.o)
 .text.UART_UartSetRtsFifoLevel
                0x00000000       0x14 .\CortexM0\ARM_GCC_541\Debug\Arm.a(UART_UART.o)
 .text.UART_UartPutCRLF
                0x00000000       0x14 .\CortexM0\ARM_GCC_541\Debug\Arm.a(UART_UART.o)
 .text.UART_UartEnableCts
                0x00000000       0x14 .\CortexM0\ARM_GCC_541\Debug\Arm.a(UART_UART.o)
 .text.UART_UartDisableCts
                0x00000000       0x14 .\CortexM0\ARM_GCC_541\Debug\Arm.a(UART_UART.o)
 .text.UART_UartSetCtsPolarity
                0x00000000       0x28 .\CortexM0\ARM_GCC_541\Debug\Arm.a(UART_UART.o)
 .text.UART_UartSendBreakBlocking
                0x00000000       0x58 .\CortexM0\ARM_GCC_541\Debug\Arm.a(UART_UART.o)
 .text          0x00000000        0x0 .\CortexM0\ARM_GCC_541\Debug\Arm.a(Gripper_In.o)
 .data          0x00000000        0x0 .\CortexM0\ARM_GCC_541\Debug\Arm.a(Gripper_In.o)
 .bss           0x00000000        0x0 .\CortexM0\ARM_GCC_541\Debug\Arm.a(Gripper_In.o)
 .text.Gripper_In_SetDriveMode
                0x00000000       0x18 .\CortexM0\ARM_GCC_541\Debug\Arm.a(Gripper_In.o)
 .text.Gripper_In_Read
                0x00000000       0x10 .\CortexM0\ARM_GCC_541\Debug\Arm.a(Gripper_In.o)
 .text.Gripper_In_ReadDataReg
                0x00000000       0x10 .\CortexM0\ARM_GCC_541\Debug\Arm.a(Gripper_In.o)
 .text.Gripper_In_SetInterruptMode
                0x00000000       0x14 .\CortexM0\ARM_GCC_541\Debug\Arm.a(Gripper_In.o)
 .text.Gripper_In_ClearInterrupt
                0x00000000       0x14 .\CortexM0\ARM_GCC_541\Debug\Arm.a(Gripper_In.o)
 .text          0x00000000        0x0 .\CortexM0\ARM_GCC_541\Debug\Arm.a(Gripper_Out.o)
 .data          0x00000000        0x0 .\CortexM0\ARM_GCC_541\Debug\Arm.a(Gripper_Out.o)
 .bss           0x00000000        0x0 .\CortexM0\ARM_GCC_541\Debug\Arm.a(Gripper_Out.o)
 .text.Gripper_Out_SetDriveMode
                0x00000000       0x18 .\CortexM0\ARM_GCC_541\Debug\Arm.a(Gripper_Out.o)
 .text.Gripper_Out_Read
                0x00000000       0x10 .\CortexM0\ARM_GCC_541\Debug\Arm.a(Gripper_Out.o)
 .text.Gripper_Out_ReadDataReg
                0x00000000       0x10 .\CortexM0\ARM_GCC_541\Debug\Arm.a(Gripper_Out.o)
 .text.Gripper_Out_SetInterruptMode
                0x00000000       0x14 .\CortexM0\ARM_GCC_541\Debug\Arm.a(Gripper_Out.o)
 .text.Gripper_Out_ClearInterrupt
                0x00000000       0x14 .\CortexM0\ARM_GCC_541\Debug\Arm.a(Gripper_Out.o)
 .text          0x00000000        0x0 .\CortexM0\ARM_GCC_541\Debug\Arm.a(Wrist_Up.o)
 .data          0x00000000        0x0 .\CortexM0\ARM_GCC_541\Debug\Arm.a(Wrist_Up.o)
 .bss           0x00000000        0x0 .\CortexM0\ARM_GCC_541\Debug\Arm.a(Wrist_Up.o)
 .text.Wrist_Up_SetDriveMode
                0x00000000       0x14 .\CortexM0\ARM_GCC_541\Debug\Arm.a(Wrist_Up.o)
 .text.Wrist_Up_Read
                0x00000000       0x10 .\CortexM0\ARM_GCC_541\Debug\Arm.a(Wrist_Up.o)
 .text.Wrist_Up_ReadDataReg
                0x00000000       0x10 .\CortexM0\ARM_GCC_541\Debug\Arm.a(Wrist_Up.o)
 .text.Wrist_Up_SetInterruptMode
                0x00000000       0x14 .\CortexM0\ARM_GCC_541\Debug\Arm.a(Wrist_Up.o)
 .text.Wrist_Up_ClearInterrupt
                0x00000000       0x14 .\CortexM0\ARM_GCC_541\Debug\Arm.a(Wrist_Up.o)
 .text          0x00000000        0x0 .\CortexM0\ARM_GCC_541\Debug\Arm.a(Wrist_Down.o)
 .data          0x00000000        0x0 .\CortexM0\ARM_GCC_541\Debug\Arm.a(Wrist_Down.o)
 .bss           0x00000000        0x0 .\CortexM0\ARM_GCC_541\Debug\Arm.a(Wrist_Down.o)
 .text.Wrist_Down_SetDriveMode
                0x00000000       0x14 .\CortexM0\ARM_GCC_541\Debug\Arm.a(Wrist_Down.o)
 .text.Wrist_Down_Read
                0x00000000       0x10 .\CortexM0\ARM_GCC_541\Debug\Arm.a(Wrist_Down.o)
 .text.Wrist_Down_ReadDataReg
                0x00000000       0x10 .\CortexM0\ARM_GCC_541\Debug\Arm.a(Wrist_Down.o)
 .text.Wrist_Down_SetInterruptMode
                0x00000000       0x14 .\CortexM0\ARM_GCC_541\Debug\Arm.a(Wrist_Down.o)
 .text.Wrist_Down_ClearInterrupt
                0x00000000       0x14 .\CortexM0\ARM_GCC_541\Debug\Arm.a(Wrist_Down.o)
 .text          0x00000000        0x0 .\CortexM0\ARM_GCC_541\Debug\Arm.a(Elbow_Up.o)
 .data          0x00000000        0x0 .\CortexM0\ARM_GCC_541\Debug\Arm.a(Elbow_Up.o)
 .bss           0x00000000        0x0 .\CortexM0\ARM_GCC_541\Debug\Arm.a(Elbow_Up.o)
 .text.Elbow_Up_SetDriveMode
                0x00000000       0x18 .\CortexM0\ARM_GCC_541\Debug\Arm.a(Elbow_Up.o)
 .text.Elbow_Up_Read
                0x00000000       0x10 .\CortexM0\ARM_GCC_541\Debug\Arm.a(Elbow_Up.o)
 .text.Elbow_Up_ReadDataReg
                0x00000000       0x10 .\CortexM0\ARM_GCC_541\Debug\Arm.a(Elbow_Up.o)
 .text.Elbow_Up_SetInterruptMode
                0x00000000       0x14 .\CortexM0\ARM_GCC_541\Debug\Arm.a(Elbow_Up.o)
 .text.Elbow_Up_ClearInterrupt
                0x00000000       0x14 .\CortexM0\ARM_GCC_541\Debug\Arm.a(Elbow_Up.o)
 .text          0x00000000        0x0 .\CortexM0\ARM_GCC_541\Debug\Arm.a(Elbow_Down.o)
 .data          0x00000000        0x0 .\CortexM0\ARM_GCC_541\Debug\Arm.a(Elbow_Down.o)
 .bss           0x00000000        0x0 .\CortexM0\ARM_GCC_541\Debug\Arm.a(Elbow_Down.o)
 .text.Elbow_Down_SetDriveMode
                0x00000000       0x18 .\CortexM0\ARM_GCC_541\Debug\Arm.a(Elbow_Down.o)
 .text.Elbow_Down_Read
                0x00000000       0x10 .\CortexM0\ARM_GCC_541\Debug\Arm.a(Elbow_Down.o)
 .text.Elbow_Down_ReadDataReg
                0x00000000       0x10 .\CortexM0\ARM_GCC_541\Debug\Arm.a(Elbow_Down.o)
 .text.Elbow_Down_SetInterruptMode
                0x00000000       0x14 .\CortexM0\ARM_GCC_541\Debug\Arm.a(Elbow_Down.o)
 .text.Elbow_Down_ClearInterrupt
                0x00000000       0x14 .\CortexM0\ARM_GCC_541\Debug\Arm.a(Elbow_Down.o)
 .text          0x00000000        0x0 .\CortexM0\ARM_GCC_541\Debug\Arm.a(Shoulder_Up.o)
 .data          0x00000000        0x0 .\CortexM0\ARM_GCC_541\Debug\Arm.a(Shoulder_Up.o)
 .bss           0x00000000        0x0 .\CortexM0\ARM_GCC_541\Debug\Arm.a(Shoulder_Up.o)
 .text.Shoulder_Up_SetDriveMode
                0x00000000       0x18 .\CortexM0\ARM_GCC_541\Debug\Arm.a(Shoulder_Up.o)
 .text.Shoulder_Up_Read
                0x00000000       0x10 .\CortexM0\ARM_GCC_541\Debug\Arm.a(Shoulder_Up.o)
 .text.Shoulder_Up_ReadDataReg
                0x00000000       0x10 .\CortexM0\ARM_GCC_541\Debug\Arm.a(Shoulder_Up.o)
 .text.Shoulder_Up_SetInterruptMode
                0x00000000       0x14 .\CortexM0\ARM_GCC_541\Debug\Arm.a(Shoulder_Up.o)
 .text.Shoulder_Up_ClearInterrupt
                0x00000000       0x14 .\CortexM0\ARM_GCC_541\Debug\Arm.a(Shoulder_Up.o)
 .text          0x00000000        0x0 .\CortexM0\ARM_GCC_541\Debug\Arm.a(Shoulder_Down.o)
 .data          0x00000000        0x0 .\CortexM0\ARM_GCC_541\Debug\Arm.a(Shoulder_Down.o)
 .bss           0x00000000        0x0 .\CortexM0\ARM_GCC_541\Debug\Arm.a(Shoulder_Down.o)
 .text.Shoulder_Down_SetDriveMode
                0x00000000       0x18 .\CortexM0\ARM_GCC_541\Debug\Arm.a(Shoulder_Down.o)
 .text.Shoulder_Down_Read
                0x00000000       0x10 .\CortexM0\ARM_GCC_541\Debug\Arm.a(Shoulder_Down.o)
 .text.Shoulder_Down_ReadDataReg
                0x00000000       0x10 .\CortexM0\ARM_GCC_541\Debug\Arm.a(Shoulder_Down.o)
 .text.Shoulder_Down_SetInterruptMode
                0x00000000       0x14 .\CortexM0\ARM_GCC_541\Debug\Arm.a(Shoulder_Down.o)
 .text.Shoulder_Down_ClearInterrupt
                0x00000000       0x14 .\CortexM0\ARM_GCC_541\Debug\Arm.a(Shoulder_Down.o)
 .text          0x00000000        0x0 .\CortexM0\ARM_GCC_541\Debug\Arm.a(Light_Switch.o)
 .data          0x00000000        0x0 .\CortexM0\ARM_GCC_541\Debug\Arm.a(Light_Switch.o)
 .bss           0x00000000        0x0 .\CortexM0\ARM_GCC_541\Debug\Arm.a(Light_Switch.o)
 .text.Light_Switch_SetDriveMode
                0x00000000       0x14 .\CortexM0\ARM_GCC_541\Debug\Arm.a(Light_Switch.o)
 .text.Light_Switch_ReadDataReg
                0x00000000       0x10 .\CortexM0\ARM_GCC_541\Debug\Arm.a(Light_Switch.o)
 .text.Light_Switch_SetInterruptMode
                0x00000000       0x14 .\CortexM0\ARM_GCC_541\Debug\Arm.a(Light_Switch.o)
 .text.Light_Switch_ClearInterrupt
                0x00000000       0x10 .\CortexM0\ARM_GCC_541\Debug\Arm.a(Light_Switch.o)
 .text          0x00000000        0x0 .\CortexM0\ARM_GCC_541\Debug\Arm.a(Base_Left.o)
 .data          0x00000000        0x0 .\CortexM0\ARM_GCC_541\Debug\Arm.a(Base_Left.o)
 .bss           0x00000000        0x0 .\CortexM0\ARM_GCC_541\Debug\Arm.a(Base_Left.o)
 .text.Base_Left_SetDriveMode
                0x00000000       0x18 .\CortexM0\ARM_GCC_541\Debug\Arm.a(Base_Left.o)
 .text.Base_Left_Read
                0x00000000       0x10 .\CortexM0\ARM_GCC_541\Debug\Arm.a(Base_Left.o)
 .text.Base_Left_ReadDataReg
                0x00000000       0x10 .\CortexM0\ARM_GCC_541\Debug\Arm.a(Base_Left.o)
 .text.Base_Left_SetInterruptMode
                0x00000000       0x14 .\CortexM0\ARM_GCC_541\Debug\Arm.a(Base_Left.o)
 .text.Base_Left_ClearInterrupt
                0x00000000       0x14 .\CortexM0\ARM_GCC_541\Debug\Arm.a(Base_Left.o)
 .text          0x00000000        0x0 .\CortexM0\ARM_GCC_541\Debug\Arm.a(Base_Right.o)
 .data          0x00000000        0x0 .\CortexM0\ARM_GCC_541\Debug\Arm.a(Base_Right.o)
 .bss           0x00000000        0x0 .\CortexM0\ARM_GCC_541\Debug\Arm.a(Base_Right.o)
 .text.Base_Right_SetDriveMode
                0x00000000       0x18 .\CortexM0\ARM_GCC_541\Debug\Arm.a(Base_Right.o)
 .text.Base_Right_Read
                0x00000000       0x10 .\CortexM0\ARM_GCC_541\Debug\Arm.a(Base_Right.o)
 .text.Base_Right_ReadDataReg
                0x00000000       0x10 .\CortexM0\ARM_GCC_541\Debug\Arm.a(Base_Right.o)
 .text.Base_Right_SetInterruptMode
                0x00000000       0x14 .\CortexM0\ARM_GCC_541\Debug\Arm.a(Base_Right.o)
 .text.Base_Right_ClearInterrupt
                0x00000000       0x14 .\CortexM0\ARM_GCC_541\Debug\Arm.a(Base_Right.o)
 .data          0x00000000        0x0 .\CortexM0\ARM_GCC_541\Debug\Arm.a(CyBootAsmGnu.o)
 .bss           0x00000000        0x0 .\CortexM0\ARM_GCC_541\Debug\Arm.a(CyBootAsmGnu.o)
 .text          0x00000000      0x114 c:/program files (x86)/cypress/psoc creator/4.4/psoc creator/import/gnu/arm/5.4.1/bin/../lib/gcc/arm-none-eabi/5.4.1/armv6-m\libgcc.a(_udivsi3.o)
 .data          0x00000000        0x0 c:/program files (x86)/cypress/psoc creator/4.4/psoc creator/import/gnu/arm/5.4.1/bin/../lib/gcc/arm-none-eabi/5.4.1/armv6-m\libgcc.a(_udivsi3.o)
 .bss           0x00000000        0x0 c:/program files (x86)/cypress/psoc creator/4.4/psoc creator/import/gnu/arm/5.4.1/bin/../lib/gcc/arm-none-eabi/5.4.1/armv6-m\libgcc.a(_udivsi3.o)
 .text          0x00000000      0x1d4 c:/program files (x86)/cypress/psoc creator/4.4/psoc creator/import/gnu/arm/5.4.1/bin/../lib/gcc/arm-none-eabi/5.4.1/armv6-m\libgcc.a(_divsi3.o)
 .data          0x00000000        0x0 c:/program files (x86)/cypress/psoc creator/4.4/psoc creator/import/gnu/arm/5.4.1/bin/../lib/gcc/arm-none-eabi/5.4.1/armv6-m\libgcc.a(_divsi3.o)
 .bss           0x00000000        0x0 c:/program files (x86)/cypress/psoc creator/4.4/psoc creator/import/gnu/arm/5.4.1/bin/../lib/gcc/arm-none-eabi/5.4.1/armv6-m\libgcc.a(_divsi3.o)
 .text          0x00000000        0x4 c:/program files (x86)/cypress/psoc creator/4.4/psoc creator/import/gnu/arm/5.4.1/bin/../lib/gcc/arm-none-eabi/5.4.1/armv6-m\libgcc.a(_dvmd_tls.o)
 .data          0x00000000        0x0 c:/program files (x86)/cypress/psoc creator/4.4/psoc creator/import/gnu/arm/5.4.1/bin/../lib/gcc/arm-none-eabi/5.4.1/armv6-m\libgcc.a(_dvmd_tls.o)
 .bss           0x00000000        0x0 c:/program files (x86)/cypress/psoc creator/4.4/psoc creator/import/gnu/arm/5.4.1/bin/../lib/gcc/arm-none-eabi/5.4.1/armv6-m\libgcc.a(_dvmd_tls.o)
 .text          0x00000000        0x0 c:/program files (x86)/cypress/psoc creator/4.4/psoc creator/import/gnu/arm/5.4.1/bin/../lib/gcc/arm-none-eabi/5.4.1/../../../../arm-none-eabi/lib/armv6-m\libg_nano.a(lib_a-errno.o)
 .data          0x00000000        0x0 c:/program files (x86)/cypress/psoc creator/4.4/psoc creator/import/gnu/arm/5.4.1/bin/../lib/gcc/arm-none-eabi/5.4.1/../../../../arm-none-eabi/lib/armv6-m\libg_nano.a(lib_a-errno.o)
 .bss           0x00000000        0x0 c:/program files (x86)/cypress/psoc creator/4.4/psoc creator/import/gnu/arm/5.4.1/bin/../lib/gcc/arm-none-eabi/5.4.1/../../../../arm-none-eabi/lib/armv6-m\libg_nano.a(lib_a-errno.o)
 .text          0x00000000        0x0 c:/program files (x86)/cypress/psoc creator/4.4/psoc creator/import/gnu/arm/5.4.1/bin/../lib/gcc/arm-none-eabi/5.4.1/../../../../arm-none-eabi/lib/armv6-m\libg_nano.a(lib_a-exit.o)
 .data          0x00000000        0x0 c:/program files (x86)/cypress/psoc creator/4.4/psoc creator/import/gnu/arm/5.4.1/bin/../lib/gcc/arm-none-eabi/5.4.1/../../../../arm-none-eabi/lib/armv6-m\libg_nano.a(lib_a-exit.o)
 .bss           0x00000000        0x0 c:/program files (x86)/cypress/psoc creator/4.4/psoc creator/import/gnu/arm/5.4.1/bin/../lib/gcc/arm-none-eabi/5.4.1/../../../../arm-none-eabi/lib/armv6-m\libg_nano.a(lib_a-exit.o)
 .text.exit     0x00000000       0x2c c:/program files (x86)/cypress/psoc creator/4.4/psoc creator/import/gnu/arm/5.4.1/bin/../lib/gcc/arm-none-eabi/5.4.1/../../../../arm-none-eabi/lib/armv6-m\libg_nano.a(lib_a-exit.o)
 .text          0x00000000        0x0 c:/program files (x86)/cypress/psoc creator/4.4/psoc creator/import/gnu/arm/5.4.1/bin/../lib/gcc/arm-none-eabi/5.4.1/../../../../arm-none-eabi/lib/armv6-m\libg_nano.a(lib_a-impure.o)
 .data          0x00000000        0x0 c:/program files (x86)/cypress/psoc creator/4.4/psoc creator/import/gnu/arm/5.4.1/bin/../lib/gcc/arm-none-eabi/5.4.1/../../../../arm-none-eabi/lib/armv6-m\libg_nano.a(lib_a-impure.o)
 .bss           0x00000000        0x0 c:/program files (x86)/cypress/psoc creator/4.4/psoc creator/import/gnu/arm/5.4.1/bin/../lib/gcc/arm-none-eabi/5.4.1/../../../../arm-none-eabi/lib/armv6-m\libg_nano.a(lib_a-impure.o)
 .rodata._global_impure_ptr
                0x00000000        0x4 c:/program files (x86)/cypress/psoc creator/4.4/psoc creator/import/gnu/arm/5.4.1/bin/../lib/gcc/arm-none-eabi/5.4.1/../../../../arm-none-eabi/lib/armv6-m\libg_nano.a(lib_a-impure.o)
 .text          0x00000000        0x0 c:/program files (x86)/cypress/psoc creator/4.4/psoc creator/import/gnu/arm/5.4.1/bin/../lib/gcc/arm-none-eabi/5.4.1/../../../../arm-none-eabi/lib/armv6-m\libg_nano.a(lib_a-init.o)
 .data          0x00000000        0x0 c:/program files (x86)/cypress/psoc creator/4.4/psoc creator/import/gnu/arm/5.4.1/bin/../lib/gcc/arm-none-eabi/5.4.1/../../../../arm-none-eabi/lib/armv6-m\libg_nano.a(lib_a-init.o)
 .bss           0x00000000        0x0 c:/program files (x86)/cypress/psoc creator/4.4/psoc creator/import/gnu/arm/5.4.1/bin/../lib/gcc/arm-none-eabi/5.4.1/../../../../arm-none-eabi/lib/armv6-m\libg_nano.a(lib_a-init.o)
 .text          0x00000000        0x0 c:/program files (x86)/cypress/psoc creator/4.4/psoc creator/import/gnu/arm/5.4.1/bin/../lib/gcc/arm-none-eabi/5.4.1/../../../../arm-none-eabi/lib/armv6-m\libg_nano.a(lib_a-memset.o)
 .data          0x00000000        0x0 c:/program files (x86)/cypress/psoc creator/4.4/psoc creator/import/gnu/arm/5.4.1/bin/../lib/gcc/arm-none-eabi/5.4.1/../../../../arm-none-eabi/lib/armv6-m\libg_nano.a(lib_a-memset.o)
 .bss           0x00000000        0x0 c:/program files (x86)/cypress/psoc creator/4.4/psoc creator/import/gnu/arm/5.4.1/bin/../lib/gcc/arm-none-eabi/5.4.1/../../../../arm-none-eabi/lib/armv6-m\libg_nano.a(lib_a-memset.o)
 .text          0x00000000        0x0 c:/program files (x86)/cypress/psoc creator/4.4/psoc creator/import/gnu/arm/5.4.1/bin/../lib/gcc/arm-none-eabi/5.4.1/armv6-m/crtend.o
 .data          0x00000000        0x0 c:/program files (x86)/cypress/psoc creator/4.4/psoc creator/import/gnu/arm/5.4.1/bin/../lib/gcc/arm-none-eabi/5.4.1/armv6-m/crtend.o
 .bss           0x00000000        0x0 c:/program files (x86)/cypress/psoc creator/4.4/psoc creator/import/gnu/arm/5.4.1/bin/../lib/gcc/arm-none-eabi/5.4.1/armv6-m/crtend.o
 .text          0x00000000        0x0 c:/program files (x86)/cypress/psoc creator/4.4/psoc creator/import/gnu/arm/5.4.1/bin/../lib/gcc/arm-none-eabi/5.4.1/armv6-m/crtn.o
 .data          0x00000000        0x0 c:/program files (x86)/cypress/psoc creator/4.4/psoc creator/import/gnu/arm/5.4.1/bin/../lib/gcc/arm-none-eabi/5.4.1/armv6-m/crtn.o
 .bss           0x00000000        0x0 c:/program files (x86)/cypress/psoc creator/4.4/psoc creator/import/gnu/arm/5.4.1/bin/../lib/gcc/arm-none-eabi/5.4.1/armv6-m/crtn.o

Memory Configuration

Name             Origin             Length             Attributes
rom              0x00000000         0x00040000         xr
ram              0x20000000         0x00008000         xrw
*default*        0x00000000         0xffffffff

Linker script and memory map

LOAD c:/program files (x86)/cypress/psoc creator/4.4/psoc creator/import/gnu/arm/5.4.1/bin/../lib/gcc/arm-none-eabi/5.4.1/armv6-m/crti.o
LOAD c:/program files (x86)/cypress/psoc creator/4.4/psoc creator/import/gnu/arm/5.4.1/bin/../lib/gcc/arm-none-eabi/5.4.1/armv6-m/crtbegin.o
LOAD c:/program files (x86)/cypress/psoc creator/4.4/psoc creator/import/gnu/arm/5.4.1/bin/../lib/gcc/arm-none-eabi/5.4.1/../../../../arm-none-eabi/lib/armv6-m/crt0.o
START GROUP
LOAD .\CortexM0\ARM_GCC_541\Debug\main.o
LOAD .\CortexM0\ARM_GCC_541\Debug\cyfitter_cfg.o
LOAD .\CortexM0\ARM_GCC_541\Debug\cymetadata.o
LOAD .\CortexM0\ARM_GCC_541\Debug\Cm0Start.o
LOAD .\CortexM0\ARM_GCC_541\Debug\Arm.a
END GROUP
START GROUP
LOAD c:/program files (x86)/cypress/psoc creator/4.4/psoc creator/import/gnu/arm/5.4.1/bin/../lib/gcc/arm-none-eabi/5.4.1/armv6-m\libgcc.a
LOAD c:/program files (x86)/cypress/psoc creator/4.4/psoc creator/import/gnu/arm/5.4.1/bin/../lib/gcc/arm-none-eabi/5.4.1/../../../../arm-none-eabi/lib/armv6-m\libg_nano.a
LOAD c:/program files (x86)/cypress/psoc creator/4.4/psoc creator/import/gnu/arm/5.4.1/bin/../lib/gcc/arm-none-eabi/5.4.1/../../../../arm-none-eabi/lib/armv6-m\libc_nano.a
END GROUP
START GROUP
LOAD c:/program files (x86)/cypress/psoc creator/4.4/psoc creator/import/gnu/arm/5.4.1/bin/../lib/gcc/arm-none-eabi/5.4.1/armv6-m\libgcc.a
LOAD c:/program files (x86)/cypress/psoc creator/4.4/psoc creator/import/gnu/arm/5.4.1/bin/../lib/gcc/arm-none-eabi/5.4.1/../../../../arm-none-eabi/lib/armv6-m\libc_nano.a
END GROUP
LOAD c:/program files (x86)/cypress/psoc creator/4.4/psoc creator/import/gnu/arm/5.4.1/bin/../lib/gcc/arm-none-eabi/5.4.1/armv6-m/crtend.o
LOAD c:/program files (x86)/cypress/psoc creator/4.4/psoc creator/import/gnu/arm/5.4.1/bin/../lib/gcc/arm-none-eabi/5.4.1/armv6-m/crtn.o
START GROUP
LOAD c:/program files (x86)/cypress/psoc creator/4.4/psoc creator/import/gnu/arm/5.4.1/bin/../lib/gcc/arm-none-eabi/5.4.1/armv6-m\libgcc.a
LOAD c:/program files (x86)/cypress/psoc creator/4.4/psoc creator/import/gnu/arm/5.4.1/bin/../lib/gcc/arm-none-eabi/5.4.1/../../../../arm-none-eabi/lib/armv6-m\libc.a
LOAD c:/program files (x86)/cypress/psoc creator/4.4/psoc creator/import/gnu/arm/5.4.1/bin/../lib/gcc/arm-none-eabi/5.4.1/../../../../arm-none-eabi/lib/armv6-m\libnosys.a
END GROUP
                0x00000000                CY_APPL_ORIGIN = 0x0
                0x00000100                CY_FLASH_ROW_SIZE = 0x100
                0x00000001                CY_APPL_NUM = 0x1
                0x00000001                CY_APPL_MAX = 0x1
                0x00000040                CY_METADATA_SIZE = 0x40
                0x00000000                CY_APPL_LOADABLE = 0x0
                0x00000000                CY_CHECKSUM_EXCLUDE_SIZE = ALIGN (0x0, CY_FLASH_ROW_SIZE)
                0x00000000                CY_APP_FOR_STACK_AND_COPIER = 0x0
                [!provide]                PROVIDE (__cy_heap_start, _end)
                0x00000001                PROVIDE (__cy_region_num, ((__cy_regions_end - __cy_regions) / 0x10))
                0x20008000                PROVIDE (__cy_stack, (ORIGIN (ram) + LENGTH (ram)))
                [!provide]                PROVIDE (__cy_heap_end, (__cy_stack - 0x800))

.cybootloader   0x00000000        0x0
 *(.cybootloader)
                0x00000000                appl1_start = CY_APPL_ORIGIN?CY_APPL_ORIGIN:ALIGN (CY_FLASH_ROW_SIZE)
                0x0001ff00                appl2_start = (appl1_start + ALIGN ((((LENGTH (rom) - appl1_start) - (0x2 * CY_FLASH_ROW_SIZE)) / 0x2), CY_FLASH_ROW_SIZE))
                0x00000000                appl_start = (CY_APPL_NUM == 0x1)?appl1_start:appl2_start
                0x00000001                cy_project_type_bootloader = (appl_start == 0x0)?0x1:0x0
                0x00000000                cy_project_type_app_for_stack_and_copier = (CY_APP_FOR_STACK_AND_COPIER == 0x1)?0x1:0x0

.text           0x00000000      0xc38
 CREATE_OBJECT_SYMBOLS
                0x00000000                PROVIDE (__cy_interrupt_vector, RomVectors)
 *(.romvectors)
 .romvectors    0x00000000       0x10 .\CortexM0\ARM_GCC_541\Debug\Cm0Start.o
                0x00000000                RomVectors
                0x00000001                ASSERT ((. != __cy_interrupt_vector), No interrupt vector)
                0x00000001                ASSERT (CY_APPL_ORIGIN?(SIZEOF (.cybootloader) <= CY_APPL_ORIGIN):0x1, Wrong image location)
                0x00000010                PROVIDE (__cy_reset, Reset)
 *(.text.Reset)
 .text.Reset    0x00000010        0x8 .\CortexM0\ARM_GCC_541\Debug\Cm0Start.o
                0x00000010                Reset
                0x00000001                ASSERT ((. != __cy_reset), No reset code)
 *(.psocinit)
 .psocinit      0x00000018      0x1ac .\CortexM0\ARM_GCC_541\Debug\cyfitter_cfg.o
                0x000000f0                cyfitter_cfg
                0x000001c4                . = MAX (., 0x100)
 *(.text .text.* .gnu.linkonce.t.*)
 .text          0x000001c4       0x60 c:/program files (x86)/cypress/psoc creator/4.4/psoc creator/import/gnu/arm/5.4.1/bin/../lib/gcc/arm-none-eabi/5.4.1/armv6-m/crtbegin.o
 .text.nullify  0x00000224       0x40 .\CortexM0\ARM_GCC_541\Debug\main.o
                0x00000224                nullify
 .text.activateMotor
                0x00000264       0x84 .\CortexM0\ARM_GCC_541\Debug\main.o
                0x00000264                activateMotor
 .text.main     0x000002e8       0xf0 .\CortexM0\ARM_GCC_541\Debug\main.o
                0x000002e8                main
 .text.AnalogSetDefault
                0x000003d8       0x20 .\CortexM0\ARM_GCC_541\Debug\cyfitter_cfg.o
 .text.CYMEMZERO
                0x000003f8        0xc .\CortexM0\ARM_GCC_541\Debug\cyfitter_cfg.o
 .text.IntDefaultHandler
                0x00000404       0x10 .\CortexM0\ARM_GCC_541\Debug\Cm0Start.o
                0x00000404                IntDefaultHandler
 .text.Start_c  0x00000414       0x48 .\CortexM0\ARM_GCC_541\Debug\Cm0Start.o
                0x00000414                Start_c
 .text.initialize_psoc
                0x0000045c       0x4c .\CortexM0\ARM_GCC_541\Debug\Cm0Start.o
                0x0000045c                initialize_psoc
 .text.CySysClkEcoReadStatus
                0x000004a8       0x10 .\CortexM0\ARM_GCC_541\Debug\Arm.a(CyLib.o)
                0x000004a8                CySysClkEcoReadStatus
 .text.CyIntEnable
                0x000004b8       0x14 .\CortexM0\ARM_GCC_541\Debug\Arm.a(CyLib.o)
                0x000004b8                CyIntEnable
 .text.CyHalt   0x000004cc        0x4 .\CortexM0\ARM_GCC_541\Debug\Arm.a(CyLib.o)
                0x000004cc                CyHalt
 .text.CyIntSetVector
                0x000004d0       0x24 .\CortexM0\ARM_GCC_541\Debug\Arm.a(CyLib.o)
                0x000004d0                CyIntSetVector
 .text.CyDelay  0x000004f4       0x30 .\CortexM0\ARM_GCC_541\Debug\Arm.a(CyLib.o)
                0x000004f4                CyDelay
 .text.CyDelayUs
                0x00000524       0x14 .\CortexM0\ARM_GCC_541\Debug\Arm.a(CyLib.o)
                0x00000524                CyDelayUs
 .text.CySysClkWriteImoFreq
                0x00000538      0x164 .\CortexM0\ARM_GCC_541\Debug\Arm.a(CyLib.o)
                0x00000538                CySysClkWriteImoFreq
 .text.CySysClkEcoStart
                0x0000069c       0x54 .\CortexM0\ARM_GCC_541\Debug\Arm.a(CyLib.o)
                0x0000069c                CySysClkEcoStart
 .text.CySysWdtLocked
                0x000006f0       0x14 .\CortexM0\ARM_GCC_541\Debug\Arm.a(CyLFClk.o)
 .text.CySysClkWcoStart
                0x00000704       0x40 .\CortexM0\ARM_GCC_541\Debug\Arm.a(CyLFClk.o)
                0x00000704                CySysClkWcoStart
 .text.CySysClkWcoSetPowerMode
                0x00000744       0x80 .\CortexM0\ARM_GCC_541\Debug\Arm.a(CyLFClk.o)
                0x00000744                CySysClkWcoSetPowerMode
 .text.CySysWdtLock
                0x000007c4       0x1c .\CortexM0\ARM_GCC_541\Debug\Arm.a(CyLFClk.o)
                0x000007c4                CySysWdtLock
 .text.CySysWdtUnlock
                0x000007e0       0x30 .\CortexM0\ARM_GCC_541\Debug\Arm.a(CyLFClk.o)
                0x000007e0                CySysWdtUnlock
 .text.CySysWdtClearInterrupt
                0x00000810       0x4c .\CortexM0\ARM_GCC_541\Debug\Arm.a(CyLFClk.o)
                0x00000810                CySysWdtClearInterrupt
 .text.CySysWdtIsr
                0x0000085c       0xa4 .\CortexM0\ARM_GCC_541\Debug\Arm.a(CyLFClk.o)
                0x0000085c                CySysWdtIsr
 .text.UART_ScbModePostEnable
                0x00000900        0x8 .\CortexM0\ARM_GCC_541\Debug\Arm.a(UART.o)
 .text.UART_Init
                0x00000908        0x8 .\CortexM0\ARM_GCC_541\Debug\Arm.a(UART.o)
                0x00000908                UART_Init
 .text.UART_Enable
                0x00000910       0x18 .\CortexM0\ARM_GCC_541\Debug\Arm.a(UART.o)
                0x00000910                UART_Enable
 .text.UART_Start
                0x00000928       0x20 .\CortexM0\ARM_GCC_541\Debug\Arm.a(UART.o)
                0x00000928                UART_Start
 .text.UART_SpiUartReadRxData
                0x00000948        0xc .\CortexM0\ARM_GCC_541\Debug\Arm.a(UART_SPI_UART.o)
                0x00000948                UART_SpiUartReadRxData
 .text.UART_SpiUartGetRxBufferSize
                0x00000954       0x10 .\CortexM0\ARM_GCC_541\Debug\Arm.a(UART_SPI_UART.o)
                0x00000954                UART_SpiUartGetRxBufferSize
 .text.UART_SpiUartWriteTxData
                0x00000964       0x1c .\CortexM0\ARM_GCC_541\Debug\Arm.a(UART_SPI_UART.o)
                0x00000964                UART_SpiUartWriteTxData
 .text.UART_UartInit
                0x00000980       0xa8 .\CortexM0\ARM_GCC_541\Debug\Arm.a(UART_UART.o)
                0x00000980                UART_UartInit
 .text.UART_UartPostEnable
                0x00000a28       0x2c .\CortexM0\ARM_GCC_541\Debug\Arm.a(UART_UART.o)
                0x00000a28                UART_UartPostEnable
 .text.UART_UartGetChar
                0x00000a54       0x2c .\CortexM0\ARM_GCC_541\Debug\Arm.a(UART_UART.o)
                0x00000a54                UART_UartGetChar
 .text.UART_UartPutString
                0x00000a80       0x18 .\CortexM0\ARM_GCC_541\Debug\Arm.a(UART_UART.o)
                0x00000a80                UART_UartPutString
 .text.Gripper_In_Write
                0x00000a98       0x18 .\CortexM0\ARM_GCC_541\Debug\Arm.a(Gripper_In.o)
                0x00000a98                Gripper_In_Write
 .text.Gripper_Out_Write
                0x00000ab0       0x18 .\CortexM0\ARM_GCC_541\Debug\Arm.a(Gripper_Out.o)
                0x00000ab0                Gripper_Out_Write
 .text.Wrist_Up_Write
                0x00000ac8       0x18 .\CortexM0\ARM_GCC_541\Debug\Arm.a(Wrist_Up.o)
                0x00000ac8                Wrist_Up_Write
 .text.Wrist_Down_Write
                0x00000ae0       0x18 .\CortexM0\ARM_GCC_541\Debug\Arm.a(Wrist_Down.o)
                0x00000ae0                Wrist_Down_Write
 .text.Elbow_Up_Write
                0x00000af8       0x18 .\CortexM0\ARM_GCC_541\Debug\Arm.a(Elbow_Up.o)
                0x00000af8                Elbow_Up_Write
 .text.Elbow_Down_Write
                0x00000b10       0x18 .\CortexM0\ARM_GCC_541\Debug\Arm.a(Elbow_Down.o)
                0x00000b10                Elbow_Down_Write
 .text.Shoulder_Up_Write
                0x00000b28       0x18 .\CortexM0\ARM_GCC_541\Debug\Arm.a(Shoulder_Up.o)
                0x00000b28                Shoulder_Up_Write
 .text.Shoulder_Down_Write
                0x00000b40       0x18 .\CortexM0\ARM_GCC_541\Debug\Arm.a(Shoulder_Down.o)
                0x00000b40                Shoulder_Down_Write
 .text.Light_Switch_Write
                0x00000b58       0x18 .\CortexM0\ARM_GCC_541\Debug\Arm.a(Light_Switch.o)
                0x00000b58                Light_Switch_Write
 .text.Light_Switch_Read
                0x00000b70       0x10 .\CortexM0\ARM_GCC_541\Debug\Arm.a(Light_Switch.o)
                0x00000b70                Light_Switch_Read
 .text.Base_Left_Write
                0x00000b80       0x18 .\CortexM0\ARM_GCC_541\Debug\Arm.a(Base_Left.o)
                0x00000b80                Base_Left_Write
 .text.Base_Right_Write
                0x00000b98       0x18 .\CortexM0\ARM_GCC_541\Debug\Arm.a(Base_Right.o)
                0x00000b98                Base_Right_Write
 .text          0x00000bb0       0x20 .\CortexM0\ARM_GCC_541\Debug\Arm.a(CyBootAsmGnu.o)
                0x00000bb0                CyDelayCycles
                0x00000bc2                CyEnterCriticalSection
                0x00000bca                CyExitCriticalSection
 .text.__errno  0x00000bd0        0xc c:/program files (x86)/cypress/psoc creator/4.4/psoc creator/import/gnu/arm/5.4.1/bin/../lib/gcc/arm-none-eabi/5.4.1/../../../../arm-none-eabi/lib/armv6-m\libg_nano.a(lib_a-errno.o)
                0x00000bd0                __errno
 .text.__libc_init_array
                0x00000bdc       0x4c c:/program files (x86)/cypress/psoc creator/4.4/psoc creator/import/gnu/arm/5.4.1/bin/../lib/gcc/arm-none-eabi/5.4.1/../../../../arm-none-eabi/lib/armv6-m\libg_nano.a(lib_a-init.o)
                0x00000bdc                __libc_init_array
 .text.memset   0x00000c28       0x10 c:/program files (x86)/cypress/psoc creator/4.4/psoc creator/import/gnu/arm/5.4.1/bin/../lib/gcc/arm-none-eabi/5.4.1/../../../../arm-none-eabi/lib/armv6-m\libg_nano.a(lib_a-memset.o)
                0x00000c28                memset
 *(.plt)
 *(.gnu.warning)
 *(.glue_7t)
 .glue_7t       0x00000c38        0x0 linker stubs
 *(.glue_7)
 .glue_7        0x00000c38        0x0 linker stubs
 *(.vfp11_veneer)
 .vfp11_veneer  0x00000c38        0x0 linker stubs
 *(.bootloader)
 *(.ARM.extab* .gnu.linkonce.armextab.*)
 *(.gcc_except_table)

.v4_bx          0x00000c38        0x0
 .v4_bx         0x00000c38        0x0 linker stubs

.iplt           0x00000c38        0x0
 .iplt          0x00000c38        0x0 c:/program files (x86)/cypress/psoc creator/4.4/psoc creator/import/gnu/arm/5.4.1/bin/../lib/gcc/arm-none-eabi/5.4.1/armv6-m/crtbegin.o

.eh_frame_hdr
 *(.eh_frame_hdr)

.eh_frame       0x00000c38        0x4
 *(.eh_frame)
 .eh_frame      0x00000c38        0x0 c:/program files (x86)/cypress/psoc creator/4.4/psoc creator/import/gnu/arm/5.4.1/bin/../lib/gcc/arm-none-eabi/5.4.1/armv6-m/crtbegin.o
 .eh_frame      0x00000c38        0x4 c:/program files (x86)/cypress/psoc creator/4.4/psoc creator/import/gnu/arm/5.4.1/bin/../lib/gcc/arm-none-eabi/5.4.1/armv6-m/crtend.o
                [!provide]                PROVIDE (__exidx_start, .)

.ARM.exidx
 *(.ARM.exidx* .gnu.linkonce.armexidx.*)
                0x00000c3c                __exidx_end = .

.rodata         0x00000c3c      0x174
 *(.rodata .rodata.* .gnu.linkonce.r.*)
 .rodata        0x00000c3c       0xf4 .\CortexM0\ARM_GCC_541\Debug\main.o
 .rodata.str1.4
                0x00000d30       0x10 .\CortexM0\ARM_GCC_541\Debug\main.o
                                  0xd (size before relaxing)
 .rodata        0x00000d40        0xc .\CortexM0\ARM_GCC_541\Debug\cyfitter_cfg.o
 .rodata        0x00000d4c       0x2e .\CortexM0\ARM_GCC_541\Debug\Arm.a(CyLib.o)
                0x00000d4c                cyImoFreqMhz2Reg
 .rodata.str1.1
                0x00000d7a        0x2 c:/program files (x86)/cypress/psoc creator/4.4/psoc creator/import/gnu/arm/5.4.1/bin/../lib/gcc/arm-none-eabi/5.4.1/../../../../arm-none-eabi/lib/armv6-m\libg_nano.a(lib_a-impure.o)
                0x00000d7c                . = ALIGN (0x4)
 *(.init)
 .init          0x00000d7c        0x4 c:/program files (x86)/cypress/psoc creator/4.4/psoc creator/import/gnu/arm/5.4.1/bin/../lib/gcc/arm-none-eabi/5.4.1/armv6-m/crti.o
                0x00000d7c                _init
 .init          0x00000d80        0x8 c:/program files (x86)/cypress/psoc creator/4.4/psoc creator/import/gnu/arm/5.4.1/bin/../lib/gcc/arm-none-eabi/5.4.1/armv6-m/crtn.o
                0x00000d88                . = ALIGN (0x4)
                0x00000d88                __preinit_array_start = .
 *(.preinit_array)
                0x00000d88                __preinit_array_end = .
                0x00000d88                . = ALIGN (0x4)
                0x00000d88                __init_array_start = .
 *(SORT(.init_array.*))
 *(.init_array)
 .init_array    0x00000d88        0x4 c:/program files (x86)/cypress/psoc creator/4.4/psoc creator/import/gnu/arm/5.4.1/bin/../lib/gcc/arm-none-eabi/5.4.1/armv6-m/crtbegin.o
 .init_array    0x00000d8c        0x4 .\CortexM0\ARM_GCC_541\Debug\Cm0Start.o
                0x00000d90                __init_array_end = .
                0x00000d90                . = ALIGN (0x4)
 *(.fini)
 .fini          0x00000d90        0x4 c:/program files (x86)/cypress/psoc creator/4.4/psoc creator/import/gnu/arm/5.4.1/bin/../lib/gcc/arm-none-eabi/5.4.1/armv6-m/crti.o
                0x00000d90                _fini
 .fini          0x00000d94        0x8 c:/program files (x86)/cypress/psoc creator/4.4/psoc creator/import/gnu/arm/5.4.1/bin/../lib/gcc/arm-none-eabi/5.4.1/armv6-m/crtn.o
                0x00000d9c                . = ALIGN (0x4)
                0x00000d9c                __fini_array_start = .
 *(.fini_array)
 .fini_array    0x00000d9c        0x4 c:/program files (x86)/cypress/psoc creator/4.4/psoc creator/import/gnu/arm/5.4.1/bin/../lib/gcc/arm-none-eabi/5.4.1/armv6-m/crtbegin.o
 *(SORT(.fini_array.*))
                0x00000da0                __fini_array_end = .
                0x00000da0                . = ALIGN (0x4)
 *crtbegin.o(.ctors)
 *(EXCLUDE_FILE(*crtend.o) .ctors)
 *(SORT(.ctors.*))
 *crtend.o(.ctors)
                0x00000da0                . = ALIGN (0x4)
 *crtbegin.o(.dtors)
 *(EXCLUDE_FILE(*crtend.o) .dtors)
 *(SORT(.dtors.*))
 *crtend.o(.dtors)
                0x00000da0                . = ALIGN (0x4)
                0x00000da0                __cy_regions = .
                0x00000da0        0x4 LONG 0xdb0 __cy_region_init_ram
                0x00000da4        0x4 LONG 0x200000c0 __cy_region_start_data
                0x00000da8        0x4 LONG 0x88 __cy_region_init_size_ram
                0x00000dac        0x4 LONG 0x48 __cy_region_zero_size_ram
                0x00000db0                __cy_regions_end = .
                0x00000db0                . = ALIGN (0x8)
                0x00000db0                _etext = .

.cy_checksum_exclude
                0x00000db0        0x0
 *(.cy_checksum_exclude)

.ramvectors     0x20000000       0xc0
                0x20000000                __cy_region_start_ram = .
 *(.ramvectors)
 .ramvectors    0x20000000       0xc0 .\CortexM0\ARM_GCC_541\Debug\Cm0Start.o
                0x20000000                CyRamVectors

.noinit
 *(.noinit)

.data           0x200000c0       0x88 load address 0x00000db0
                0x200000c0                __cy_region_start_data = .
 *(.jcr)
 .jcr           0x200000c0        0x0 c:/program files (x86)/cypress/psoc creator/4.4/psoc creator/import/gnu/arm/5.4.1/bin/../lib/gcc/arm-none-eabi/5.4.1/armv6-m/crtbegin.o
 .jcr           0x200000c0        0x4 c:/program files (x86)/cypress/psoc creator/4.4/psoc creator/import/gnu/arm/5.4.1/bin/../lib/gcc/arm-none-eabi/5.4.1/armv6-m/crtend.o
 *(.got.plt)
 *(.got)
 *(.shdata)
 *(.data .data.* .gnu.linkonce.d.*)
 .data          0x200000c4       0x14 .\CortexM0\ARM_GCC_541\Debug\Arm.a(CyLib.o)
                0x200000c4                CySysClkPumpConfig
                0x200000c8                cydelay32kMs
                0x200000cc                cydelayFreqKhz
                0x200000d0                cydelayFreqMhz
                0x200000d4                cydelayFreqHz
 .data          0x200000d8        0x8 .\CortexM0\ARM_GCC_541\Debug\Arm.a(CyLFClk.o)
 .data.impure_data
                0x200000e0       0x60 c:/program files (x86)/cypress/psoc creator/4.4/psoc creator/import/gnu/arm/5.4.1/bin/../lib/gcc/arm-none-eabi/5.4.1/../../../../arm-none-eabi/lib/armv6-m\libg_nano.a(lib_a-impure.o)
 .data._impure_ptr
                0x20000140        0x4 c:/program files (x86)/cypress/psoc creator/4.4/psoc creator/import/gnu/arm/5.4.1/bin/../lib/gcc/arm-none-eabi/5.4.1/../../../../arm-none-eabi/lib/armv6-m\libg_nano.a(lib_a-impure.o)
                0x20000140                _impure_ptr
                0x20000148                . = ALIGN (0x8)
 *fill*         0x20000144        0x4 
 *(.ram)
                0x20000148                _edata = .

.igot.plt       0x20000148        0x0 load address 0x00000e38
 .igot.plt      0x20000148        0x0 c:/program files (x86)/cypress/psoc creator/4.4/psoc creator/import/gnu/arm/5.4.1/bin/../lib/gcc/arm-none-eabi/5.4.1/armv6-m/crtbegin.o

.bss            0x20000148       0x48 load address 0x00000e38
                0x20000148                PROVIDE (__bss_start__, .)
 *(.shbss)
 *(.bss .bss.* .gnu.linkonce.b.*)
 .bss           0x20000148       0x1c c:/program files (x86)/cypress/psoc creator/4.4/psoc creator/import/gnu/arm/5.4.1/bin/../lib/gcc/arm-none-eabi/5.4.1/armv6-m/crtbegin.o
 .bss           0x20000164       0x28 .\CortexM0\ARM_GCC_541\Debug\Arm.a(CyLFClk.o)
 .bss           0x2000018c        0x4 .\CortexM0\ARM_GCC_541\Debug\Arm.a(UART.o)
                0x2000018c                UART_initVar
                0x2000018e                UART_IntrTxMask
 *(COMMON)
                0x20000190                . = ALIGN (0x8)
 *(.ram.b)
                0x20000190                _end = .
                0x20000190                __end = .
                0x20000190                PROVIDE (end, .)
                0x20000190                PROVIDE (__bss_end__, .)
                0x00000db0                __cy_region_init_ram = LOADADDR (.data)
                0x00000088                __cy_region_init_size_ram = (_edata - ADDR (.data))
                0x00000048                __cy_region_zero_size_ram = (_end - _edata)

.heap           0x20000190       0x80 load address 0x00000e38
                0x20000190                . = _end
                0x20000210                . = (. + 0x80)
 *fill*         0x20000190       0x80 
                0x20000210                __cy_heap_limit = .

.stack          0x20007800      0x800
                0x20007800                __cy_stack_limit = .
                0x20008000                . = (. + 0x800)
 *fill*         0x20007800      0x800 
                0x00000001                ASSERT ((__cy_stack_limit >= __cy_heap_limit), region RAM overflowed with stack)
                0x00000000                cy_checksum_exclude_size = (CY_APPL_LOADABLE == 0x1)?SIZEOF (.cy_checksum_exclude):0x0
                0x00000001                ASSERT ((cy_checksum_exclude_size <= CY_CHECKSUM_EXCLUDE_SIZE), CY_BOOT: Section .cy_checksum_exclude size exceedes specified limit.)
                0x0003ffc0                cyloadermeta_start = (cy_project_type_bootloader || cy_project_type_app_for_stack_and_copier)?(LENGTH (rom) - CY_METADATA_SIZE):0xf0000000

.cyloadermeta
 *(.cyloadermeta)
                0x0003ffc0                cyloadablemeta_start = cy_project_type_app_for_stack_and_copier?((LENGTH (rom) - CY_FLASH_ROW_SIZE) - CY_METADATA_SIZE):((LENGTH (rom) - (CY_FLASH_ROW_SIZE * (CY_APPL_NUM - 0x1))) - CY_METADATA_SIZE)

.cyloadablemeta
 *(.cyloadablemeta)

.cyflashprotect
                0x90400000       0x80
 *(.cyflashprotect)
 .cyflashprotect
                0x90400000       0x80 .\CortexM0\ARM_GCC_541\Debug\cymetadata.o
                0x90400000                cy_meta_flashprotect

.cymeta         0x90500000        0xc
 *(.cymeta)
 .cymeta        0x90500000        0xc .\CortexM0\ARM_GCC_541\Debug\cymetadata.o
                0x90500000                cy_metadata

.cychipprotect  0x90600000        0x1
 *(.cychipprotect)
 .cychipprotect
                0x90600000        0x1 .\CortexM0\ARM_GCC_541\Debug\cymetadata.o
                0x90600000                cy_meta_chipprotect

.rel.dyn        0x00000e38        0x0 load address 0x90600004
 .rel.iplt      0x00000e38        0x0 c:/program files (x86)/cypress/psoc creator/4.4/psoc creator/import/gnu/arm/5.4.1/bin/../lib/gcc/arm-none-eabi/5.4.1/armv6-m/crtbegin.o

.stab
 *(.stab)

.stabstr
 *(.stabstr)

.debug
 *(.debug)

.line
 *(.line)

.debug_srcinfo
 *(.debug_srcinfo)

.debug_sfnames
 *(.debug_sfnames)

.debug_aranges  0x00000000      0x8a0
 *(.debug_aranges)
 .debug_aranges
                0x00000000       0x30 .\CortexM0\ARM_GCC_541\Debug\main.o
 .debug_aranges
                0x00000030       0x38 .\CortexM0\ARM_GCC_541\Debug\cyfitter_cfg.o
 .debug_aranges
                0x00000068       0x18 .\CortexM0\ARM_GCC_541\Debug\cymetadata.o
 .debug_aranges
                0x00000080       0x48 .\CortexM0\ARM_GCC_541\Debug\Cm0Start.o
 .debug_aranges
                0x000000c8      0x1d0 .\CortexM0\ARM_GCC_541\Debug\Arm.a(CyLib.o)
 .debug_aranges
                0x00000298      0x188 .\CortexM0\ARM_GCC_541\Debug\Arm.a(CyLFClk.o)
 .debug_aranges
                0x00000420       0x58 .\CortexM0\ARM_GCC_541\Debug\Arm.a(UART.o)
 .debug_aranges
                0x00000478       0x60 .\CortexM0\ARM_GCC_541\Debug\Arm.a(UART_SPI_UART.o)
 .debug_aranges
                0x000004d8       0x90 .\CortexM0\ARM_GCC_541\Debug\Arm.a(UART_UART.o)
 .debug_aranges
                0x00000568       0x48 .\CortexM0\ARM_GCC_541\Debug\Arm.a(Gripper_In.o)
 .debug_aranges
                0x000005b0       0x48 .\CortexM0\ARM_GCC_541\Debug\Arm.a(Gripper_Out.o)
 .debug_aranges
                0x000005f8       0x48 .\CortexM0\ARM_GCC_541\Debug\Arm.a(Wrist_Up.o)
 .debug_aranges
                0x00000640       0x48 .\CortexM0\ARM_GCC_541\Debug\Arm.a(Wrist_Down.o)
 .debug_aranges
                0x00000688       0x48 .\CortexM0\ARM_GCC_541\Debug\Arm.a(Elbow_Up.o)
 .debug_aranges
                0x000006d0       0x48 .\CortexM0\ARM_GCC_541\Debug\Arm.a(Elbow_Down.o)
 .debug_aranges
                0x00000718       0x48 .\CortexM0\ARM_GCC_541\Debug\Arm.a(Shoulder_Up.o)
 .debug_aranges
                0x00000760       0x48 .\CortexM0\ARM_GCC_541\Debug\Arm.a(Shoulder_Down.o)
 .debug_aranges
                0x000007a8       0x48 .\CortexM0\ARM_GCC_541\Debug\Arm.a(Light_Switch.o)
 .debug_aranges
                0x000007f0       0x48 .\CortexM0\ARM_GCC_541\Debug\Arm.a(Base_Left.o)
 .debug_aranges
                0x00000838       0x48 .\CortexM0\ARM_GCC_541\Debug\Arm.a(Base_Right.o)
 .debug_aranges
                0x00000880       0x20 .\CortexM0\ARM_GCC_541\Debug\Arm.a(CyBootAsmGnu.o)

.debug_pubnames
 *(.debug_pubnames)

.debug_info     0x00000000     0x4583
 *(.debug_info .gnu.linkonce.wi.*)
 .debug_info    0x00000000      0x5cc .\CortexM0\ARM_GCC_541\Debug\main.o
 .debug_info    0x000005cc      0x32d .\CortexM0\ARM_GCC_541\Debug\cyfitter_cfg.o
 .debug_info    0x000008f9       0xf8 .\CortexM0\ARM_GCC_541\Debug\cymetadata.o
 .debug_info    0x000009f1      0x3a2 .\CortexM0\ARM_GCC_541\Debug\Cm0Start.o
 .debug_info    0x00000d93      0xd2c .\CortexM0\ARM_GCC_541\Debug\Arm.a(CyLib.o)
 .debug_info    0x00001abf     0x1071 .\CortexM0\ARM_GCC_541\Debug\Arm.a(CyLFClk.o)
 .debug_info    0x00002b30      0x23a .\CortexM0\ARM_GCC_541\Debug\Arm.a(UART.o)
 .debug_info    0x00002d6a      0x220 .\CortexM0\ARM_GCC_541\Debug\Arm.a(UART_SPI_UART.o)
 .debug_info    0x00002f8a      0x3b5 .\CortexM0\ARM_GCC_541\Debug\Arm.a(UART_UART.o)
 .debug_info    0x0000333f      0x19d .\CortexM0\ARM_GCC_541\Debug\Arm.a(Gripper_In.o)
 .debug_info    0x000034dc      0x19d .\CortexM0\ARM_GCC_541\Debug\Arm.a(Gripper_Out.o)
 .debug_info    0x00003679      0x19d .\CortexM0\ARM_GCC_541\Debug\Arm.a(Wrist_Up.o)
 .debug_info    0x00003816      0x19d .\CortexM0\ARM_GCC_541\Debug\Arm.a(Wrist_Down.o)
 .debug_info    0x000039b3      0x19d .\CortexM0\ARM_GCC_541\Debug\Arm.a(Elbow_Up.o)
 .debug_info    0x00003b50      0x19d .\CortexM0\ARM_GCC_541\Debug\Arm.a(Elbow_Down.o)
 .debug_info    0x00003ced      0x19d .\CortexM0\ARM_GCC_541\Debug\Arm.a(Shoulder_Up.o)
 .debug_info    0x00003e8a      0x19d .\CortexM0\ARM_GCC_541\Debug\Arm.a(Shoulder_Down.o)
 .debug_info    0x00004027      0x19b .\CortexM0\ARM_GCC_541\Debug\Arm.a(Light_Switch.o)
 .debug_info    0x000041c2      0x19d .\CortexM0\ARM_GCC_541\Debug\Arm.a(Base_Left.o)
 .debug_info    0x0000435f      0x19d .\CortexM0\ARM_GCC_541\Debug\Arm.a(Base_Right.o)
 .debug_info    0x000044fc       0x87 .\CortexM0\ARM_GCC_541\Debug\Arm.a(CyBootAsmGnu.o)

.debug_abbrev   0x00000000     0x14e2
 *(.debug_abbrev)
 .debug_abbrev  0x00000000      0x12b .\CortexM0\ARM_GCC_541\Debug\main.o
 .debug_abbrev  0x0000012b      0x166 .\CortexM0\ARM_GCC_541\Debug\cyfitter_cfg.o
 .debug_abbrev  0x00000291       0x5d .\CortexM0\ARM_GCC_541\Debug\cymetadata.o
 .debug_abbrev  0x000002ee      0x1d7 .\CortexM0\ARM_GCC_541\Debug\Cm0Start.o
 .debug_abbrev  0x000004c5      0x1d3 .\CortexM0\ARM_GCC_541\Debug\Arm.a(CyLib.o)
 .debug_abbrev  0x00000698      0x248 .\CortexM0\ARM_GCC_541\Debug\Arm.a(CyLFClk.o)
 .debug_abbrev  0x000008e0       0xd5 .\CortexM0\ARM_GCC_541\Debug\Arm.a(UART.o)
 .debug_abbrev  0x000009b5      0x14f .\CortexM0\ARM_GCC_541\Debug\Arm.a(UART_SPI_UART.o)
 .debug_abbrev  0x00000b04      0x132 .\CortexM0\ARM_GCC_541\Debug\Arm.a(UART_UART.o)
 .debug_abbrev  0x00000c36       0xc8 .\CortexM0\ARM_GCC_541\Debug\Arm.a(Gripper_In.o)
 .debug_abbrev  0x00000cfe       0xc8 .\CortexM0\ARM_GCC_541\Debug\Arm.a(Gripper_Out.o)
 .debug_abbrev  0x00000dc6       0xc8 .\CortexM0\ARM_GCC_541\Debug\Arm.a(Wrist_Up.o)
 .debug_abbrev  0x00000e8e       0xc8 .\CortexM0\ARM_GCC_541\Debug\Arm.a(Wrist_Down.o)
 .debug_abbrev  0x00000f56       0xc8 .\CortexM0\ARM_GCC_541\Debug\Arm.a(Elbow_Up.o)
 .debug_abbrev  0x0000101e       0xc8 .\CortexM0\ARM_GCC_541\Debug\Arm.a(Elbow_Down.o)
 .debug_abbrev  0x000010e6       0xc8 .\CortexM0\ARM_GCC_541\Debug\Arm.a(Shoulder_Up.o)
 .debug_abbrev  0x000011ae       0xc8 .\CortexM0\ARM_GCC_541\Debug\Arm.a(Shoulder_Down.o)
 .debug_abbrev  0x00001276       0xc8 .\CortexM0\ARM_GCC_541\Debug\Arm.a(Light_Switch.o)
 .debug_abbrev  0x0000133e       0xc8 .\CortexM0\ARM_GCC_541\Debug\Arm.a(Base_Left.o)
 .debug_abbrev  0x00001406       0xc8 .\CortexM0\ARM_GCC_541\Debug\Arm.a(Base_Right.o)
 .debug_abbrev  0x000014ce       0x14 .\CortexM0\ARM_GCC_541\Debug\Arm.a(CyBootAsmGnu.o)

.debug_line     0x00000000     0x1e54
 *(.debug_line)
 .debug_line    0x00000000      0x19b .\CortexM0\ARM_GCC_541\Debug\main.o
 .debug_line    0x0000019b      0x164 .\CortexM0\ARM_GCC_541\Debug\cyfitter_cfg.o
 .debug_line    0x000002ff      0x141 .\CortexM0\ARM_GCC_541\Debug\cymetadata.o
 .debug_line    0x00000440      0x236 .\CortexM0\ARM_GCC_541\Debug\Cm0Start.o
 .debug_line    0x00000676      0x553 .\CortexM0\ARM_GCC_541\Debug\Arm.a(CyLib.o)
 .debug_line    0x00000bc9      0x5db .\CortexM0\ARM_GCC_541\Debug\Arm.a(CyLFClk.o)
 .debug_line    0x000011a4      0x108 .\CortexM0\ARM_GCC_541\Debug\Arm.a(UART.o)
 .debug_line    0x000012ac      0x11a .\CortexM0\ARM_GCC_541\Debug\Arm.a(UART_SPI_UART.o)
 .debug_line    0x000013c6      0x1cf .\CortexM0\ARM_GCC_541\Debug\Arm.a(UART_UART.o)
 .debug_line    0x00001595       0xc2 .\CortexM0\ARM_GCC_541\Debug\Arm.a(Gripper_In.o)
 .debug_line    0x00001657       0xc3 .\CortexM0\ARM_GCC_541\Debug\Arm.a(Gripper_Out.o)
 .debug_line    0x0000171a       0xc0 .\CortexM0\ARM_GCC_541\Debug\Arm.a(Wrist_Up.o)
 .debug_line    0x000017da       0xc2 .\CortexM0\ARM_GCC_541\Debug\Arm.a(Wrist_Down.o)
 .debug_line    0x0000189c       0xc0 .\CortexM0\ARM_GCC_541\Debug\Arm.a(Elbow_Up.o)
 .debug_line    0x0000195c       0xc2 .\CortexM0\ARM_GCC_541\Debug\Arm.a(Elbow_Down.o)
 .debug_line    0x00001a1e       0xc3 .\CortexM0\ARM_GCC_541\Debug\Arm.a(Shoulder_Up.o)
 .debug_line    0x00001ae1       0xc5 .\CortexM0\ARM_GCC_541\Debug\Arm.a(Shoulder_Down.o)
 .debug_line    0x00001ba6       0xc3 .\CortexM0\ARM_GCC_541\Debug\Arm.a(Light_Switch.o)
 .debug_line    0x00001c69       0xc1 .\CortexM0\ARM_GCC_541\Debug\Arm.a(Base_Left.o)
 .debug_line    0x00001d2a       0xc2 .\CortexM0\ARM_GCC_541\Debug\Arm.a(Base_Right.o)
 .debug_line    0x00001dec       0x68 .\CortexM0\ARM_GCC_541\Debug\Arm.a(CyBootAsmGnu.o)

.debug_frame    0x00000000     0x135c
 *(.debug_frame)
 .debug_frame   0x00000000       0x6c .\CortexM0\ARM_GCC_541\Debug\main.o
 .debug_frame   0x0000006c       0x78 .\CortexM0\ARM_GCC_541\Debug\cyfitter_cfg.o
 .debug_frame   0x000000e4       0xbc .\CortexM0\ARM_GCC_541\Debug\Cm0Start.o
 .debug_frame   0x000001a0      0x4a4 .\CortexM0\ARM_GCC_541\Debug\Arm.a(CyLib.o)
 .debug_frame   0x00000644      0x4a8 .\CortexM0\ARM_GCC_541\Debug\Arm.a(CyLFClk.o)
 .debug_frame   0x00000aec       0xd8 .\CortexM0\ARM_GCC_541\Debug\Arm.a(UART.o)
 .debug_frame   0x00000bc4       0xb0 .\CortexM0\ARM_GCC_541\Debug\Arm.a(UART_SPI_UART.o)
 .debug_frame   0x00000c74      0x144 .\CortexM0\ARM_GCC_541\Debug\Arm.a(UART_UART.o)
 .debug_frame   0x00000db8       0x70 .\CortexM0\ARM_GCC_541\Debug\Arm.a(Gripper_In.o)
 .debug_frame   0x00000e28       0x70 .\CortexM0\ARM_GCC_541\Debug\Arm.a(Gripper_Out.o)
 .debug_frame   0x00000e98       0x70 .\CortexM0\ARM_GCC_541\Debug\Arm.a(Wrist_Up.o)
 .debug_frame   0x00000f08       0x70 .\CortexM0\ARM_GCC_541\Debug\Arm.a(Wrist_Down.o)
 .debug_frame   0x00000f78       0x70 .\CortexM0\ARM_GCC_541\Debug\Arm.a(Elbow_Up.o)
 .debug_frame   0x00000fe8       0x70 .\CortexM0\ARM_GCC_541\Debug\Arm.a(Elbow_Down.o)
 .debug_frame   0x00001058       0x70 .\CortexM0\ARM_GCC_541\Debug\Arm.a(Shoulder_Up.o)
 .debug_frame   0x000010c8       0x70 .\CortexM0\ARM_GCC_541\Debug\Arm.a(Shoulder_Down.o)
 .debug_frame   0x00001138       0x70 .\CortexM0\ARM_GCC_541\Debug\Arm.a(Light_Switch.o)
 .debug_frame   0x000011a8       0x70 .\CortexM0\ARM_GCC_541\Debug\Arm.a(Base_Left.o)
 .debug_frame   0x00001218       0x70 .\CortexM0\ARM_GCC_541\Debug\Arm.a(Base_Right.o)
 .debug_frame   0x00001288       0x20 c:/program files (x86)/cypress/psoc creator/4.4/psoc creator/import/gnu/arm/5.4.1/bin/../lib/gcc/arm-none-eabi/5.4.1/armv6-m\libgcc.a(_udivsi3.o)
 .debug_frame   0x000012a8       0x20 c:/program files (x86)/cypress/psoc creator/4.4/psoc creator/import/gnu/arm/5.4.1/bin/../lib/gcc/arm-none-eabi/5.4.1/armv6-m\libgcc.a(_divsi3.o)
 .debug_frame   0x000012c8       0x20 c:/program files (x86)/cypress/psoc creator/4.4/psoc creator/import/gnu/arm/5.4.1/bin/../lib/gcc/arm-none-eabi/5.4.1/../../../../arm-none-eabi/lib/armv6-m\libg_nano.a(lib_a-errno.o)
 .debug_frame   0x000012e8       0x28 c:/program files (x86)/cypress/psoc creator/4.4/psoc creator/import/gnu/arm/5.4.1/bin/../lib/gcc/arm-none-eabi/5.4.1/../../../../arm-none-eabi/lib/armv6-m\libg_nano.a(lib_a-exit.o)
 .debug_frame   0x00001310       0x2c c:/program files (x86)/cypress/psoc creator/4.4/psoc creator/import/gnu/arm/5.4.1/bin/../lib/gcc/arm-none-eabi/5.4.1/../../../../arm-none-eabi/lib/armv6-m\libg_nano.a(lib_a-init.o)
 .debug_frame   0x0000133c       0x20 c:/program files (x86)/cypress/psoc creator/4.4/psoc creator/import/gnu/arm/5.4.1/bin/../lib/gcc/arm-none-eabi/5.4.1/../../../../arm-none-eabi/lib/armv6-m\libg_nano.a(lib_a-memset.o)

.debug_str      0x00000000     0x1c77
 *(.debug_str)
 .debug_str     0x00000000      0x2bb .\CortexM0\ARM_GCC_541\Debug\main.o
                                0x2fb (size before relaxing)
 .debug_str     0x000002bb      0x11e .\CortexM0\ARM_GCC_541\Debug\cyfitter_cfg.o
                                0x2a4 (size before relaxing)
 .debug_str     0x000003d9       0x63 .\CortexM0\ARM_GCC_541\Debug\cymetadata.o
                                0x1bf (size before relaxing)
 .debug_str     0x0000043c      0x140 .\CortexM0\ARM_GCC_541\Debug\Cm0Start.o
                                0x2f8 (size before relaxing)
 .debug_str     0x0000057c      0x5d5 .\CortexM0\ARM_GCC_541\Debug\Arm.a(CyLib.o)
                                0x7ef (size before relaxing)
 .debug_str     0x00000b51      0x6ec .\CortexM0\ARM_GCC_541\Debug\Arm.a(CyLFClk.o)
                                0x92f (size before relaxing)
 .debug_str     0x0000123d       0xf7 .\CortexM0\ARM_GCC_541\Debug\Arm.a(UART.o)
                                0x28e (size before relaxing)
 .debug_str     0x00001334      0x11d .\CortexM0\ARM_GCC_541\Debug\Arm.a(UART_SPI_UART.o)
                                0x2c5 (size before relaxing)
 .debug_str     0x00001451      0x175 .\CortexM0\ARM_GCC_541\Debug\Arm.a(UART_UART.o)
                                0x3bf (size before relaxing)
 .debug_str     0x000015c6       0xbd .\CortexM0\ARM_GCC_541\Debug\Arm.a(Gripper_In.o)
                                0x250 (size before relaxing)
 .debug_str     0x00001683       0x9f .\CortexM0\ARM_GCC_541\Debug\Arm.a(Gripper_Out.o)
                                0x257 (size before relaxing)
 .debug_str     0x00001722       0x8d .\CortexM0\ARM_GCC_541\Debug\Arm.a(Wrist_Up.o)
                                0x242 (size before relaxing)
 .debug_str     0x000017af       0x99 .\CortexM0\ARM_GCC_541\Debug\Arm.a(Wrist_Down.o)
                                0x250 (size before relaxing)
 .debug_str     0x00001848       0x8d .\CortexM0\ARM_GCC_541\Debug\Arm.a(Elbow_Up.o)
                                0x242 (size before relaxing)
 .debug_str     0x000018d5       0x99 .\CortexM0\ARM_GCC_541\Debug\Arm.a(Elbow_Down.o)
                                0x250 (size before relaxing)
 .debug_str     0x0000196e       0x9f .\CortexM0\ARM_GCC_541\Debug\Arm.a(Shoulder_Up.o)
                                0x257 (size before relaxing)
 .debug_str     0x00001a0d       0xab .\CortexM0\ARM_GCC_541\Debug\Arm.a(Shoulder_Down.o)
                                0x265 (size before relaxing)
 .debug_str     0x00001ab8       0x93 .\CortexM0\ARM_GCC_541\Debug\Arm.a(Light_Switch.o)
                                0x25e (size before relaxing)
 .debug_str     0x00001b4b       0x93 .\CortexM0\ARM_GCC_541\Debug\Arm.a(Base_Left.o)
                                0x249 (size before relaxing)
 .debug_str     0x00001bde       0x99 .\CortexM0\ARM_GCC_541\Debug\Arm.a(Base_Right.o)
                                0x250 (size before relaxing)

.debug_loc      0x00000000     0x2226
 *(.debug_loc)
 .debug_loc     0x00000000       0x60 .\CortexM0\ARM_GCC_541\Debug\main.o
 .debug_loc     0x00000060       0xa9 .\CortexM0\ARM_GCC_541\Debug\cyfitter_cfg.o
 .debug_loc     0x00000109      0x14f .\CortexM0\ARM_GCC_541\Debug\Cm0Start.o
 .debug_loc     0x00000258      0x818 .\CortexM0\ARM_GCC_541\Debug\Arm.a(CyLib.o)
 .debug_loc     0x00000a70      0xdaa .\CortexM0\ARM_GCC_541\Debug\Arm.a(CyLFClk.o)
 .debug_loc     0x0000181a       0x7e .\CortexM0\ARM_GCC_541\Debug\Arm.a(UART.o)
 .debug_loc     0x00001898       0x96 .\CortexM0\ARM_GCC_541\Debug\Arm.a(UART_SPI_UART.o)
 .debug_loc     0x0000192e      0x223 .\CortexM0\ARM_GCC_541\Debug\Arm.a(UART_UART.o)
 .debug_loc     0x00001b51       0xa2 .\CortexM0\ARM_GCC_541\Debug\Arm.a(Gripper_In.o)
 .debug_loc     0x00001bf3       0xa2 .\CortexM0\ARM_GCC_541\Debug\Arm.a(Gripper_Out.o)
 .debug_loc     0x00001c95       0xa2 .\CortexM0\ARM_GCC_541\Debug\Arm.a(Wrist_Up.o)
 .debug_loc     0x00001d37       0xa2 .\CortexM0\ARM_GCC_541\Debug\Arm.a(Wrist_Down.o)
 .debug_loc     0x00001dd9       0xa2 .\CortexM0\ARM_GCC_541\Debug\Arm.a(Elbow_Up.o)
 .debug_loc     0x00001e7b       0xa2 .\CortexM0\ARM_GCC_541\Debug\Arm.a(Elbow_Down.o)
 .debug_loc     0x00001f1d       0xa2 .\CortexM0\ARM_GCC_541\Debug\Arm.a(Shoulder_Up.o)
 .debug_loc     0x00001fbf       0xa2 .\CortexM0\ARM_GCC_541\Debug\Arm.a(Shoulder_Down.o)
 .debug_loc     0x00002061       0x81 .\CortexM0\ARM_GCC_541\Debug\Arm.a(Light_Switch.o)
 .debug_loc     0x000020e2       0xa2 .\CortexM0\ARM_GCC_541\Debug\Arm.a(Base_Left.o)
 .debug_loc     0x00002184       0xa2 .\CortexM0\ARM_GCC_541\Debug\Arm.a(Base_Right.o)

.debug_macinfo
 *(.debug_macinfo)

.debug_ranges   0x00000000      0x738
 *(.debug_ranges)
 .debug_ranges  0x00000000       0x20 .\CortexM0\ARM_GCC_541\Debug\main.o
 .debug_ranges  0x00000020       0x28 .\CortexM0\ARM_GCC_541\Debug\cyfitter_cfg.o
 .debug_ranges  0x00000048       0x38 .\CortexM0\ARM_GCC_541\Debug\Cm0Start.o
 .debug_ranges  0x00000080      0x1c0 .\CortexM0\ARM_GCC_541\Debug\Arm.a(CyLib.o)
 .debug_ranges  0x00000240      0x178 .\CortexM0\ARM_GCC_541\Debug\Arm.a(CyLFClk.o)
 .debug_ranges  0x000003b8       0x48 .\CortexM0\ARM_GCC_541\Debug\Arm.a(UART.o)
 .debug_ranges  0x00000400       0x50 .\CortexM0\ARM_GCC_541\Debug\Arm.a(UART_SPI_UART.o)
 .debug_ranges  0x00000450       0x80 .\CortexM0\ARM_GCC_541\Debug\Arm.a(UART_UART.o)
 .debug_ranges  0x000004d0       0x38 .\CortexM0\ARM_GCC_541\Debug\Arm.a(Gripper_In.o)
 .debug_ranges  0x00000508       0x38 .\CortexM0\ARM_GCC_541\Debug\Arm.a(Gripper_Out.o)
 .debug_ranges  0x00000540       0x38 .\CortexM0\ARM_GCC_541\Debug\Arm.a(Wrist_Up.o)
 .debug_ranges  0x00000578       0x38 .\CortexM0\ARM_GCC_541\Debug\Arm.a(Wrist_Down.o)
 .debug_ranges  0x000005b0       0x38 .\CortexM0\ARM_GCC_541\Debug\Arm.a(Elbow_Up.o)
 .debug_ranges  0x000005e8       0x38 .\CortexM0\ARM_GCC_541\Debug\Arm.a(Elbow_Down.o)
 .debug_ranges  0x00000620       0x38 .\CortexM0\ARM_GCC_541\Debug\Arm.a(Shoulder_Up.o)
 .debug_ranges  0x00000658       0x38 .\CortexM0\ARM_GCC_541\Debug\Arm.a(Shoulder_Down.o)
 .debug_ranges  0x00000690       0x38 .\CortexM0\ARM_GCC_541\Debug\Arm.a(Light_Switch.o)
 .debug_ranges  0x000006c8       0x38 .\CortexM0\ARM_GCC_541\Debug\Arm.a(Base_Left.o)
 .debug_ranges  0x00000700       0x38 .\CortexM0\ARM_GCC_541\Debug\Arm.a(Base_Right.o)

.comment        0x00000000       0x6e
 .comment       0x00000000       0x6e .\CortexM0\ARM_GCC_541\Debug\main.o
                                 0x6f (size before relaxing)
 .comment       0x0000006e       0x6f .\CortexM0\ARM_GCC_541\Debug\cyfitter_cfg.o
 .comment       0x0000006e       0x6f .\CortexM0\ARM_GCC_541\Debug\cymetadata.o
 .comment       0x0000006e       0x6f .\CortexM0\ARM_GCC_541\Debug\Cm0Start.o
 .comment       0x0000006e       0x6f .\CortexM0\ARM_GCC_541\Debug\Arm.a(CyLib.o)
 .comment       0x0000006e       0x6f .\CortexM0\ARM_GCC_541\Debug\Arm.a(CyLFClk.o)
 .comment       0x0000006e       0x6f .\CortexM0\ARM_GCC_541\Debug\Arm.a(UART.o)
 .comment       0x0000006e       0x6f .\CortexM0\ARM_GCC_541\Debug\Arm.a(UART_SPI_UART.o)
 .comment       0x0000006e       0x6f .\CortexM0\ARM_GCC_541\Debug\Arm.a(UART_UART.o)
 .comment       0x0000006e       0x6f .\CortexM0\ARM_GCC_541\Debug\Arm.a(Gripper_In.o)
 .comment       0x0000006e       0x6f .\CortexM0\ARM_GCC_541\Debug\Arm.a(Gripper_Out.o)
 .comment       0x0000006e       0x6f .\CortexM0\ARM_GCC_541\Debug\Arm.a(Wrist_Up.o)
 .comment       0x0000006e       0x6f .\CortexM0\ARM_GCC_541\Debug\Arm.a(Wrist_Down.o)
 .comment       0x0000006e       0x6f .\CortexM0\ARM_GCC_541\Debug\Arm.a(Elbow_Up.o)
 .comment       0x0000006e       0x6f .\CortexM0\ARM_GCC_541\Debug\Arm.a(Elbow_Down.o)
 .comment       0x0000006e       0x6f .\CortexM0\ARM_GCC_541\Debug\Arm.a(Shoulder_Up.o)
 .comment       0x0000006e       0x6f .\CortexM0\ARM_GCC_541\Debug\Arm.a(Shoulder_Down.o)
 .comment       0x0000006e       0x6f .\CortexM0\ARM_GCC_541\Debug\Arm.a(Light_Switch.o)
 .comment       0x0000006e       0x6f .\CortexM0\ARM_GCC_541\Debug\Arm.a(Base_Left.o)
 .comment       0x0000006e       0x6f .\CortexM0\ARM_GCC_541\Debug\Arm.a(Base_Right.o)

.debug_weaknames
 *(.debug_weaknames)

.debug_funcnames
 *(.debug_funcnames)

.debug_typenames
 *(.debug_typenames)

.debug_varnames
 *(.debug_varnames)

.note.gnu.arm.ident
 *(.note.gnu.arm.ident)

.ARM.attributes
                0x00000000       0x28
 *(.ARM.attributes)
 .ARM.attributes
                0x00000000       0x1e c:/program files (x86)/cypress/psoc creator/4.4/psoc creator/import/gnu/arm/5.4.1/bin/../lib/gcc/arm-none-eabi/5.4.1/armv6-m/crti.o
 .ARM.attributes
                0x0000001e       0x2c c:/program files (x86)/cypress/psoc creator/4.4/psoc creator/import/gnu/arm/5.4.1/bin/../lib/gcc/arm-none-eabi/5.4.1/armv6-m/crtbegin.o
 .ARM.attributes
                0x0000004a       0x1b c:/program files (x86)/cypress/psoc creator/4.4/psoc creator/import/gnu/arm/5.4.1/bin/../lib/gcc/arm-none-eabi/5.4.1/../../../../arm-none-eabi/lib/armv6-m/crt0.o
 .ARM.attributes
                0x00000065       0x31 .\CortexM0\ARM_GCC_541\Debug\main.o
 .ARM.attributes
                0x00000096       0x31 .\CortexM0\ARM_GCC_541\Debug\cyfitter_cfg.o
 .ARM.attributes
                0x000000c7       0x31 .\CortexM0\ARM_GCC_541\Debug\cymetadata.o
 .ARM.attributes
                0x000000f8       0x31 .\CortexM0\ARM_GCC_541\Debug\Cm0Start.o
 .ARM.attributes
                0x00000129       0x31 .\CortexM0\ARM_GCC_541\Debug\Arm.a(CyLib.o)
 .ARM.attributes
                0x0000015a       0x31 .\CortexM0\ARM_GCC_541\Debug\Arm.a(CyLFClk.o)
 .ARM.attributes
                0x0000018b       0x31 .\CortexM0\ARM_GCC_541\Debug\Arm.a(UART.o)
 .ARM.attributes
                0x000001bc       0x31 .\CortexM0\ARM_GCC_541\Debug\Arm.a(UART_SPI_UART.o)
 .ARM.attributes
                0x000001ed       0x31 .\CortexM0\ARM_GCC_541\Debug\Arm.a(UART_UART.o)
 .ARM.attributes
                0x0000021e       0x31 .\CortexM0\ARM_GCC_541\Debug\Arm.a(Gripper_In.o)
 .ARM.attributes
                0x0000024f       0x31 .\CortexM0\ARM_GCC_541\Debug\Arm.a(Gripper_Out.o)
 .ARM.attributes
                0x00000280       0x31 .\CortexM0\ARM_GCC_541\Debug\Arm.a(Wrist_Up.o)
 .ARM.attributes
                0x000002b1       0x31 .\CortexM0\ARM_GCC_541\Debug\Arm.a(Wrist_Down.o)
 .ARM.attributes
                0x000002e2       0x31 .\CortexM0\ARM_GCC_541\Debug\Arm.a(Elbow_Up.o)
 .ARM.attributes
                0x00000313       0x31 .\CortexM0\ARM_GCC_541\Debug\Arm.a(Elbow_Down.o)
 .ARM.attributes
                0x00000344       0x31 .\CortexM0\ARM_GCC_541\Debug\Arm.a(Shoulder_Up.o)
 .ARM.attributes
                0x00000375       0x31 .\CortexM0\ARM_GCC_541\Debug\Arm.a(Shoulder_Down.o)
 .ARM.attributes
                0x000003a6       0x31 .\CortexM0\ARM_GCC_541\Debug\Arm.a(Light_Switch.o)
 .ARM.attributes
                0x000003d7       0x31 .\CortexM0\ARM_GCC_541\Debug\Arm.a(Base_Left.o)
 .ARM.attributes
                0x00000408       0x31 .\CortexM0\ARM_GCC_541\Debug\Arm.a(Base_Right.o)
 .ARM.attributes
                0x00000439       0x21 .\CortexM0\ARM_GCC_541\Debug\Arm.a(CyBootAsmGnu.o)
 .ARM.attributes
                0x0000045a       0x1e c:/program files (x86)/cypress/psoc creator/4.4/psoc creator/import/gnu/arm/5.4.1/bin/../lib/gcc/arm-none-eabi/5.4.1/armv6-m\libgcc.a(_udivsi3.o)
 .ARM.attributes
                0x00000478       0x1e c:/program files (x86)/cypress/psoc creator/4.4/psoc creator/import/gnu/arm/5.4.1/bin/../lib/gcc/arm-none-eabi/5.4.1/armv6-m\libgcc.a(_divsi3.o)
 .ARM.attributes
                0x00000496       0x1e c:/program files (x86)/cypress/psoc creator/4.4/psoc creator/import/gnu/arm/5.4.1/bin/../lib/gcc/arm-none-eabi/5.4.1/armv6-m\libgcc.a(_dvmd_tls.o)
 .ARM.attributes
                0x000004b4       0x2c c:/program files (x86)/cypress/psoc creator/4.4/psoc creator/import/gnu/arm/5.4.1/bin/../lib/gcc/arm-none-eabi/5.4.1/../../../../arm-none-eabi/lib/armv6-m\libg_nano.a(lib_a-errno.o)
 .ARM.attributes
                0x000004e0       0x2c c:/program files (x86)/cypress/psoc creator/4.4/psoc creator/import/gnu/arm/5.4.1/bin/../lib/gcc/arm-none-eabi/5.4.1/../../../../arm-none-eabi/lib/armv6-m\libg_nano.a(lib_a-exit.o)
 .ARM.attributes
                0x0000050c       0x2c c:/program files (x86)/cypress/psoc creator/4.4/psoc creator/import/gnu/arm/5.4.1/bin/../lib/gcc/arm-none-eabi/5.4.1/../../../../arm-none-eabi/lib/armv6-m\libg_nano.a(lib_a-impure.o)
 .ARM.attributes
                0x00000538       0x2c c:/program files (x86)/cypress/psoc creator/4.4/psoc creator/import/gnu/arm/5.4.1/bin/../lib/gcc/arm-none-eabi/5.4.1/../../../../arm-none-eabi/lib/armv6-m\libg_nano.a(lib_a-init.o)
 .ARM.attributes
                0x00000564       0x2c c:/program files (x86)/cypress/psoc creator/4.4/psoc creator/import/gnu/arm/5.4.1/bin/../lib/gcc/arm-none-eabi/5.4.1/../../../../arm-none-eabi/lib/armv6-m\libg_nano.a(lib_a-memset.o)
 .ARM.attributes
                0x00000590       0x2c c:/program files (x86)/cypress/psoc creator/4.4/psoc creator/import/gnu/arm/5.4.1/bin/../lib/gcc/arm-none-eabi/5.4.1/armv6-m/crtend.o
 .ARM.attributes
                0x000005bc       0x1e c:/program files (x86)/cypress/psoc creator/4.4/psoc creator/import/gnu/arm/5.4.1/bin/../lib/gcc/arm-none-eabi/5.4.1/armv6-m/crtn.o

/DISCARD/
 *(.note.GNU-stack)
OUTPUT(C:\Users\HP\Documents\PSoC Creator\Workspace03\Arm.cydsn\CortexM0\ARM_GCC_541\Debug\Arm.elf elf32-littlearm)
