ARM GAS  C:\Users\HP\AppData\Local\Temp\ccCLynpI.s 			page 1


   1              		.syntax unified
   2              		.cpu cortex-m0
   3              		.fpu softvfp
   4              		.eabi_attribute 20, 1
   5              		.eabi_attribute 21, 1
   6              		.eabi_attribute 23, 3
   7              		.eabi_attribute 24, 1
   8              		.eabi_attribute 25, 1
   9              		.eabi_attribute 26, 1
  10              		.eabi_attribute 30, 1
  11              		.eabi_attribute 34, 0
  12              		.eabi_attribute 18, 4
  13              		.thumb
  14              		.syntax unified
  15              		.file	"cyfitter_cfg.c"
  16              		.text
  17              	.Ltext0:
  18              		.cfi_sections	.debug_frame
  19              		.section	.text.AnalogSetDefault,"ax",%progbits
  20              		.align	2
  21              		.code	16
  22              		.thumb_func
  23              		.type	AnalogSetDefault, %function
  24              	AnalogSetDefault:
  25              	.LFB6:
  26              		.file 1 "Generated_Source\\PSoC4\\cyfitter_cfg.c"
   1:Generated_Source\PSoC4/cyfitter_cfg.c **** 
   2:Generated_Source\PSoC4/cyfitter_cfg.c **** /*******************************************************************************
   3:Generated_Source\PSoC4/cyfitter_cfg.c **** * File Name: cyfitter_cfg.c
   4:Generated_Source\PSoC4/cyfitter_cfg.c **** * 
   5:Generated_Source\PSoC4/cyfitter_cfg.c **** * PSoC Creator  4.4
   6:Generated_Source\PSoC4/cyfitter_cfg.c **** *
   7:Generated_Source\PSoC4/cyfitter_cfg.c **** * Description:
   8:Generated_Source\PSoC4/cyfitter_cfg.c **** * This file contains device initialization code.
   9:Generated_Source\PSoC4/cyfitter_cfg.c **** * Except for the user defined sections in CyClockStartupError(), this file should not be modified.
  10:Generated_Source\PSoC4/cyfitter_cfg.c **** * This file is automatically generated by PSoC Creator.
  11:Generated_Source\PSoC4/cyfitter_cfg.c **** *
  12:Generated_Source\PSoC4/cyfitter_cfg.c **** ********************************************************************************
  13:Generated_Source\PSoC4/cyfitter_cfg.c **** * Copyright (c) 2007-2020 Cypress Semiconductor.  All rights reserved.
  14:Generated_Source\PSoC4/cyfitter_cfg.c **** * You may use this file only in accordance with the license, terms, conditions, 
  15:Generated_Source\PSoC4/cyfitter_cfg.c **** * disclaimers, and limitations in the end user license agreement accompanying 
  16:Generated_Source\PSoC4/cyfitter_cfg.c **** * the software package with which this file was provided.
  17:Generated_Source\PSoC4/cyfitter_cfg.c **** ********************************************************************************/
  18:Generated_Source\PSoC4/cyfitter_cfg.c **** 
  19:Generated_Source\PSoC4/cyfitter_cfg.c **** #include <string.h>
  20:Generated_Source\PSoC4/cyfitter_cfg.c **** #include "cytypes.h"
  21:Generated_Source\PSoC4/cyfitter_cfg.c **** #include "cydevice_trm.h"
  22:Generated_Source\PSoC4/cyfitter_cfg.c **** #include "cyfitter.h"
  23:Generated_Source\PSoC4/cyfitter_cfg.c **** #include "CyLib.h"
  24:Generated_Source\PSoC4/cyfitter_cfg.c **** #include "CyLFClk.h"
  25:Generated_Source\PSoC4/cyfitter_cfg.c **** #include "cyfitter_cfg.h"
  26:Generated_Source\PSoC4/cyfitter_cfg.c **** #include "cyapicallbacks.h"
  27:Generated_Source\PSoC4/cyfitter_cfg.c **** 
  28:Generated_Source\PSoC4/cyfitter_cfg.c **** 
  29:Generated_Source\PSoC4/cyfitter_cfg.c **** #if defined(__GNUC__) || defined(__ARMCC_VERSION)
  30:Generated_Source\PSoC4/cyfitter_cfg.c ****     #define CYPACKED 
  31:Generated_Source\PSoC4/cyfitter_cfg.c ****     #define CYPACKED_ATTR __attribute__ ((packed))
ARM GAS  C:\Users\HP\AppData\Local\Temp\ccCLynpI.s 			page 2


  32:Generated_Source\PSoC4/cyfitter_cfg.c ****     #define CYALIGNED __attribute__ ((aligned))
  33:Generated_Source\PSoC4/cyfitter_cfg.c ****     #define CY_CFG_UNUSED __attribute__ ((unused))
  34:Generated_Source\PSoC4/cyfitter_cfg.c ****     #ifndef CY_CFG_SECTION
  35:Generated_Source\PSoC4/cyfitter_cfg.c ****         #define CY_CFG_SECTION __attribute__ ((section(".psocinit")))
  36:Generated_Source\PSoC4/cyfitter_cfg.c ****     #endif
  37:Generated_Source\PSoC4/cyfitter_cfg.c ****     
  38:Generated_Source\PSoC4/cyfitter_cfg.c ****     #if defined(__ARMCC_VERSION)
  39:Generated_Source\PSoC4/cyfitter_cfg.c ****         #define CY_CFG_MEMORY_BARRIER() __memory_changed()
  40:Generated_Source\PSoC4/cyfitter_cfg.c ****     #else
  41:Generated_Source\PSoC4/cyfitter_cfg.c ****         #define CY_CFG_MEMORY_BARRIER() __sync_synchronize()
  42:Generated_Source\PSoC4/cyfitter_cfg.c ****     #endif
  43:Generated_Source\PSoC4/cyfitter_cfg.c ****     
  44:Generated_Source\PSoC4/cyfitter_cfg.c **** #elif defined(__ICCARM__)
  45:Generated_Source\PSoC4/cyfitter_cfg.c ****     #include <intrinsics.h>
  46:Generated_Source\PSoC4/cyfitter_cfg.c **** 
  47:Generated_Source\PSoC4/cyfitter_cfg.c ****     #define CYPACKED __packed
  48:Generated_Source\PSoC4/cyfitter_cfg.c ****     #define CYPACKED_ATTR 
  49:Generated_Source\PSoC4/cyfitter_cfg.c ****     #define CYALIGNED _Pragma("data_alignment=4")
  50:Generated_Source\PSoC4/cyfitter_cfg.c ****     #define CY_CFG_UNUSED _Pragma("diag_suppress=Pe177")
  51:Generated_Source\PSoC4/cyfitter_cfg.c ****     #define CY_CFG_SECTION _Pragma("location=\".psocinit\"")
  52:Generated_Source\PSoC4/cyfitter_cfg.c ****     
  53:Generated_Source\PSoC4/cyfitter_cfg.c ****     #define CY_CFG_MEMORY_BARRIER() __DMB()
  54:Generated_Source\PSoC4/cyfitter_cfg.c ****     
  55:Generated_Source\PSoC4/cyfitter_cfg.c **** #else
  56:Generated_Source\PSoC4/cyfitter_cfg.c ****     #error Unsupported toolchain
  57:Generated_Source\PSoC4/cyfitter_cfg.c **** #endif
  58:Generated_Source\PSoC4/cyfitter_cfg.c **** 
  59:Generated_Source\PSoC4/cyfitter_cfg.c **** #ifndef CYCODE
  60:Generated_Source\PSoC4/cyfitter_cfg.c ****     #define CYCODE
  61:Generated_Source\PSoC4/cyfitter_cfg.c **** #endif
  62:Generated_Source\PSoC4/cyfitter_cfg.c **** #ifndef CYDATA
  63:Generated_Source\PSoC4/cyfitter_cfg.c ****     #define CYDATA
  64:Generated_Source\PSoC4/cyfitter_cfg.c **** #endif
  65:Generated_Source\PSoC4/cyfitter_cfg.c **** #ifndef CYFAR
  66:Generated_Source\PSoC4/cyfitter_cfg.c ****     #define CYFAR
  67:Generated_Source\PSoC4/cyfitter_cfg.c **** #endif
  68:Generated_Source\PSoC4/cyfitter_cfg.c **** #ifndef CYXDATA
  69:Generated_Source\PSoC4/cyfitter_cfg.c ****     #define CYXDATA
  70:Generated_Source\PSoC4/cyfitter_cfg.c **** #endif
  71:Generated_Source\PSoC4/cyfitter_cfg.c **** 
  72:Generated_Source\PSoC4/cyfitter_cfg.c **** 
  73:Generated_Source\PSoC4/cyfitter_cfg.c **** CY_CFG_UNUSED
  74:Generated_Source\PSoC4/cyfitter_cfg.c **** static void CYMEMZERO(void *s, size_t n);
  75:Generated_Source\PSoC4/cyfitter_cfg.c **** CY_CFG_UNUSED
  76:Generated_Source\PSoC4/cyfitter_cfg.c **** static void CYMEMZERO(void *s, size_t n)
  77:Generated_Source\PSoC4/cyfitter_cfg.c **** {
  78:Generated_Source\PSoC4/cyfitter_cfg.c **** 	(void)memset(s, 0, n);
  79:Generated_Source\PSoC4/cyfitter_cfg.c **** }
  80:Generated_Source\PSoC4/cyfitter_cfg.c **** CY_CFG_UNUSED
  81:Generated_Source\PSoC4/cyfitter_cfg.c **** static void CYCONFIGCPY(void *dest, const void *src, size_t n);
  82:Generated_Source\PSoC4/cyfitter_cfg.c **** CY_CFG_UNUSED
  83:Generated_Source\PSoC4/cyfitter_cfg.c **** static void CYCONFIGCPY(void *dest, const void *src, size_t n)
  84:Generated_Source\PSoC4/cyfitter_cfg.c **** {
  85:Generated_Source\PSoC4/cyfitter_cfg.c **** 	(void)memcpy(dest, src, n);
  86:Generated_Source\PSoC4/cyfitter_cfg.c **** }
  87:Generated_Source\PSoC4/cyfitter_cfg.c **** CY_CFG_UNUSED
  88:Generated_Source\PSoC4/cyfitter_cfg.c **** static void CYCONFIGCPYCODE(void *dest, const void *src, size_t n);
ARM GAS  C:\Users\HP\AppData\Local\Temp\ccCLynpI.s 			page 3


  89:Generated_Source\PSoC4/cyfitter_cfg.c **** CY_CFG_UNUSED
  90:Generated_Source\PSoC4/cyfitter_cfg.c **** static void CYCONFIGCPYCODE(void *dest, const void *src, size_t n)
  91:Generated_Source\PSoC4/cyfitter_cfg.c **** {
  92:Generated_Source\PSoC4/cyfitter_cfg.c **** 	(void)memcpy(dest, src, n);
  93:Generated_Source\PSoC4/cyfitter_cfg.c **** }
  94:Generated_Source\PSoC4/cyfitter_cfg.c **** 
  95:Generated_Source\PSoC4/cyfitter_cfg.c **** 
  96:Generated_Source\PSoC4/cyfitter_cfg.c **** 
  97:Generated_Source\PSoC4/cyfitter_cfg.c **** 
  98:Generated_Source\PSoC4/cyfitter_cfg.c **** /* Clock startup error codes                                                   */
  99:Generated_Source\PSoC4/cyfitter_cfg.c **** #define CYCLOCKSTART_NO_ERROR    0u
 100:Generated_Source\PSoC4/cyfitter_cfg.c **** #define CYCLOCKSTART_XTAL_ERROR  1u
 101:Generated_Source\PSoC4/cyfitter_cfg.c **** #define CYCLOCKSTART_32KHZ_ERROR 2u
 102:Generated_Source\PSoC4/cyfitter_cfg.c **** #define CYCLOCKSTART_PLL_ERROR   3u
 103:Generated_Source\PSoC4/cyfitter_cfg.c **** #define CYCLOCKSTART_FLL_ERROR   4u
 104:Generated_Source\PSoC4/cyfitter_cfg.c **** #define CYCLOCKSTART_WCO_ERROR   5u
 105:Generated_Source\PSoC4/cyfitter_cfg.c **** 
 106:Generated_Source\PSoC4/cyfitter_cfg.c **** 
 107:Generated_Source\PSoC4/cyfitter_cfg.c **** #ifdef CY_NEED_CYCLOCKSTARTUPERROR
 108:Generated_Source\PSoC4/cyfitter_cfg.c **** /*******************************************************************************
 109:Generated_Source\PSoC4/cyfitter_cfg.c **** * Function Name: CyClockStartupError
 110:Generated_Source\PSoC4/cyfitter_cfg.c **** ********************************************************************************
 111:Generated_Source\PSoC4/cyfitter_cfg.c **** * Summary:
 112:Generated_Source\PSoC4/cyfitter_cfg.c **** *  If an error is encountered during clock configuration (crystal startup error,
 113:Generated_Source\PSoC4/cyfitter_cfg.c **** *  PLL lock error, etc.), the system will end up here.  Unless reimplemented by
 114:Generated_Source\PSoC4/cyfitter_cfg.c **** *  the customer, this function will stop in an infinite loop.
 115:Generated_Source\PSoC4/cyfitter_cfg.c **** *
 116:Generated_Source\PSoC4/cyfitter_cfg.c **** * Parameters:
 117:Generated_Source\PSoC4/cyfitter_cfg.c **** *   void
 118:Generated_Source\PSoC4/cyfitter_cfg.c **** *
 119:Generated_Source\PSoC4/cyfitter_cfg.c **** * Return:
 120:Generated_Source\PSoC4/cyfitter_cfg.c **** *   void
 121:Generated_Source\PSoC4/cyfitter_cfg.c **** *
 122:Generated_Source\PSoC4/cyfitter_cfg.c **** *******************************************************************************/
 123:Generated_Source\PSoC4/cyfitter_cfg.c **** CY_CFG_UNUSED
 124:Generated_Source\PSoC4/cyfitter_cfg.c **** static void CyClockStartupError(uint8 errorCode);
 125:Generated_Source\PSoC4/cyfitter_cfg.c **** CY_CFG_UNUSED
 126:Generated_Source\PSoC4/cyfitter_cfg.c **** static void CyClockStartupError(uint8 errorCode)
 127:Generated_Source\PSoC4/cyfitter_cfg.c **** {
 128:Generated_Source\PSoC4/cyfitter_cfg.c ****     /* To remove the compiler warning if errorCode not used.                */
 129:Generated_Source\PSoC4/cyfitter_cfg.c ****     errorCode = errorCode;
 130:Generated_Source\PSoC4/cyfitter_cfg.c **** 
 131:Generated_Source\PSoC4/cyfitter_cfg.c ****     /* If we have a clock startup error (bad MHz crystal, PLL lock, etc.),  */
 132:Generated_Source\PSoC4/cyfitter_cfg.c ****     /* we will end up here to allow the customer to implement something to  */
 133:Generated_Source\PSoC4/cyfitter_cfg.c ****     /* deal with the clock condition.                                       */
 134:Generated_Source\PSoC4/cyfitter_cfg.c **** 
 135:Generated_Source\PSoC4/cyfitter_cfg.c **** #ifdef CY_CFG_CLOCK_STARTUP_ERROR_CALLBACK
 136:Generated_Source\PSoC4/cyfitter_cfg.c ****     CY_CFG_Clock_Startup_ErrorCallback();
 137:Generated_Source\PSoC4/cyfitter_cfg.c **** #else
 138:Generated_Source\PSoC4/cyfitter_cfg.c ****     /*  If not using CY_CFG_CLOCK_STARTUP_ERROR_CALLBACK, place your clock startup code here. */
 139:Generated_Source\PSoC4/cyfitter_cfg.c ****     /* `#START CyClockStartupError` */
 140:Generated_Source\PSoC4/cyfitter_cfg.c **** 
 141:Generated_Source\PSoC4/cyfitter_cfg.c **** 
 142:Generated_Source\PSoC4/cyfitter_cfg.c **** 
 143:Generated_Source\PSoC4/cyfitter_cfg.c ****     /* `#END` */
 144:Generated_Source\PSoC4/cyfitter_cfg.c **** 
 145:Generated_Source\PSoC4/cyfitter_cfg.c ****     while(1) {}
ARM GAS  C:\Users\HP\AppData\Local\Temp\ccCLynpI.s 			page 4


 146:Generated_Source\PSoC4/cyfitter_cfg.c **** #endif /* CY_CFG_CLOCK_STARTUP_ERROR_CALLBACK */
 147:Generated_Source\PSoC4/cyfitter_cfg.c **** }
 148:Generated_Source\PSoC4/cyfitter_cfg.c **** #endif
 149:Generated_Source\PSoC4/cyfitter_cfg.c **** 
 150:Generated_Source\PSoC4/cyfitter_cfg.c **** 
 151:Generated_Source\PSoC4/cyfitter_cfg.c **** 
 152:Generated_Source\PSoC4/cyfitter_cfg.c **** /*******************************************************************************
 153:Generated_Source\PSoC4/cyfitter_cfg.c **** * Function Name: ClockSetup
 154:Generated_Source\PSoC4/cyfitter_cfg.c **** ********************************************************************************
 155:Generated_Source\PSoC4/cyfitter_cfg.c **** *
 156:Generated_Source\PSoC4/cyfitter_cfg.c **** * Summary:
 157:Generated_Source\PSoC4/cyfitter_cfg.c **** *   Performs the initialization of all of the clocks in the device based on the
 158:Generated_Source\PSoC4/cyfitter_cfg.c **** *   settings in the Clock tab of the DWR.  This includes enabling the requested
 159:Generated_Source\PSoC4/cyfitter_cfg.c **** *   clocks and setting the necessary dividers to produce the desired frequency. 
 160:Generated_Source\PSoC4/cyfitter_cfg.c **** *
 161:Generated_Source\PSoC4/cyfitter_cfg.c **** * Parameters:
 162:Generated_Source\PSoC4/cyfitter_cfg.c **** *   void
 163:Generated_Source\PSoC4/cyfitter_cfg.c **** *
 164:Generated_Source\PSoC4/cyfitter_cfg.c **** * Return:
 165:Generated_Source\PSoC4/cyfitter_cfg.c **** *   void
 166:Generated_Source\PSoC4/cyfitter_cfg.c **** *
 167:Generated_Source\PSoC4/cyfitter_cfg.c **** *******************************************************************************/
 168:Generated_Source\PSoC4/cyfitter_cfg.c **** static void ClockSetup(void);
 169:Generated_Source\PSoC4/cyfitter_cfg.c **** CY_CFG_SECTION
 170:Generated_Source\PSoC4/cyfitter_cfg.c **** static void ClockSetup(void)
 171:Generated_Source\PSoC4/cyfitter_cfg.c **** {
 172:Generated_Source\PSoC4/cyfitter_cfg.c **** 
 173:Generated_Source\PSoC4/cyfitter_cfg.c **** 	/* Set Flash Cycles based on max possible frequency in case a glitch occurs during ClockSetup(). *
 174:Generated_Source\PSoC4/cyfitter_cfg.c **** 	CY_SET_REG32((void CYXDATA *)(CYREG_CPUSS_FLASH_CTL), (0x0012u));
 175:Generated_Source\PSoC4/cyfitter_cfg.c **** 
 176:Generated_Source\PSoC4/cyfitter_cfg.c **** 	/* Start the WCO */
 177:Generated_Source\PSoC4/cyfitter_cfg.c **** 	CySysClkWcoStart();
 178:Generated_Source\PSoC4/cyfitter_cfg.c **** 	CyDelayCycles(12000000u); /* WCO may take up to 500ms to start */
 179:Generated_Source\PSoC4/cyfitter_cfg.c **** 	(void)CySysClkWcoSetPowerMode(CY_SYS_CLK_WCO_LPM);    /* Switch to the low power mode */
 180:Generated_Source\PSoC4/cyfitter_cfg.c **** 
 181:Generated_Source\PSoC4/cyfitter_cfg.c **** 	/* Setup and trim IMO based on desired frequency. */
 182:Generated_Source\PSoC4/cyfitter_cfg.c **** 	CySysClkWriteImoFreq(48u);
 183:Generated_Source\PSoC4/cyfitter_cfg.c **** 	/* CYDEV_CLK_ILO_CONFIG Starting address: CYDEV_CLK_ILO_CONFIG */
 184:Generated_Source\PSoC4/cyfitter_cfg.c **** 	CY_SET_REG32((void *)(CYREG_CLK_ILO_CONFIG), 0x80000006u);
 185:Generated_Source\PSoC4/cyfitter_cfg.c **** 
 186:Generated_Source\PSoC4/cyfitter_cfg.c **** 	/* CYDEV_WDT_CONFIG Starting address: CYDEV_WDT_CONFIG */
 187:Generated_Source\PSoC4/cyfitter_cfg.c **** 	CY_SET_REG32((void *)(CYREG_WDT_CONFIG), 0x40000000u);
 188:Generated_Source\PSoC4/cyfitter_cfg.c **** 
 189:Generated_Source\PSoC4/cyfitter_cfg.c **** 
 190:Generated_Source\PSoC4/cyfitter_cfg.c **** 	/* Enable fast start mode for XO */
 191:Generated_Source\PSoC4/cyfitter_cfg.c **** 	CY_SET_REG32((void*)CYREG_BLE_BLERD_BB_XO, CY_GET_REG32((void*)CYREG_BLE_BLERD_BB_XO) | (uint32)0x
 192:Generated_Source\PSoC4/cyfitter_cfg.c **** 	CY_SET_REG32((void *)(CYREG_BLE_BLERD_BB_XO_CAPTRIM), 0x00003E2Du);
 193:Generated_Source\PSoC4/cyfitter_cfg.c **** 	/*Set XTAL(ECO) divider*/
 194:Generated_Source\PSoC4/cyfitter_cfg.c **** 	CY_SET_REG32((void *)(CYREG_BLE_BLESS_XTAL_CLK_DIV_CONFIG), 0x00000000u);
 195:Generated_Source\PSoC4/cyfitter_cfg.c **** 	/* Disable Crystal Stable Interrupt before enabling ECO */
 196:Generated_Source\PSoC4/cyfitter_cfg.c **** 	CY_SET_REG32((void*)CYREG_BLE_BLESS_LL_DSM_CTRL, CY_GET_REG32((void*)CYREG_BLE_BLESS_LL_DSM_CTRL) 
 197:Generated_Source\PSoC4/cyfitter_cfg.c **** 	/* Start the ECO and do not check status since it is not needed for HFCLK */
 198:Generated_Source\PSoC4/cyfitter_cfg.c **** 	(void)CySysClkEcoStart(2000u);
 199:Generated_Source\PSoC4/cyfitter_cfg.c **** 	CyDelayUs(1500u); /* Wait to stabilize */
 200:Generated_Source\PSoC4/cyfitter_cfg.c **** 
 201:Generated_Source\PSoC4/cyfitter_cfg.c **** 	/* Setup phase aligned clocks */
 202:Generated_Source\PSoC4/cyfitter_cfg.c **** 	CY_SET_REG32((void *)CYREG_PERI_DIV_16_CTL0, 0x00013800u);
ARM GAS  C:\Users\HP\AppData\Local\Temp\ccCLynpI.s 			page 5


 203:Generated_Source\PSoC4/cyfitter_cfg.c **** 	CY_SET_REG32((void *)CYREG_PERI_DIV_CMD, 0x8000FF40u);
 204:Generated_Source\PSoC4/cyfitter_cfg.c **** 
 205:Generated_Source\PSoC4/cyfitter_cfg.c **** 	/* CYDEV_CLK_IMO_CONFIG Starting address: CYDEV_CLK_IMO_CONFIG */
 206:Generated_Source\PSoC4/cyfitter_cfg.c **** 	CY_SET_REG32((void *)(CYREG_CLK_IMO_CONFIG), 0x80000000u);
 207:Generated_Source\PSoC4/cyfitter_cfg.c **** 
 208:Generated_Source\PSoC4/cyfitter_cfg.c **** 	/* CYDEV_CLK_SELECT Starting address: CYDEV_CLK_SELECT */
 209:Generated_Source\PSoC4/cyfitter_cfg.c **** 	CY_SET_REG32((void *)(CYREG_CLK_SELECT), 0x00040000u);
 210:Generated_Source\PSoC4/cyfitter_cfg.c **** 
 211:Generated_Source\PSoC4/cyfitter_cfg.c **** 	/* CYDEV_PERI_PCLK_CTL1 Starting address: CYDEV_PERI_PCLK_CTL1 */
 212:Generated_Source\PSoC4/cyfitter_cfg.c **** 	CY_SET_REG32((void *)(CYREG_PERI_PCLK_CTL1), 0x00000040u);
 213:Generated_Source\PSoC4/cyfitter_cfg.c **** 
 214:Generated_Source\PSoC4/cyfitter_cfg.c **** 	(void)CyIntSetVector(8u, &CySysWdtIsr);
 215:Generated_Source\PSoC4/cyfitter_cfg.c **** 	CyIntEnable(8u);
 216:Generated_Source\PSoC4/cyfitter_cfg.c **** 	CY_SET_REG32((void *)(CYREG_WDT_CONFIG), 0x40000000u);
 217:Generated_Source\PSoC4/cyfitter_cfg.c **** }
 218:Generated_Source\PSoC4/cyfitter_cfg.c **** 
 219:Generated_Source\PSoC4/cyfitter_cfg.c **** 
 220:Generated_Source\PSoC4/cyfitter_cfg.c **** /* Analog API Functions */
 221:Generated_Source\PSoC4/cyfitter_cfg.c **** 
 222:Generated_Source\PSoC4/cyfitter_cfg.c **** 
 223:Generated_Source\PSoC4/cyfitter_cfg.c **** /*******************************************************************************
 224:Generated_Source\PSoC4/cyfitter_cfg.c **** * Function Name: AnalogSetDefault
 225:Generated_Source\PSoC4/cyfitter_cfg.c **** ********************************************************************************
 226:Generated_Source\PSoC4/cyfitter_cfg.c **** *
 227:Generated_Source\PSoC4/cyfitter_cfg.c **** * Summary:
 228:Generated_Source\PSoC4/cyfitter_cfg.c **** *  Sets up the analog portions of the chip to default values based on chip
 229:Generated_Source\PSoC4/cyfitter_cfg.c **** *  configuration options from the project.
 230:Generated_Source\PSoC4/cyfitter_cfg.c **** *
 231:Generated_Source\PSoC4/cyfitter_cfg.c **** * Parameters:
 232:Generated_Source\PSoC4/cyfitter_cfg.c **** *  void
 233:Generated_Source\PSoC4/cyfitter_cfg.c **** *
 234:Generated_Source\PSoC4/cyfitter_cfg.c **** * Return:
 235:Generated_Source\PSoC4/cyfitter_cfg.c **** *  void
 236:Generated_Source\PSoC4/cyfitter_cfg.c **** *
 237:Generated_Source\PSoC4/cyfitter_cfg.c **** *******************************************************************************/
 238:Generated_Source\PSoC4/cyfitter_cfg.c **** static void AnalogSetDefault(void);
 239:Generated_Source\PSoC4/cyfitter_cfg.c **** static void AnalogSetDefault(void)
 240:Generated_Source\PSoC4/cyfitter_cfg.c **** {
  27              		.loc 1 240 0
  28              		.cfi_startproc
  29              		@ args = 0, pretend = 0, frame = 0
  30              		@ frame_needed = 0, uses_anonymous_args = 0
  31              		@ link register save eliminated.
 241:Generated_Source\PSoC4/cyfitter_cfg.c **** 	CY_SET_XTND_REG32((void CYFAR *)CYREG_CTBM0_DFT_CTRL, 0x00000003u);
  32              		.loc 1 241 0
  33 0000 0323     		movs	r3, #3
  34 0002 044A     		ldr	r2, .L2
  35 0004 1360     		str	r3, [r2]
 242:Generated_Source\PSoC4/cyfitter_cfg.c **** 	CY_SET_XTND_REG32((void CYFAR *)CYREG_CTBM1_DFT_CTRL, 0x00000003u);
  36              		.loc 1 242 0
  37 0006 044A     		ldr	r2, .L2+4
  38 0008 1360     		str	r3, [r2]
 243:Generated_Source\PSoC4/cyfitter_cfg.c **** 	CY_SET_XTND_REG32((void CYFAR *)CYREG_PASS_DSAB_DSAB_CTRL, 0x00000000u);
  39              		.loc 1 243 0
  40 000a 0022     		movs	r2, #0
  41 000c 034B     		ldr	r3, .L2+8
  42 000e 1A60     		str	r2, [r3]
ARM GAS  C:\Users\HP\AppData\Local\Temp\ccCLynpI.s 			page 6


 244:Generated_Source\PSoC4/cyfitter_cfg.c **** }
  43              		.loc 1 244 0
  44              		@ sp needed
  45 0010 7047     		bx	lr
  46              	.L3:
  47 0012 C046     		.align	2
  48              	.L2:
  49 0014 30003040 		.word	1076887600
  50 0018 30003140 		.word	1076953136
  51 001c 000E3F40 		.word	1077874176
  52              		.cfi_endproc
  53              	.LFE6:
  54              		.size	AnalogSetDefault, .-AnalogSetDefault
  55              		.section	.text.CYMEMZERO,"ax",%progbits
  56              		.align	2
  57              		.code	16
  58              		.thumb_func
  59              		.type	CYMEMZERO, %function
  60              	CYMEMZERO:
  61              	.LFB2:
  77:Generated_Source\PSoC4/cyfitter_cfg.c **** 	(void)memset(s, 0, n);
  62              		.loc 1 77 0
  63              		.cfi_startproc
  64              		@ args = 0, pretend = 0, frame = 0
  65              		@ frame_needed = 0, uses_anonymous_args = 0
  66              	.LVL0:
  67 0000 10B5     		push	{r4, lr}
  68              		.cfi_def_cfa_offset 8
  69              		.cfi_offset 4, -8
  70              		.cfi_offset 14, -4
  71 0002 0A00     		movs	r2, r1
  78:Generated_Source\PSoC4/cyfitter_cfg.c **** }
  72              		.loc 1 78 0
  73 0004 0021     		movs	r1, #0
  74              	.LVL1:
  75 0006 FFF7FEFF 		bl	memset
  76              	.LVL2:
  79:Generated_Source\PSoC4/cyfitter_cfg.c **** CY_CFG_UNUSED
  77              		.loc 1 79 0
  78              		@ sp needed
  79 000a 10BD     		pop	{r4, pc}
  80              		.cfi_endproc
  81              	.LFE2:
  82              		.size	CYMEMZERO, .-CYMEMZERO
  83              		.section	.psocinit,"ax",%progbits
  84              		.align	2
  85              		.code	16
  86              		.thumb_func
  87              		.type	ClockSetup, %function
  88              	ClockSetup:
  89              	.LFB5:
 171:Generated_Source\PSoC4/cyfitter_cfg.c **** 
  90              		.loc 1 171 0
  91              		.cfi_startproc
  92              		@ args = 0, pretend = 0, frame = 0
  93              		@ frame_needed = 0, uses_anonymous_args = 0
  94 0000 70B5     		push	{r4, r5, r6, lr}
ARM GAS  C:\Users\HP\AppData\Local\Temp\ccCLynpI.s 			page 7


  95              		.cfi_def_cfa_offset 16
  96              		.cfi_offset 4, -16
  97              		.cfi_offset 5, -12
  98              		.cfi_offset 6, -8
  99              		.cfi_offset 14, -4
 174:Generated_Source\PSoC4/cyfitter_cfg.c **** 
 100              		.loc 1 174 0
 101 0002 1222     		movs	r2, #18
 102 0004 224B     		ldr	r3, .L6
 103 0006 1A60     		str	r2, [r3]
 177:Generated_Source\PSoC4/cyfitter_cfg.c **** 	CyDelayCycles(12000000u); /* WCO may take up to 500ms to start */
 104              		.loc 1 177 0
 105 0008 FFF7FEFF 		bl	CySysClkWcoStart
 106              	.LVL3:
 178:Generated_Source\PSoC4/cyfitter_cfg.c **** 	(void)CySysClkWcoSetPowerMode(CY_SYS_CLK_WCO_LPM);    /* Switch to the low power mode */
 107              		.loc 1 178 0
 108 000c 2148     		ldr	r0, .L6+4
 109 000e FFF7FEFF 		bl	CyDelayCycles
 110              	.LVL4:
 179:Generated_Source\PSoC4/cyfitter_cfg.c **** 
 111              		.loc 1 179 0
 112 0012 0120     		movs	r0, #1
 113 0014 FFF7FEFF 		bl	CySysClkWcoSetPowerMode
 114              	.LVL5:
 182:Generated_Source\PSoC4/cyfitter_cfg.c **** 	/* CYDEV_CLK_ILO_CONFIG Starting address: CYDEV_CLK_ILO_CONFIG */
 115              		.loc 1 182 0
 116 0018 3020     		movs	r0, #48
 117 001a FFF7FEFF 		bl	CySysClkWriteImoFreq
 118              	.LVL6:
 184:Generated_Source\PSoC4/cyfitter_cfg.c **** 
 119              		.loc 1 184 0
 120 001e 1E4A     		ldr	r2, .L6+8
 121 0020 1E4B     		ldr	r3, .L6+12
 122 0022 1A60     		str	r2, [r3]
 187:Generated_Source\PSoC4/cyfitter_cfg.c **** 
 123              		.loc 1 187 0
 124 0024 1E4C     		ldr	r4, .L6+16
 125 0026 8025     		movs	r5, #128
 126 0028 ED05     		lsls	r5, r5, #23
 127 002a 2560     		str	r5, [r4]
 191:Generated_Source\PSoC4/cyfitter_cfg.c **** 	CY_SET_REG32((void *)(CYREG_BLE_BLERD_BB_XO_CAPTRIM), 0x00003E2Du);
 128              		.loc 1 191 0
 129 002c 1D4A     		ldr	r2, .L6+20
 130 002e 1168     		ldr	r1, [r2]
 131 0030 0223     		movs	r3, #2
 132 0032 0B43     		orrs	r3, r1
 133 0034 1360     		str	r3, [r2]
 192:Generated_Source\PSoC4/cyfitter_cfg.c **** 	/*Set XTAL(ECO) divider*/
 134              		.loc 1 192 0
 135 0036 1C4A     		ldr	r2, .L6+24
 136 0038 1C4B     		ldr	r3, .L6+28
 137 003a 1A60     		str	r2, [r3]
 194:Generated_Source\PSoC4/cyfitter_cfg.c **** 	/* Disable Crystal Stable Interrupt before enabling ECO */
 138              		.loc 1 194 0
 139 003c 0022     		movs	r2, #0
 140 003e 1C4B     		ldr	r3, .L6+32
 141 0040 1A60     		str	r2, [r3]
ARM GAS  C:\Users\HP\AppData\Local\Temp\ccCLynpI.s 			page 8


 196:Generated_Source\PSoC4/cyfitter_cfg.c **** 	/* Start the ECO and do not check status since it is not needed for HFCLK */
 142              		.loc 1 196 0
 143 0042 1C4A     		ldr	r2, .L6+36
 144 0044 1368     		ldr	r3, [r2]
 145 0046 0821     		movs	r1, #8
 146 0048 8B43     		bics	r3, r1
 147 004a 1360     		str	r3, [r2]
 198:Generated_Source\PSoC4/cyfitter_cfg.c **** 	CyDelayUs(1500u); /* Wait to stabilize */
 148              		.loc 1 198 0
 149 004c FA20     		movs	r0, #250
 150 004e C000     		lsls	r0, r0, #3
 151 0050 FFF7FEFF 		bl	CySysClkEcoStart
 152              	.LVL7:
 199:Generated_Source\PSoC4/cyfitter_cfg.c **** 
 153              		.loc 1 199 0
 154 0054 1848     		ldr	r0, .L6+40
 155 0056 FFF7FEFF 		bl	CyDelayUs
 156              	.LVL8:
 202:Generated_Source\PSoC4/cyfitter_cfg.c **** 	CY_SET_REG32((void *)CYREG_PERI_DIV_CMD, 0x8000FF40u);
 157              		.loc 1 202 0
 158 005a 9C22     		movs	r2, #156
 159 005c 5202     		lsls	r2, r2, #9
 160 005e 174B     		ldr	r3, .L6+44
 161 0060 1A60     		str	r2, [r3]
 203:Generated_Source\PSoC4/cyfitter_cfg.c **** 
 162              		.loc 1 203 0
 163 0062 174A     		ldr	r2, .L6+48
 164 0064 174B     		ldr	r3, .L6+52
 165 0066 1A60     		str	r2, [r3]
 206:Generated_Source\PSoC4/cyfitter_cfg.c **** 
 166              		.loc 1 206 0
 167 0068 8022     		movs	r2, #128
 168 006a 1206     		lsls	r2, r2, #24
 169 006c 164B     		ldr	r3, .L6+56
 170 006e 1A60     		str	r2, [r3]
 209:Generated_Source\PSoC4/cyfitter_cfg.c **** 
 171              		.loc 1 209 0
 172 0070 8022     		movs	r2, #128
 173 0072 D202     		lsls	r2, r2, #11
 174 0074 154B     		ldr	r3, .L6+60
 175 0076 1A60     		str	r2, [r3]
 212:Generated_Source\PSoC4/cyfitter_cfg.c **** 
 176              		.loc 1 212 0
 177 0078 4022     		movs	r2, #64
 178 007a 154B     		ldr	r3, .L6+64
 179 007c 1A60     		str	r2, [r3]
 214:Generated_Source\PSoC4/cyfitter_cfg.c **** 	CyIntEnable(8u);
 180              		.loc 1 214 0
 181 007e 1549     		ldr	r1, .L6+68
 182 0080 0820     		movs	r0, #8
 183 0082 FFF7FEFF 		bl	CyIntSetVector
 184              	.LVL9:
 215:Generated_Source\PSoC4/cyfitter_cfg.c **** 	CY_SET_REG32((void *)(CYREG_WDT_CONFIG), 0x40000000u);
 185              		.loc 1 215 0
 186 0086 0820     		movs	r0, #8
 187 0088 FFF7FEFF 		bl	CyIntEnable
 188              	.LVL10:
ARM GAS  C:\Users\HP\AppData\Local\Temp\ccCLynpI.s 			page 9


 216:Generated_Source\PSoC4/cyfitter_cfg.c **** }
 189              		.loc 1 216 0
 190 008c 2560     		str	r5, [r4]
 217:Generated_Source\PSoC4/cyfitter_cfg.c **** 
 191              		.loc 1 217 0
 192              		@ sp needed
 193 008e 70BD     		pop	{r4, r5, r6, pc}
 194              	.L7:
 195              		.align	2
 196              	.L6:
 197 0090 30001040 		.word	1074790448
 198 0094 001BB700 		.word	12000000
 199 0098 06000080 		.word	-2147483642
 200 009c 04010B40 		.word	1074462980
 201 00a0 0C020B40 		.word	1074463244
 202 00a4 78002E40 		.word	1076756600
 203 00a8 2D3E0000 		.word	15917
 204 00ac 7C002E40 		.word	1076756604
 205 00b0 64F02E40 		.word	1076818020
 206 00b4 6CF02E40 		.word	1076818028
 207 00b8 DC050000 		.word	1500
 208 00bc 00030140 		.word	1073808128
 209 00c0 40FF0080 		.word	-2147418304
 210 00c4 00000140 		.word	1073807360
 211 00c8 08010B40 		.word	1074462984
 212 00cc 00010B40 		.word	1074462976
 213 00d0 04010140 		.word	1073807620
 214 00d4 00000000 		.word	CySysWdtIsr
 215              		.cfi_endproc
 216              	.LFE5:
 217              		.size	ClockSetup, .-ClockSetup
 218              		.align	2
 219              		.global	cyfitter_cfg
 220              		.code	16
 221              		.thumb_func
 222              		.type	cyfitter_cfg, %function
 223              	cyfitter_cfg:
 224              	.LFB7:
 245:Generated_Source\PSoC4/cyfitter_cfg.c **** 
 246:Generated_Source\PSoC4/cyfitter_cfg.c **** 
 247:Generated_Source\PSoC4/cyfitter_cfg.c **** 
 248:Generated_Source\PSoC4/cyfitter_cfg.c **** 
 249:Generated_Source\PSoC4/cyfitter_cfg.c **** /*******************************************************************************
 250:Generated_Source\PSoC4/cyfitter_cfg.c **** * Function Name: cyfitter_cfg
 251:Generated_Source\PSoC4/cyfitter_cfg.c **** ********************************************************************************
 252:Generated_Source\PSoC4/cyfitter_cfg.c **** * Summary:
 253:Generated_Source\PSoC4/cyfitter_cfg.c **** *  This function is called by the start-up code for the selected device. It
 254:Generated_Source\PSoC4/cyfitter_cfg.c **** *  performs all of the necessary device configuration based on the design
 255:Generated_Source\PSoC4/cyfitter_cfg.c **** *  settings.  This includes settings from the Design Wide Resources (DWR) such
 256:Generated_Source\PSoC4/cyfitter_cfg.c **** *  as Clocks and Pins as well as any component configuration that is necessary.
 257:Generated_Source\PSoC4/cyfitter_cfg.c **** *
 258:Generated_Source\PSoC4/cyfitter_cfg.c **** * Parameters:
 259:Generated_Source\PSoC4/cyfitter_cfg.c **** *   void
 260:Generated_Source\PSoC4/cyfitter_cfg.c **** *
 261:Generated_Source\PSoC4/cyfitter_cfg.c **** * Return:
 262:Generated_Source\PSoC4/cyfitter_cfg.c **** *   void
 263:Generated_Source\PSoC4/cyfitter_cfg.c **** *
ARM GAS  C:\Users\HP\AppData\Local\Temp\ccCLynpI.s 			page 10


 264:Generated_Source\PSoC4/cyfitter_cfg.c **** *******************************************************************************/
 265:Generated_Source\PSoC4/cyfitter_cfg.c **** CY_CFG_SECTION
 266:Generated_Source\PSoC4/cyfitter_cfg.c **** void cyfitter_cfg(void)
 267:Generated_Source\PSoC4/cyfitter_cfg.c **** {
 225              		.loc 1 267 0
 226              		.cfi_startproc
 227              		@ args = 0, pretend = 0, frame = 0
 228              		@ frame_needed = 0, uses_anonymous_args = 0
 229 00d8 10B5     		push	{r4, lr}
 230              		.cfi_def_cfa_offset 8
 231              		.cfi_offset 4, -8
 232              		.cfi_offset 14, -4
 268:Generated_Source\PSoC4/cyfitter_cfg.c **** 	/* Disable interrupts by default. Let user enable if/when they want. */
 269:Generated_Source\PSoC4/cyfitter_cfg.c **** 	CyGlobalIntDisable;
 233              		.loc 1 269 0
 234              		.syntax divided
 235              	@ 269 "Generated_Source\PSoC4\cyfitter_cfg.c" 1
 236 00da 72B6     		CPSID   i
 237              	@ 0 "" 2
 270:Generated_Source\PSoC4/cyfitter_cfg.c **** 
 271:Generated_Source\PSoC4/cyfitter_cfg.c **** 	CY_SET_REG32((void *)(CYREG_BLE_BLESS_LL_DSM_CTRL), 0x00000000u);
 238              		.loc 1 271 0
 239              		.thumb
 240              		.syntax unified
 241 00dc 0022     		movs	r2, #0
 242 00de 214B     		ldr	r3, .L11
 243 00e0 1A60     		str	r2, [r3]
 244              	.LVL11:
 245              	.LBB2:
 272:Generated_Source\PSoC4/cyfitter_cfg.c **** 
 273:Generated_Source\PSoC4/cyfitter_cfg.c **** 	{
 274:Generated_Source\PSoC4/cyfitter_cfg.c **** 
 275:Generated_Source\PSoC4/cyfitter_cfg.c **** 		CYPACKED typedef struct {
 276:Generated_Source\PSoC4/cyfitter_cfg.c **** 			void CYFAR *address;
 277:Generated_Source\PSoC4/cyfitter_cfg.c **** 			uint16 size;
 278:Generated_Source\PSoC4/cyfitter_cfg.c **** 		} CYPACKED_ATTR cfg_memset_t;
 279:Generated_Source\PSoC4/cyfitter_cfg.c **** 
 280:Generated_Source\PSoC4/cyfitter_cfg.c **** 		static const cfg_memset_t CYCODE cfg_memset_list[] = {
 281:Generated_Source\PSoC4/cyfitter_cfg.c **** 			/* address, size */
 282:Generated_Source\PSoC4/cyfitter_cfg.c **** 			{(void CYFAR *)(CYDEV_UDB_P0_U0_BASE), 1024u},
 283:Generated_Source\PSoC4/cyfitter_cfg.c **** 			{(void CYFAR *)(CYDEV_UDB_DSI0_BASE), 1024u},
 284:Generated_Source\PSoC4/cyfitter_cfg.c **** 		};
 285:Generated_Source\PSoC4/cyfitter_cfg.c **** 
 286:Generated_Source\PSoC4/cyfitter_cfg.c **** 		uint8 CYDATA i;
 287:Generated_Source\PSoC4/cyfitter_cfg.c **** 
 288:Generated_Source\PSoC4/cyfitter_cfg.c **** 		/* Zero out critical memory blocks before beginning configuration */
 289:Generated_Source\PSoC4/cyfitter_cfg.c **** 		for (i = 0u; i < (sizeof(cfg_memset_list)/sizeof(cfg_memset_list[0])); i++)
 246              		.loc 1 289 0
 247 00e2 0024     		movs	r4, #0
 248 00e4 0FE0     		b	.L9
 249              	.LVL12:
 250              	.L10:
 251              	.LBB3:
 290:Generated_Source\PSoC4/cyfitter_cfg.c **** 		{
 291:Generated_Source\PSoC4/cyfitter_cfg.c **** 			const cfg_memset_t CYCODE * CYDATA ms = &cfg_memset_list[i];
 292:Generated_Source\PSoC4/cyfitter_cfg.c **** 			CYMEMZERO(ms->address, (size_t)(uint32)(ms->size));
 252              		.loc 1 292 0 discriminator 3
ARM GAS  C:\Users\HP\AppData\Local\Temp\ccCLynpI.s 			page 11


 253 00e6 2048     		ldr	r0, .L11+4
 254 00e8 6200     		lsls	r2, r4, #1
 255 00ea 1319     		adds	r3, r2, r4
 256 00ec 5900     		lsls	r1, r3, #1
 257 00ee 0B00     		movs	r3, r1
 258 00f0 4118     		adds	r1, r0, r1
 259 00f2 8988     		ldrh	r1, [r1, #4]
 260 00f4 1A5A     		ldrh	r2, [r3, r0]
 261 00f6 C318     		adds	r3, r0, r3
 262 00f8 5888     		ldrh	r0, [r3, #2]
 263 00fa 0004     		lsls	r0, r0, #16
 264 00fc 1043     		orrs	r0, r2
 265 00fe FFF7FEFF 		bl	CYMEMZERO
 266              	.LVL13:
 267              	.LBE3:
 289:Generated_Source\PSoC4/cyfitter_cfg.c **** 		{
 268              		.loc 1 289 0 discriminator 3
 269 0102 0134     		adds	r4, r4, #1
 270              	.LVL14:
 271 0104 E4B2     		uxtb	r4, r4
 272              	.LVL15:
 273              	.L9:
 289:Generated_Source\PSoC4/cyfitter_cfg.c **** 		{
 274              		.loc 1 289 0 is_stmt 0 discriminator 1
 275 0106 012C     		cmp	r4, #1
 276 0108 EDD9     		bls	.L10
 293:Generated_Source\PSoC4/cyfitter_cfg.c **** 		}
 294:Generated_Source\PSoC4/cyfitter_cfg.c **** 
 295:Generated_Source\PSoC4/cyfitter_cfg.c **** 		/* HSIOM Starting address: CYDEV_HSIOM_BASE */
 296:Generated_Source\PSoC4/cyfitter_cfg.c **** 		CY_SET_REG32((void *)(CYDEV_HSIOM_BASE), 0xEE000000u);
 277              		.loc 1 296 0 is_stmt 1
 278 010a EE22     		movs	r2, #238
 279 010c 1206     		lsls	r2, r2, #24
 280 010e 174B     		ldr	r3, .L11+8
 281 0110 1A60     		str	r2, [r3]
 297:Generated_Source\PSoC4/cyfitter_cfg.c **** 		CY_SET_REG32((void *)(CYREG_HSIOM_PORT_SEL1), 0x00990000u);
 282              		.loc 1 297 0
 283 0112 9923     		movs	r3, #153
 284 0114 1B04     		lsls	r3, r3, #16
 285 0116 164A     		ldr	r2, .L11+12
 286 0118 1360     		str	r3, [r2]
 298:Generated_Source\PSoC4/cyfitter_cfg.c **** 
 299:Generated_Source\PSoC4/cyfitter_cfg.c **** 		/* UDB_PA_0 Starting address: CYDEV_UDB_PA0_BASE */
 300:Generated_Source\PSoC4/cyfitter_cfg.c **** 		CY_SET_REG32((void *)(CYDEV_UDB_PA0_BASE), 0x00990000u);
 287              		.loc 1 300 0
 288 011a 164A     		ldr	r2, .L11+16
 289 011c 1360     		str	r3, [r2]
 301:Generated_Source\PSoC4/cyfitter_cfg.c **** 
 302:Generated_Source\PSoC4/cyfitter_cfg.c **** 		/* UDB_PA_1 Starting address: CYDEV_UDB_PA1_BASE */
 303:Generated_Source\PSoC4/cyfitter_cfg.c **** 		CY_SET_REG32((void *)(CYDEV_UDB_PA1_BASE), 0x00990000u);
 290              		.loc 1 303 0
 291 011e 164A     		ldr	r2, .L11+20
 292 0120 1360     		str	r3, [r2]
 304:Generated_Source\PSoC4/cyfitter_cfg.c **** 
 305:Generated_Source\PSoC4/cyfitter_cfg.c **** 		/* UDB_PA_2 Starting address: CYDEV_UDB_PA2_BASE */
 306:Generated_Source\PSoC4/cyfitter_cfg.c **** 		CY_SET_REG32((void *)(CYDEV_UDB_PA2_BASE), 0x00990000u);
 293              		.loc 1 306 0
ARM GAS  C:\Users\HP\AppData\Local\Temp\ccCLynpI.s 			page 12


 294 0122 164A     		ldr	r2, .L11+24
 295 0124 1360     		str	r3, [r2]
 307:Generated_Source\PSoC4/cyfitter_cfg.c **** 
 308:Generated_Source\PSoC4/cyfitter_cfg.c **** 		/* UDB_PA_3 Starting address: CYDEV_UDB_PA3_BASE */
 309:Generated_Source\PSoC4/cyfitter_cfg.c **** 		CY_SET_REG32((void *)(CYDEV_UDB_PA3_BASE), 0x00990000u);
 296              		.loc 1 309 0
 297 0126 164A     		ldr	r2, .L11+28
 298 0128 1360     		str	r3, [r2]
 310:Generated_Source\PSoC4/cyfitter_cfg.c **** 
 311:Generated_Source\PSoC4/cyfitter_cfg.c **** 		/* Enable digital routing */
 312:Generated_Source\PSoC4/cyfitter_cfg.c **** 		CY_SET_XTND_REG8((void *)CYREG_UDB_UDBIF_BANK_CTL, (uint8)(CY_GET_XTND_REG8((void *)CYREG_UDB_UDB
 299              		.loc 1 312 0
 300 012a 164A     		ldr	r2, .L11+32
 301 012c 1178     		ldrb	r1, [r2]
 302 012e 0623     		movs	r3, #6
 303 0130 0B43     		orrs	r3, r1
 304 0132 DBB2     		uxtb	r3, r3
 305 0134 1370     		strb	r3, [r2]
 306              	.LBE2:
 313:Generated_Source\PSoC4/cyfitter_cfg.c **** 	}
 314:Generated_Source\PSoC4/cyfitter_cfg.c **** 
 315:Generated_Source\PSoC4/cyfitter_cfg.c **** 	/* Perform second pass device configuration. These items must be configured in specific order afte
 316:Generated_Source\PSoC4/cyfitter_cfg.c **** 	/* IOPINS0_0 Starting address: CYDEV_GPIO_PRT0_BASE */
 317:Generated_Source\PSoC4/cyfitter_cfg.c **** 	CY_SET_REG32((void *)(CYREG_GPIO_PRT0_PC), 0x00D80036u);
 307              		.loc 1 317 0
 308 0136 144A     		ldr	r2, .L11+36
 309 0138 144B     		ldr	r3, .L11+40
 310 013a 1A60     		str	r2, [r3]
 318:Generated_Source\PSoC4/cyfitter_cfg.c **** 
 319:Generated_Source\PSoC4/cyfitter_cfg.c **** 	/* IOPINS0_1 Starting address: CYDEV_GPIO_PRT1_BASE */
 320:Generated_Source\PSoC4/cyfitter_cfg.c **** 	CY_SET_REG32((void *)(CYDEV_GPIO_PRT1_BASE), 0x00000020u);
 311              		.loc 1 320 0
 312 013c 2023     		movs	r3, #32
 313 013e 144A     		ldr	r2, .L11+44
 314 0140 1360     		str	r3, [r2]
 321:Generated_Source\PSoC4/cyfitter_cfg.c **** 	CY_SET_REG32((void *)(CYREG_GPIO_PRT1_PC), 0x00031000u);
 315              		.loc 1 321 0
 316 0142 C421     		movs	r1, #196
 317 0144 8902     		lsls	r1, r1, #10
 318 0146 134A     		ldr	r2, .L11+48
 319 0148 1160     		str	r1, [r2]
 322:Generated_Source\PSoC4/cyfitter_cfg.c **** 	CY_SET_REG32((void *)(CYREG_GPIO_PRT1_PC2), 0x00000020u);
 320              		.loc 1 322 0
 321 014a 134A     		ldr	r2, .L11+52
 322 014c 1360     		str	r3, [r2]
 323:Generated_Source\PSoC4/cyfitter_cfg.c **** 
 324:Generated_Source\PSoC4/cyfitter_cfg.c **** 	/* IOPINS0_2 Starting address: CYDEV_GPIO_PRT2_BASE */
 325:Generated_Source\PSoC4/cyfitter_cfg.c **** 	CY_SET_REG32((void *)(CYREG_GPIO_PRT2_PC), 0x00036D86u);
 323              		.loc 1 325 0
 324 014e 134B     		ldr	r3, .L11+56
 325 0150 134A     		ldr	r2, .L11+60
 326 0152 1360     		str	r3, [r2]
 326:Generated_Source\PSoC4/cyfitter_cfg.c **** 
 327:Generated_Source\PSoC4/cyfitter_cfg.c **** 	/* IOPINS0_3 Starting address: CYDEV_GPIO_PRT3_BASE */
 328:Generated_Source\PSoC4/cyfitter_cfg.c **** 	CY_SET_REG32((void *)(CYREG_GPIO_PRT3_PC), 0x00036D86u);
 327              		.loc 1 328 0
 328 0154 134A     		ldr	r2, .L11+64
ARM GAS  C:\Users\HP\AppData\Local\Temp\ccCLynpI.s 			page 13


 329 0156 1360     		str	r3, [r2]
 329:Generated_Source\PSoC4/cyfitter_cfg.c **** 
 330:Generated_Source\PSoC4/cyfitter_cfg.c **** 
 331:Generated_Source\PSoC4/cyfitter_cfg.c **** 	/* Setup clocks based on selections from Clock DWR */
 332:Generated_Source\PSoC4/cyfitter_cfg.c **** 	ClockSetup();
 330              		.loc 1 332 0
 331 0158 FFF752FF 		bl	ClockSetup
 332              	.LVL16:
 333:Generated_Source\PSoC4/cyfitter_cfg.c **** 
 334:Generated_Source\PSoC4/cyfitter_cfg.c **** 	/* Perform basic analog initialization to defaults */
 335:Generated_Source\PSoC4/cyfitter_cfg.c **** 	AnalogSetDefault();
 333              		.loc 1 335 0
 334 015c FFF7FEFF 		bl	AnalogSetDefault
 335              	.LVL17:
 336:Generated_Source\PSoC4/cyfitter_cfg.c **** 
 337:Generated_Source\PSoC4/cyfitter_cfg.c **** }
 336              		.loc 1 337 0
 337              		@ sp needed
 338              	.LVL18:
 339 0160 10BD     		pop	{r4, pc}
 340              	.L12:
 341 0162 C046     		.align	2
 342              	.L11:
 343 0164 6CF02E40 		.word	1076818028
 344 0168 00000000 		.word	.LANCHOR0
 345 016c 00000240 		.word	1073872896
 346 0170 00010240 		.word	1073873152
 347 0174 00500F40 		.word	1074745344
 348 0178 10500F40 		.word	1074745360
 349 017c 20500F40 		.word	1074745376
 350 0180 30500F40 		.word	1074745392
 351 0184 00700F40 		.word	1074753536
 352 0188 3600D800 		.word	14155830
 353 018c 08000440 		.word	1074003976
 354 0190 00010440 		.word	1074004224
 355 0194 08010440 		.word	1074004232
 356 0198 18010440 		.word	1074004248
 357 019c 866D0300 		.word	224646
 358 01a0 08020440 		.word	1074004488
 359 01a4 08030440 		.word	1074004744
 360              		.cfi_endproc
 361              	.LFE7:
 362              		.size	cyfitter_cfg, .-cyfitter_cfg
 363              		.section	.rodata
 364              		.align	2
 365              		.set	.LANCHOR0,. + 0
 366              		.type	cfg_memset_list.4893, %object
 367              		.size	cfg_memset_list.4893, 12
 368              	cfg_memset_list.4893:
 369 0000 00300F40 		.word	1074737152
 370 0004 0004     		.short	1024
 371 0006 00400F40 		.4byte	1074741248
 372 000a 0004     		.short	1024
 373              		.text
 374              	.Letext0:
 375              		.file 2 "c:\\program files (x86)\\cypress\\psoc creator\\4.4\\psoc creator\\import\\gnu\\arm\\5.4.
 376              		.file 3 "Generated_Source\\PSoC4\\cytypes.h"
ARM GAS  C:\Users\HP\AppData\Local\Temp\ccCLynpI.s 			page 14


 377              		.file 4 "Generated_Source\\PSoC4\\CyLFClk.h"
 378              		.file 5 "Generated_Source\\PSoC4\\CyLib.h"
 379              		.section	.debug_info,"",%progbits
 380              	.Ldebug_info0:
 381 0000 29030000 		.4byte	0x329
 382 0004 0400     		.2byte	0x4
 383 0006 00000000 		.4byte	.Ldebug_abbrev0
 384 000a 04       		.byte	0x4
 385 000b 01       		.uleb128 0x1
 386 000c 6C010000 		.4byte	.LASF34
 387 0010 0C       		.byte	0xc
 388 0011 7E020000 		.4byte	.LASF35
 389 0015 56000000 		.4byte	.LASF36
 390 0019 00000000 		.4byte	.Ldebug_ranges0+0
 391 001d 00000000 		.4byte	0
 392 0021 00000000 		.4byte	.Ldebug_line0
 393 0025 02       		.uleb128 0x2
 394 0026 04       		.byte	0x4
 395 0027 05       		.byte	0x5
 396 0028 696E7400 		.ascii	"int\000"
 397 002c 03       		.uleb128 0x3
 398 002d 14000000 		.4byte	.LASF12
 399 0031 02       		.byte	0x2
 400 0032 D8       		.byte	0xd8
 401 0033 37000000 		.4byte	0x37
 402 0037 04       		.uleb128 0x4
 403 0038 04       		.byte	0x4
 404 0039 07       		.byte	0x7
 405 003a 33010000 		.4byte	.LASF0
 406 003e 04       		.uleb128 0x4
 407 003f 08       		.byte	0x8
 408 0040 05       		.byte	0x5
 409 0041 10020000 		.4byte	.LASF1
 410 0045 04       		.uleb128 0x4
 411 0046 08       		.byte	0x8
 412 0047 04       		.byte	0x4
 413 0048 66020000 		.4byte	.LASF2
 414 004c 04       		.uleb128 0x4
 415 004d 01       		.byte	0x1
 416 004e 06       		.byte	0x6
 417 004f 72020000 		.4byte	.LASF3
 418 0053 04       		.uleb128 0x4
 419 0054 01       		.byte	0x1
 420 0055 08       		.byte	0x8
 421 0056 FD000000 		.4byte	.LASF4
 422 005a 04       		.uleb128 0x4
 423 005b 02       		.byte	0x2
 424 005c 05       		.byte	0x5
 425 005d 3E020000 		.4byte	.LASF5
 426 0061 04       		.uleb128 0x4
 427 0062 02       		.byte	0x2
 428 0063 07       		.byte	0x7
 429 0064 8F000000 		.4byte	.LASF6
 430 0068 04       		.uleb128 0x4
 431 0069 04       		.byte	0x4
 432 006a 05       		.byte	0x5
 433 006b 5D020000 		.4byte	.LASF7
ARM GAS  C:\Users\HP\AppData\Local\Temp\ccCLynpI.s 			page 15


 434 006f 04       		.uleb128 0x4
 435 0070 04       		.byte	0x4
 436 0071 07       		.byte	0x7
 437 0072 CA000000 		.4byte	.LASF8
 438 0076 04       		.uleb128 0x4
 439 0077 08       		.byte	0x8
 440 0078 07       		.byte	0x7
 441 0079 55010000 		.4byte	.LASF9
 442 007d 04       		.uleb128 0x4
 443 007e 04       		.byte	0x4
 444 007f 07       		.byte	0x7
 445 0080 07020000 		.4byte	.LASF10
 446 0084 05       		.uleb128 0x5
 447 0085 04       		.byte	0x4
 448 0086 04       		.uleb128 0x4
 449 0087 01       		.byte	0x1
 450 0088 08       		.byte	0x8
 451 0089 28020000 		.4byte	.LASF11
 452 008d 06       		.uleb128 0x6
 453 008e DC000000 		.4byte	.LASF13
 454 0092 03       		.byte	0x3
 455 0093 FC01     		.2byte	0x1fc
 456 0095 53000000 		.4byte	0x53
 457 0099 06       		.uleb128 0x6
 458 009a 25010000 		.4byte	.LASF14
 459 009e 03       		.byte	0x3
 460 009f FD01     		.2byte	0x1fd
 461 00a1 61000000 		.4byte	0x61
 462 00a5 06       		.uleb128 0x6
 463 00a6 2C010000 		.4byte	.LASF15
 464 00aa 03       		.byte	0x3
 465 00ab FE01     		.2byte	0x1fe
 466 00ad 6F000000 		.4byte	0x6f
 467 00b1 04       		.uleb128 0x4
 468 00b2 04       		.byte	0x4
 469 00b3 04       		.byte	0x4
 470 00b4 A2000000 		.4byte	.LASF16
 471 00b8 04       		.uleb128 0x4
 472 00b9 08       		.byte	0x8
 473 00ba 04       		.byte	0x4
 474 00bb 12010000 		.4byte	.LASF17
 475 00bf 06       		.uleb128 0x6
 476 00c0 C5000000 		.4byte	.LASF18
 477 00c4 03       		.byte	0x3
 478 00c5 A602     		.2byte	0x2a6
 479 00c7 CB000000 		.4byte	0xcb
 480 00cb 07       		.uleb128 0x7
 481 00cc 8D000000 		.4byte	0x8d
 482 00d0 06       		.uleb128 0x6
 483 00d1 0E000000 		.4byte	.LASF19
 484 00d5 03       		.byte	0x3
 485 00d6 A802     		.2byte	0x2a8
 486 00d8 DC000000 		.4byte	0xdc
 487 00dc 07       		.uleb128 0x7
 488 00dd A5000000 		.4byte	0xa5
 489 00e1 08       		.uleb128 0x8
 490 00e2 1B000000 		.4byte	.LASF37
ARM GAS  C:\Users\HP\AppData\Local\Temp\ccCLynpI.s 			page 16


 491 00e6 01       		.byte	0x1
 492 00e7 EF       		.byte	0xef
 493 00e8 00000000 		.4byte	.LFB6
 494 00ec 20000000 		.4byte	.LFE6-.LFB6
 495 00f0 01       		.uleb128 0x1
 496 00f1 9C       		.byte	0x9c
 497 00f2 09       		.uleb128 0x9
 498 00f3 F3000000 		.4byte	.LASF20
 499 00f7 01       		.byte	0x1
 500 00f8 4C       		.byte	0x4c
 501 00f9 00000000 		.4byte	.LFB2
 502 00fd 0C000000 		.4byte	.LFE2-.LFB2
 503 0101 01       		.uleb128 0x1
 504 0102 9C       		.byte	0x9c
 505 0103 3F010000 		.4byte	0x13f
 506 0107 0A       		.uleb128 0xa
 507 0108 7300     		.ascii	"s\000"
 508 010a 01       		.byte	0x1
 509 010b 4C       		.byte	0x4c
 510 010c 84000000 		.4byte	0x84
 511 0110 00000000 		.4byte	.LLST0
 512 0114 0A       		.uleb128 0xa
 513 0115 6E00     		.ascii	"n\000"
 514 0117 01       		.byte	0x1
 515 0118 4C       		.byte	0x4c
 516 0119 2C000000 		.4byte	0x2c
 517 011d 21000000 		.4byte	.LLST1
 518 0121 0B       		.uleb128 0xb
 519 0122 0A000000 		.4byte	.LVL2
 520 0126 CB020000 		.4byte	0x2cb
 521 012a 0C       		.uleb128 0xc
 522 012b 01       		.uleb128 0x1
 523 012c 50       		.byte	0x50
 524 012d 03       		.uleb128 0x3
 525 012e F3       		.byte	0xf3
 526 012f 01       		.uleb128 0x1
 527 0130 50       		.byte	0x50
 528 0131 0C       		.uleb128 0xc
 529 0132 01       		.uleb128 0x1
 530 0133 51       		.byte	0x51
 531 0134 01       		.uleb128 0x1
 532 0135 30       		.byte	0x30
 533 0136 0C       		.uleb128 0xc
 534 0137 01       		.uleb128 0x1
 535 0138 52       		.byte	0x52
 536 0139 03       		.uleb128 0x3
 537 013a F3       		.byte	0xf3
 538 013b 01       		.uleb128 0x1
 539 013c 51       		.byte	0x51
 540 013d 00       		.byte	0
 541 013e 00       		.byte	0
 542 013f 09       		.uleb128 0x9
 543 0140 4B000000 		.4byte	.LASF21
 544 0144 01       		.byte	0x1
 545 0145 AA       		.byte	0xaa
 546 0146 00000000 		.4byte	.LFB5
 547 014a D8000000 		.4byte	.LFE5-.LFB5
ARM GAS  C:\Users\HP\AppData\Local\Temp\ccCLynpI.s 			page 17


 548 014e 01       		.uleb128 0x1
 549 014f 9C       		.byte	0x9c
 550 0150 E8010000 		.4byte	0x1e8
 551 0154 0D       		.uleb128 0xd
 552 0155 0C000000 		.4byte	.LVL3
 553 0159 D4020000 		.4byte	0x2d4
 554 015d 0E       		.uleb128 0xe
 555 015e 12000000 		.4byte	.LVL4
 556 0162 DF020000 		.4byte	0x2df
 557 0166 74010000 		.4byte	0x174
 558 016a 0C       		.uleb128 0xc
 559 016b 01       		.uleb128 0x1
 560 016c 50       		.byte	0x50
 561 016d 05       		.uleb128 0x5
 562 016e 0C       		.byte	0xc
 563 016f 001BB700 		.4byte	0xb71b00
 564 0173 00       		.byte	0
 565 0174 0E       		.uleb128 0xe
 566 0175 18000000 		.4byte	.LVL5
 567 0179 EA020000 		.4byte	0x2ea
 568 017d 87010000 		.4byte	0x187
 569 0181 0C       		.uleb128 0xc
 570 0182 01       		.uleb128 0x1
 571 0183 50       		.byte	0x50
 572 0184 01       		.uleb128 0x1
 573 0185 31       		.byte	0x31
 574 0186 00       		.byte	0
 575 0187 0E       		.uleb128 0xe
 576 0188 1E000000 		.4byte	.LVL6
 577 018c F5020000 		.4byte	0x2f5
 578 0190 9B010000 		.4byte	0x19b
 579 0194 0C       		.uleb128 0xc
 580 0195 01       		.uleb128 0x1
 581 0196 50       		.byte	0x50
 582 0197 02       		.uleb128 0x2
 583 0198 08       		.byte	0x8
 584 0199 30       		.byte	0x30
 585 019a 00       		.byte	0
 586 019b 0E       		.uleb128 0xe
 587 019c 54000000 		.4byte	.LVL7
 588 01a0 00030000 		.4byte	0x300
 589 01a4 B0010000 		.4byte	0x1b0
 590 01a8 0C       		.uleb128 0xc
 591 01a9 01       		.uleb128 0x1
 592 01aa 50       		.byte	0x50
 593 01ab 03       		.uleb128 0x3
 594 01ac 0A       		.byte	0xa
 595 01ad D007     		.2byte	0x7d0
 596 01af 00       		.byte	0
 597 01b0 0E       		.uleb128 0xe
 598 01b1 5A000000 		.4byte	.LVL8
 599 01b5 0B030000 		.4byte	0x30b
 600 01b9 C5010000 		.4byte	0x1c5
 601 01bd 0C       		.uleb128 0xc
 602 01be 01       		.uleb128 0x1
 603 01bf 50       		.byte	0x50
 604 01c0 03       		.uleb128 0x3
ARM GAS  C:\Users\HP\AppData\Local\Temp\ccCLynpI.s 			page 18


 605 01c1 0A       		.byte	0xa
 606 01c2 DC05     		.2byte	0x5dc
 607 01c4 00       		.byte	0
 608 01c5 0E       		.uleb128 0xe
 609 01c6 86000000 		.4byte	.LVL9
 610 01ca 16030000 		.4byte	0x316
 611 01ce D8010000 		.4byte	0x1d8
 612 01d2 0C       		.uleb128 0xc
 613 01d3 01       		.uleb128 0x1
 614 01d4 50       		.byte	0x50
 615 01d5 01       		.uleb128 0x1
 616 01d6 38       		.byte	0x38
 617 01d7 00       		.byte	0
 618 01d8 0B       		.uleb128 0xb
 619 01d9 8C000000 		.4byte	.LVL10
 620 01dd 21030000 		.4byte	0x321
 621 01e1 0C       		.uleb128 0xc
 622 01e2 01       		.uleb128 0x1
 623 01e3 50       		.byte	0x50
 624 01e4 01       		.uleb128 0x1
 625 01e5 38       		.byte	0x38
 626 01e6 00       		.byte	0
 627 01e7 00       		.byte	0
 628 01e8 0F       		.uleb128 0xf
 629 01e9 40010000 		.4byte	.LASF38
 630 01ed 01       		.byte	0x1
 631 01ee 0A01     		.2byte	0x10a
 632 01f0 D8000000 		.4byte	.LFB7
 633 01f4 D0000000 		.4byte	.LFE7-.LFB7
 634 01f8 01       		.uleb128 0x1
 635 01f9 9C       		.byte	0x9c
 636 01fa CB020000 		.4byte	0x2cb
 637 01fe 10       		.uleb128 0x10
 638 01ff E2000000 		.4byte	.LBB2
 639 0203 54000000 		.4byte	.LBE2-.LBB2
 640 0207 B8020000 		.4byte	0x2b8
 641 020b 11       		.uleb128 0x11
 642 020c 06       		.byte	0x6
 643 020d 01       		.byte	0x1
 644 020e 1301     		.2byte	0x113
 645 0210 2F020000 		.4byte	0x22f
 646 0214 12       		.uleb128 0x12
 647 0215 4D010000 		.4byte	.LASF22
 648 0219 01       		.byte	0x1
 649 021a 1401     		.2byte	0x114
 650 021c 84000000 		.4byte	0x84
 651 0220 00       		.byte	0
 652 0221 12       		.uleb128 0x12
 653 0222 A8000000 		.4byte	.LASF23
 654 0226 01       		.byte	0x1
 655 0227 1501     		.2byte	0x115
 656 0229 99000000 		.4byte	0x99
 657 022d 04       		.byte	0x4
 658 022e 00       		.byte	0
 659 022f 06       		.uleb128 0x6
 660 0230 FA010000 		.4byte	.LASF24
 661 0234 01       		.byte	0x1
ARM GAS  C:\Users\HP\AppData\Local\Temp\ccCLynpI.s 			page 19


 662 0235 1601     		.2byte	0x116
 663 0237 0B020000 		.4byte	0x20b
 664 023b 13       		.uleb128 0x13
 665 023c 4B020000 		.4byte	0x24b
 666 0240 4B020000 		.4byte	0x24b
 667 0244 14       		.uleb128 0x14
 668 0245 7D000000 		.4byte	0x7d
 669 0249 01       		.byte	0x1
 670 024a 00       		.byte	0
 671 024b 15       		.uleb128 0x15
 672 024c 2F020000 		.4byte	0x22f
 673 0250 16       		.uleb128 0x16
 674 0251 3B000000 		.4byte	.LASF25
 675 0255 01       		.byte	0x1
 676 0256 1801     		.2byte	0x118
 677 0258 62020000 		.4byte	0x262
 678 025c 05       		.uleb128 0x5
 679 025d 03       		.byte	0x3
 680 025e 00000000 		.4byte	cfg_memset_list.4893
 681 0262 15       		.uleb128 0x15
 682 0263 3B020000 		.4byte	0x23b
 683 0267 17       		.uleb128 0x17
 684 0268 6900     		.ascii	"i\000"
 685 026a 01       		.byte	0x1
 686 026b 1E01     		.2byte	0x11e
 687 026d 8D000000 		.4byte	0x8d
 688 0271 4D000000 		.4byte	.LLST2
 689 0275 18       		.uleb128 0x18
 690 0276 E6000000 		.4byte	.LBB3
 691 027a 1C000000 		.4byte	.LBE3-.LBB3
 692 027e 17       		.uleb128 0x17
 693 027f 6D7300   		.ascii	"ms\000"
 694 0282 01       		.byte	0x1
 695 0283 2301     		.2byte	0x123
 696 0285 8D020000 		.4byte	0x28d
 697 0289 77000000 		.4byte	.LLST3
 698 028d 19       		.uleb128 0x19
 699 028e 04       		.byte	0x4
 700 028f 4B020000 		.4byte	0x24b
 701 0293 0B       		.uleb128 0xb
 702 0294 02010000 		.4byte	.LVL13
 703 0298 F2000000 		.4byte	0xf2
 704 029c 0C       		.uleb128 0xc
 705 029d 01       		.uleb128 0x1
 706 029e 51       		.byte	0x51
 707 029f 15       		.uleb128 0x15
 708 02a0 74       		.byte	0x74
 709 02a1 00       		.sleb128 0
 710 02a2 31       		.byte	0x31
 711 02a3 24       		.byte	0x24
 712 02a4 74       		.byte	0x74
 713 02a5 00       		.sleb128 0
 714 02a6 22       		.byte	0x22
 715 02a7 31       		.byte	0x31
 716 02a8 24       		.byte	0x24
 717 02a9 03       		.byte	0x3
 718 02aa 04000000 		.4byte	.LANCHOR0+4
ARM GAS  C:\Users\HP\AppData\Local\Temp\ccCLynpI.s 			page 20


 719 02ae 22       		.byte	0x22
 720 02af 94       		.byte	0x94
 721 02b0 02       		.byte	0x2
 722 02b1 0A       		.byte	0xa
 723 02b2 FFFF     		.2byte	0xffff
 724 02b4 1A       		.byte	0x1a
 725 02b5 00       		.byte	0
 726 02b6 00       		.byte	0
 727 02b7 00       		.byte	0
 728 02b8 0D       		.uleb128 0xd
 729 02b9 5C010000 		.4byte	.LVL16
 730 02bd 3F010000 		.4byte	0x13f
 731 02c1 0D       		.uleb128 0xd
 732 02c2 60010000 		.4byte	.LVL17
 733 02c6 E1000000 		.4byte	0xe1
 734 02ca 00       		.byte	0
 735 02cb 1A       		.uleb128 0x1a
 736 02cc 0B010000 		.4byte	.LASF39
 737 02d0 0B010000 		.4byte	.LASF39
 738 02d4 1B       		.uleb128 0x1b
 739 02d5 E2000000 		.4byte	.LASF26
 740 02d9 E2000000 		.4byte	.LASF26
 741 02dd 04       		.byte	0x4
 742 02de 4E       		.byte	0x4e
 743 02df 1B       		.uleb128 0x1b
 744 02e0 00000000 		.4byte	.LASF27
 745 02e4 00000000 		.4byte	.LASF27
 746 02e8 05       		.byte	0x5
 747 02e9 EF       		.byte	0xef
 748 02ea 1B       		.uleb128 0x1b
 749 02eb AD000000 		.4byte	.LASF28
 750 02ef AD000000 		.4byte	.LASF28
 751 02f3 04       		.byte	0x4
 752 02f4 50       		.byte	0x50
 753 02f5 1B       		.uleb128 0x1b
 754 02f6 48020000 		.4byte	.LASF29
 755 02fa 48020000 		.4byte	.LASF29
 756 02fe 05       		.byte	0x5
 757 02ff 6C       		.byte	0x6c
 758 0300 1B       		.uleb128 0x1b
 759 0301 2D020000 		.4byte	.LASF30
 760 0305 2D020000 		.4byte	.LASF30
 761 0309 05       		.byte	0x5
 762 030a 84       		.byte	0x84
 763 030b 1B       		.uleb128 0x1b
 764 030c 1E020000 		.4byte	.LASF31
 765 0310 1E020000 		.4byte	.LASF31
 766 0314 05       		.byte	0x5
 767 0315 ED       		.byte	0xed
 768 0316 1B       		.uleb128 0x1b
 769 0317 2C000000 		.4byte	.LASF32
 770 031b 2C000000 		.4byte	.LASF32
 771 031f 05       		.byte	0x5
 772 0320 D0       		.byte	0xd0
 773 0321 1B       		.uleb128 0x1b
 774 0322 19010000 		.4byte	.LASF33
 775 0326 19010000 		.4byte	.LASF33
ARM GAS  C:\Users\HP\AppData\Local\Temp\ccCLynpI.s 			page 21


 776 032a 05       		.byte	0x5
 777 032b D6       		.byte	0xd6
 778 032c 00       		.byte	0
 779              		.section	.debug_abbrev,"",%progbits
 780              	.Ldebug_abbrev0:
 781 0000 01       		.uleb128 0x1
 782 0001 11       		.uleb128 0x11
 783 0002 01       		.byte	0x1
 784 0003 25       		.uleb128 0x25
 785 0004 0E       		.uleb128 0xe
 786 0005 13       		.uleb128 0x13
 787 0006 0B       		.uleb128 0xb
 788 0007 03       		.uleb128 0x3
 789 0008 0E       		.uleb128 0xe
 790 0009 1B       		.uleb128 0x1b
 791 000a 0E       		.uleb128 0xe
 792 000b 55       		.uleb128 0x55
 793 000c 17       		.uleb128 0x17
 794 000d 11       		.uleb128 0x11
 795 000e 01       		.uleb128 0x1
 796 000f 10       		.uleb128 0x10
 797 0010 17       		.uleb128 0x17
 798 0011 00       		.byte	0
 799 0012 00       		.byte	0
 800 0013 02       		.uleb128 0x2
 801 0014 24       		.uleb128 0x24
 802 0015 00       		.byte	0
 803 0016 0B       		.uleb128 0xb
 804 0017 0B       		.uleb128 0xb
 805 0018 3E       		.uleb128 0x3e
 806 0019 0B       		.uleb128 0xb
 807 001a 03       		.uleb128 0x3
 808 001b 08       		.uleb128 0x8
 809 001c 00       		.byte	0
 810 001d 00       		.byte	0
 811 001e 03       		.uleb128 0x3
 812 001f 16       		.uleb128 0x16
 813 0020 00       		.byte	0
 814 0021 03       		.uleb128 0x3
 815 0022 0E       		.uleb128 0xe
 816 0023 3A       		.uleb128 0x3a
 817 0024 0B       		.uleb128 0xb
 818 0025 3B       		.uleb128 0x3b
 819 0026 0B       		.uleb128 0xb
 820 0027 49       		.uleb128 0x49
 821 0028 13       		.uleb128 0x13
 822 0029 00       		.byte	0
 823 002a 00       		.byte	0
 824 002b 04       		.uleb128 0x4
 825 002c 24       		.uleb128 0x24
 826 002d 00       		.byte	0
 827 002e 0B       		.uleb128 0xb
 828 002f 0B       		.uleb128 0xb
 829 0030 3E       		.uleb128 0x3e
 830 0031 0B       		.uleb128 0xb
 831 0032 03       		.uleb128 0x3
 832 0033 0E       		.uleb128 0xe
ARM GAS  C:\Users\HP\AppData\Local\Temp\ccCLynpI.s 			page 22


 833 0034 00       		.byte	0
 834 0035 00       		.byte	0
 835 0036 05       		.uleb128 0x5
 836 0037 0F       		.uleb128 0xf
 837 0038 00       		.byte	0
 838 0039 0B       		.uleb128 0xb
 839 003a 0B       		.uleb128 0xb
 840 003b 00       		.byte	0
 841 003c 00       		.byte	0
 842 003d 06       		.uleb128 0x6
 843 003e 16       		.uleb128 0x16
 844 003f 00       		.byte	0
 845 0040 03       		.uleb128 0x3
 846 0041 0E       		.uleb128 0xe
 847 0042 3A       		.uleb128 0x3a
 848 0043 0B       		.uleb128 0xb
 849 0044 3B       		.uleb128 0x3b
 850 0045 05       		.uleb128 0x5
 851 0046 49       		.uleb128 0x49
 852 0047 13       		.uleb128 0x13
 853 0048 00       		.byte	0
 854 0049 00       		.byte	0
 855 004a 07       		.uleb128 0x7
 856 004b 35       		.uleb128 0x35
 857 004c 00       		.byte	0
 858 004d 49       		.uleb128 0x49
 859 004e 13       		.uleb128 0x13
 860 004f 00       		.byte	0
 861 0050 00       		.byte	0
 862 0051 08       		.uleb128 0x8
 863 0052 2E       		.uleb128 0x2e
 864 0053 00       		.byte	0
 865 0054 03       		.uleb128 0x3
 866 0055 0E       		.uleb128 0xe
 867 0056 3A       		.uleb128 0x3a
 868 0057 0B       		.uleb128 0xb
 869 0058 3B       		.uleb128 0x3b
 870 0059 0B       		.uleb128 0xb
 871 005a 27       		.uleb128 0x27
 872 005b 19       		.uleb128 0x19
 873 005c 11       		.uleb128 0x11
 874 005d 01       		.uleb128 0x1
 875 005e 12       		.uleb128 0x12
 876 005f 06       		.uleb128 0x6
 877 0060 40       		.uleb128 0x40
 878 0061 18       		.uleb128 0x18
 879 0062 9742     		.uleb128 0x2117
 880 0064 19       		.uleb128 0x19
 881 0065 00       		.byte	0
 882 0066 00       		.byte	0
 883 0067 09       		.uleb128 0x9
 884 0068 2E       		.uleb128 0x2e
 885 0069 01       		.byte	0x1
 886 006a 03       		.uleb128 0x3
 887 006b 0E       		.uleb128 0xe
 888 006c 3A       		.uleb128 0x3a
 889 006d 0B       		.uleb128 0xb
ARM GAS  C:\Users\HP\AppData\Local\Temp\ccCLynpI.s 			page 23


 890 006e 3B       		.uleb128 0x3b
 891 006f 0B       		.uleb128 0xb
 892 0070 27       		.uleb128 0x27
 893 0071 19       		.uleb128 0x19
 894 0072 11       		.uleb128 0x11
 895 0073 01       		.uleb128 0x1
 896 0074 12       		.uleb128 0x12
 897 0075 06       		.uleb128 0x6
 898 0076 40       		.uleb128 0x40
 899 0077 18       		.uleb128 0x18
 900 0078 9742     		.uleb128 0x2117
 901 007a 19       		.uleb128 0x19
 902 007b 01       		.uleb128 0x1
 903 007c 13       		.uleb128 0x13
 904 007d 00       		.byte	0
 905 007e 00       		.byte	0
 906 007f 0A       		.uleb128 0xa
 907 0080 05       		.uleb128 0x5
 908 0081 00       		.byte	0
 909 0082 03       		.uleb128 0x3
 910 0083 08       		.uleb128 0x8
 911 0084 3A       		.uleb128 0x3a
 912 0085 0B       		.uleb128 0xb
 913 0086 3B       		.uleb128 0x3b
 914 0087 0B       		.uleb128 0xb
 915 0088 49       		.uleb128 0x49
 916 0089 13       		.uleb128 0x13
 917 008a 02       		.uleb128 0x2
 918 008b 17       		.uleb128 0x17
 919 008c 00       		.byte	0
 920 008d 00       		.byte	0
 921 008e 0B       		.uleb128 0xb
 922 008f 898201   		.uleb128 0x4109
 923 0092 01       		.byte	0x1
 924 0093 11       		.uleb128 0x11
 925 0094 01       		.uleb128 0x1
 926 0095 31       		.uleb128 0x31
 927 0096 13       		.uleb128 0x13
 928 0097 00       		.byte	0
 929 0098 00       		.byte	0
 930 0099 0C       		.uleb128 0xc
 931 009a 8A8201   		.uleb128 0x410a
 932 009d 00       		.byte	0
 933 009e 02       		.uleb128 0x2
 934 009f 18       		.uleb128 0x18
 935 00a0 9142     		.uleb128 0x2111
 936 00a2 18       		.uleb128 0x18
 937 00a3 00       		.byte	0
 938 00a4 00       		.byte	0
 939 00a5 0D       		.uleb128 0xd
 940 00a6 898201   		.uleb128 0x4109
 941 00a9 00       		.byte	0
 942 00aa 11       		.uleb128 0x11
 943 00ab 01       		.uleb128 0x1
 944 00ac 31       		.uleb128 0x31
 945 00ad 13       		.uleb128 0x13
 946 00ae 00       		.byte	0
ARM GAS  C:\Users\HP\AppData\Local\Temp\ccCLynpI.s 			page 24


 947 00af 00       		.byte	0
 948 00b0 0E       		.uleb128 0xe
 949 00b1 898201   		.uleb128 0x4109
 950 00b4 01       		.byte	0x1
 951 00b5 11       		.uleb128 0x11
 952 00b6 01       		.uleb128 0x1
 953 00b7 31       		.uleb128 0x31
 954 00b8 13       		.uleb128 0x13
 955 00b9 01       		.uleb128 0x1
 956 00ba 13       		.uleb128 0x13
 957 00bb 00       		.byte	0
 958 00bc 00       		.byte	0
 959 00bd 0F       		.uleb128 0xf
 960 00be 2E       		.uleb128 0x2e
 961 00bf 01       		.byte	0x1
 962 00c0 3F       		.uleb128 0x3f
 963 00c1 19       		.uleb128 0x19
 964 00c2 03       		.uleb128 0x3
 965 00c3 0E       		.uleb128 0xe
 966 00c4 3A       		.uleb128 0x3a
 967 00c5 0B       		.uleb128 0xb
 968 00c6 3B       		.uleb128 0x3b
 969 00c7 05       		.uleb128 0x5
 970 00c8 27       		.uleb128 0x27
 971 00c9 19       		.uleb128 0x19
 972 00ca 11       		.uleb128 0x11
 973 00cb 01       		.uleb128 0x1
 974 00cc 12       		.uleb128 0x12
 975 00cd 06       		.uleb128 0x6
 976 00ce 40       		.uleb128 0x40
 977 00cf 18       		.uleb128 0x18
 978 00d0 9742     		.uleb128 0x2117
 979 00d2 19       		.uleb128 0x19
 980 00d3 01       		.uleb128 0x1
 981 00d4 13       		.uleb128 0x13
 982 00d5 00       		.byte	0
 983 00d6 00       		.byte	0
 984 00d7 10       		.uleb128 0x10
 985 00d8 0B       		.uleb128 0xb
 986 00d9 01       		.byte	0x1
 987 00da 11       		.uleb128 0x11
 988 00db 01       		.uleb128 0x1
 989 00dc 12       		.uleb128 0x12
 990 00dd 06       		.uleb128 0x6
 991 00de 01       		.uleb128 0x1
 992 00df 13       		.uleb128 0x13
 993 00e0 00       		.byte	0
 994 00e1 00       		.byte	0
 995 00e2 11       		.uleb128 0x11
 996 00e3 13       		.uleb128 0x13
 997 00e4 01       		.byte	0x1
 998 00e5 0B       		.uleb128 0xb
 999 00e6 0B       		.uleb128 0xb
 1000 00e7 3A       		.uleb128 0x3a
 1001 00e8 0B       		.uleb128 0xb
 1002 00e9 3B       		.uleb128 0x3b
 1003 00ea 05       		.uleb128 0x5
ARM GAS  C:\Users\HP\AppData\Local\Temp\ccCLynpI.s 			page 25


 1004 00eb 01       		.uleb128 0x1
 1005 00ec 13       		.uleb128 0x13
 1006 00ed 00       		.byte	0
 1007 00ee 00       		.byte	0
 1008 00ef 12       		.uleb128 0x12
 1009 00f0 0D       		.uleb128 0xd
 1010 00f1 00       		.byte	0
 1011 00f2 03       		.uleb128 0x3
 1012 00f3 0E       		.uleb128 0xe
 1013 00f4 3A       		.uleb128 0x3a
 1014 00f5 0B       		.uleb128 0xb
 1015 00f6 3B       		.uleb128 0x3b
 1016 00f7 05       		.uleb128 0x5
 1017 00f8 49       		.uleb128 0x49
 1018 00f9 13       		.uleb128 0x13
 1019 00fa 38       		.uleb128 0x38
 1020 00fb 0B       		.uleb128 0xb
 1021 00fc 00       		.byte	0
 1022 00fd 00       		.byte	0
 1023 00fe 13       		.uleb128 0x13
 1024 00ff 01       		.uleb128 0x1
 1025 0100 01       		.byte	0x1
 1026 0101 49       		.uleb128 0x49
 1027 0102 13       		.uleb128 0x13
 1028 0103 01       		.uleb128 0x1
 1029 0104 13       		.uleb128 0x13
 1030 0105 00       		.byte	0
 1031 0106 00       		.byte	0
 1032 0107 14       		.uleb128 0x14
 1033 0108 21       		.uleb128 0x21
 1034 0109 00       		.byte	0
 1035 010a 49       		.uleb128 0x49
 1036 010b 13       		.uleb128 0x13
 1037 010c 2F       		.uleb128 0x2f
 1038 010d 0B       		.uleb128 0xb
 1039 010e 00       		.byte	0
 1040 010f 00       		.byte	0
 1041 0110 15       		.uleb128 0x15
 1042 0111 26       		.uleb128 0x26
 1043 0112 00       		.byte	0
 1044 0113 49       		.uleb128 0x49
 1045 0114 13       		.uleb128 0x13
 1046 0115 00       		.byte	0
 1047 0116 00       		.byte	0
 1048 0117 16       		.uleb128 0x16
 1049 0118 34       		.uleb128 0x34
 1050 0119 00       		.byte	0
 1051 011a 03       		.uleb128 0x3
 1052 011b 0E       		.uleb128 0xe
 1053 011c 3A       		.uleb128 0x3a
 1054 011d 0B       		.uleb128 0xb
 1055 011e 3B       		.uleb128 0x3b
 1056 011f 05       		.uleb128 0x5
 1057 0120 49       		.uleb128 0x49
 1058 0121 13       		.uleb128 0x13
 1059 0122 02       		.uleb128 0x2
 1060 0123 18       		.uleb128 0x18
ARM GAS  C:\Users\HP\AppData\Local\Temp\ccCLynpI.s 			page 26


 1061 0124 00       		.byte	0
 1062 0125 00       		.byte	0
 1063 0126 17       		.uleb128 0x17
 1064 0127 34       		.uleb128 0x34
 1065 0128 00       		.byte	0
 1066 0129 03       		.uleb128 0x3
 1067 012a 08       		.uleb128 0x8
 1068 012b 3A       		.uleb128 0x3a
 1069 012c 0B       		.uleb128 0xb
 1070 012d 3B       		.uleb128 0x3b
 1071 012e 05       		.uleb128 0x5
 1072 012f 49       		.uleb128 0x49
 1073 0130 13       		.uleb128 0x13
 1074 0131 02       		.uleb128 0x2
 1075 0132 17       		.uleb128 0x17
 1076 0133 00       		.byte	0
 1077 0134 00       		.byte	0
 1078 0135 18       		.uleb128 0x18
 1079 0136 0B       		.uleb128 0xb
 1080 0137 01       		.byte	0x1
 1081 0138 11       		.uleb128 0x11
 1082 0139 01       		.uleb128 0x1
 1083 013a 12       		.uleb128 0x12
 1084 013b 06       		.uleb128 0x6
 1085 013c 00       		.byte	0
 1086 013d 00       		.byte	0
 1087 013e 19       		.uleb128 0x19
 1088 013f 0F       		.uleb128 0xf
 1089 0140 00       		.byte	0
 1090 0141 0B       		.uleb128 0xb
 1091 0142 0B       		.uleb128 0xb
 1092 0143 49       		.uleb128 0x49
 1093 0144 13       		.uleb128 0x13
 1094 0145 00       		.byte	0
 1095 0146 00       		.byte	0
 1096 0147 1A       		.uleb128 0x1a
 1097 0148 2E       		.uleb128 0x2e
 1098 0149 00       		.byte	0
 1099 014a 3F       		.uleb128 0x3f
 1100 014b 19       		.uleb128 0x19
 1101 014c 3C       		.uleb128 0x3c
 1102 014d 19       		.uleb128 0x19
 1103 014e 6E       		.uleb128 0x6e
 1104 014f 0E       		.uleb128 0xe
 1105 0150 03       		.uleb128 0x3
 1106 0151 0E       		.uleb128 0xe
 1107 0152 00       		.byte	0
 1108 0153 00       		.byte	0
 1109 0154 1B       		.uleb128 0x1b
 1110 0155 2E       		.uleb128 0x2e
 1111 0156 00       		.byte	0
 1112 0157 3F       		.uleb128 0x3f
 1113 0158 19       		.uleb128 0x19
 1114 0159 3C       		.uleb128 0x3c
 1115 015a 19       		.uleb128 0x19
 1116 015b 6E       		.uleb128 0x6e
 1117 015c 0E       		.uleb128 0xe
ARM GAS  C:\Users\HP\AppData\Local\Temp\ccCLynpI.s 			page 27


 1118 015d 03       		.uleb128 0x3
 1119 015e 0E       		.uleb128 0xe
 1120 015f 3A       		.uleb128 0x3a
 1121 0160 0B       		.uleb128 0xb
 1122 0161 3B       		.uleb128 0x3b
 1123 0162 0B       		.uleb128 0xb
 1124 0163 00       		.byte	0
 1125 0164 00       		.byte	0
 1126 0165 00       		.byte	0
 1127              		.section	.debug_loc,"",%progbits
 1128              	.Ldebug_loc0:
 1129              	.LLST0:
 1130 0000 00000000 		.4byte	.LVL0
 1131 0004 09000000 		.4byte	.LVL2-1
 1132 0008 0100     		.2byte	0x1
 1133 000a 50       		.byte	0x50
 1134 000b 09000000 		.4byte	.LVL2-1
 1135 000f 0C000000 		.4byte	.LFE2
 1136 0013 0400     		.2byte	0x4
 1137 0015 F3       		.byte	0xf3
 1138 0016 01       		.uleb128 0x1
 1139 0017 50       		.byte	0x50
 1140 0018 9F       		.byte	0x9f
 1141 0019 00000000 		.4byte	0
 1142 001d 00000000 		.4byte	0
 1143              	.LLST1:
 1144 0021 00000000 		.4byte	.LVL0
 1145 0025 06000000 		.4byte	.LVL1
 1146 0029 0100     		.2byte	0x1
 1147 002b 51       		.byte	0x51
 1148 002c 06000000 		.4byte	.LVL1
 1149 0030 09000000 		.4byte	.LVL2-1
 1150 0034 0100     		.2byte	0x1
 1151 0036 52       		.byte	0x52
 1152 0037 09000000 		.4byte	.LVL2-1
 1153 003b 0C000000 		.4byte	.LFE2
 1154 003f 0400     		.2byte	0x4
 1155 0041 F3       		.byte	0xf3
 1156 0042 01       		.uleb128 0x1
 1157 0043 51       		.byte	0x51
 1158 0044 9F       		.byte	0x9f
 1159 0045 00000000 		.4byte	0
 1160 0049 00000000 		.4byte	0
 1161              	.LLST2:
 1162 004d E2000000 		.4byte	.LVL11
 1163 0051 E6000000 		.4byte	.LVL12
 1164 0055 0200     		.2byte	0x2
 1165 0057 30       		.byte	0x30
 1166 0058 9F       		.byte	0x9f
 1167 0059 E6000000 		.4byte	.LVL12
 1168 005d 04010000 		.4byte	.LVL14
 1169 0061 0100     		.2byte	0x1
 1170 0063 54       		.byte	0x54
 1171 0064 06010000 		.4byte	.LVL15
 1172 0068 60010000 		.4byte	.LVL18
 1173 006c 0100     		.2byte	0x1
 1174 006e 54       		.byte	0x54
ARM GAS  C:\Users\HP\AppData\Local\Temp\ccCLynpI.s 			page 28


 1175 006f 00000000 		.4byte	0
 1176 0073 00000000 		.4byte	0
 1177              	.LLST3:
 1178 0077 E6000000 		.4byte	.LVL12
 1179 007b 04010000 		.4byte	.LVL14
 1180 007f 0B00     		.2byte	0xb
 1181 0081 74       		.byte	0x74
 1182 0082 00       		.sleb128 0
 1183 0083 36       		.byte	0x36
 1184 0084 1E       		.byte	0x1e
 1185 0085 03       		.byte	0x3
 1186 0086 00000000 		.4byte	cfg_memset_list.4893
 1187 008a 22       		.byte	0x22
 1188 008b 9F       		.byte	0x9f
 1189 008c 04010000 		.4byte	.LVL14
 1190 0090 06010000 		.4byte	.LVL15
 1191 0094 0B00     		.2byte	0xb
 1192 0096 74       		.byte	0x74
 1193 0097 7F       		.sleb128 -1
 1194 0098 36       		.byte	0x36
 1195 0099 1E       		.byte	0x1e
 1196 009a 03       		.byte	0x3
 1197 009b 00000000 		.4byte	cfg_memset_list.4893
 1198 009f 22       		.byte	0x22
 1199 00a0 9F       		.byte	0x9f
 1200 00a1 00000000 		.4byte	0
 1201 00a5 00000000 		.4byte	0
 1202              		.section	.debug_aranges,"",%progbits
 1203 0000 34000000 		.4byte	0x34
 1204 0004 0200     		.2byte	0x2
 1205 0006 00000000 		.4byte	.Ldebug_info0
 1206 000a 04       		.byte	0x4
 1207 000b 00       		.byte	0
 1208 000c 0000     		.2byte	0
 1209 000e 0000     		.2byte	0
 1210 0010 00000000 		.4byte	.LFB6
 1211 0014 20000000 		.4byte	.LFE6-.LFB6
 1212 0018 00000000 		.4byte	.LFB2
 1213 001c 0C000000 		.4byte	.LFE2-.LFB2
 1214 0020 00000000 		.4byte	.LFB5
 1215 0024 D8000000 		.4byte	.LFE5-.LFB5
 1216 0028 D8000000 		.4byte	.LFB7
 1217 002c D0000000 		.4byte	.LFE7-.LFB7
 1218 0030 00000000 		.4byte	0
 1219 0034 00000000 		.4byte	0
 1220              		.section	.debug_ranges,"",%progbits
 1221              	.Ldebug_ranges0:
 1222 0000 00000000 		.4byte	.LFB6
 1223 0004 20000000 		.4byte	.LFE6
 1224 0008 00000000 		.4byte	.LFB2
 1225 000c 0C000000 		.4byte	.LFE2
 1226 0010 00000000 		.4byte	.LFB5
 1227 0014 D8000000 		.4byte	.LFE5
 1228 0018 D8000000 		.4byte	.LFB7
 1229 001c A8010000 		.4byte	.LFE7
 1230 0020 00000000 		.4byte	0
 1231 0024 00000000 		.4byte	0
ARM GAS  C:\Users\HP\AppData\Local\Temp\ccCLynpI.s 			page 29


 1232              		.section	.debug_line,"",%progbits
 1233              	.Ldebug_line0:
 1234 0000 60010000 		.section	.debug_str,"MS",%progbits,1
 1234      0200E300 
 1234      00000201 
 1234      FB0E0D00 
 1234      01010101 
 1235              	.LASF27:
 1236 0000 43794465 		.ascii	"CyDelayCycles\000"
 1236      6C617943 
 1236      79636C65 
 1236      7300
 1237              	.LASF19:
 1238 000e 72656733 		.ascii	"reg32\000"
 1238      3200
 1239              	.LASF12:
 1240 0014 73697A65 		.ascii	"size_t\000"
 1240      5F7400
 1241              	.LASF37:
 1242 001b 416E616C 		.ascii	"AnalogSetDefault\000"
 1242      6F675365 
 1242      74446566 
 1242      61756C74 
 1242      00
 1243              	.LASF32:
 1244 002c 4379496E 		.ascii	"CyIntSetVector\000"
 1244      74536574 
 1244      56656374 
 1244      6F7200
 1245              	.LASF25:
 1246 003b 6366675F 		.ascii	"cfg_memset_list\000"
 1246      6D656D73 
 1246      65745F6C 
 1246      69737400 
 1247              	.LASF21:
 1248 004b 436C6F63 		.ascii	"ClockSetup\000"
 1248      6B536574 
 1248      757000
 1249              	.LASF36:
 1250 0056 433A5C55 		.ascii	"C:\\Users\\HP\\Documents\\PSoC Creator\\Workspace03"
 1250      73657273 
 1250      5C48505C 
 1250      446F6375 
 1250      6D656E74 
 1251 0084 5C41726D 		.ascii	"\\Arm.cydsn\000"
 1251      2E637964 
 1251      736E00
 1252              	.LASF6:
 1253 008f 73686F72 		.ascii	"short unsigned int\000"
 1253      7420756E 
 1253      7369676E 
 1253      65642069 
 1253      6E7400
 1254              	.LASF16:
 1255 00a2 666C6F61 		.ascii	"float\000"
 1255      7400
 1256              	.LASF23:
ARM GAS  C:\Users\HP\AppData\Local\Temp\ccCLynpI.s 			page 30


 1257 00a8 73697A65 		.ascii	"size\000"
 1257      00
 1258              	.LASF28:
 1259 00ad 43795379 		.ascii	"CySysClkWcoSetPowerMode\000"
 1259      73436C6B 
 1259      57636F53 
 1259      6574506F 
 1259      7765724D 
 1260              	.LASF18:
 1261 00c5 72656738 		.ascii	"reg8\000"
 1261      00
 1262              	.LASF8:
 1263 00ca 6C6F6E67 		.ascii	"long unsigned int\000"
 1263      20756E73 
 1263      69676E65 
 1263      6420696E 
 1263      7400
 1264              	.LASF13:
 1265 00dc 75696E74 		.ascii	"uint8\000"
 1265      3800
 1266              	.LASF26:
 1267 00e2 43795379 		.ascii	"CySysClkWcoStart\000"
 1267      73436C6B 
 1267      57636F53 
 1267      74617274 
 1267      00
 1268              	.LASF20:
 1269 00f3 43594D45 		.ascii	"CYMEMZERO\000"
 1269      4D5A4552 
 1269      4F00
 1270              	.LASF4:
 1271 00fd 756E7369 		.ascii	"unsigned char\000"
 1271      676E6564 
 1271      20636861 
 1271      7200
 1272              	.LASF39:
 1273 010b 6D656D73 		.ascii	"memset\000"
 1273      657400
 1274              	.LASF17:
 1275 0112 646F7562 		.ascii	"double\000"
 1275      6C6500
 1276              	.LASF33:
 1277 0119 4379496E 		.ascii	"CyIntEnable\000"
 1277      74456E61 
 1277      626C6500 
 1278              	.LASF14:
 1279 0125 75696E74 		.ascii	"uint16\000"
 1279      313600
 1280              	.LASF15:
 1281 012c 75696E74 		.ascii	"uint32\000"
 1281      333200
 1282              	.LASF0:
 1283 0133 756E7369 		.ascii	"unsigned int\000"
 1283      676E6564 
 1283      20696E74 
 1283      00
 1284              	.LASF38:
ARM GAS  C:\Users\HP\AppData\Local\Temp\ccCLynpI.s 			page 31


 1285 0140 63796669 		.ascii	"cyfitter_cfg\000"
 1285      74746572 
 1285      5F636667 
 1285      00
 1286              	.LASF22:
 1287 014d 61646472 		.ascii	"address\000"
 1287      65737300 
 1288              	.LASF9:
 1289 0155 6C6F6E67 		.ascii	"long long unsigned int\000"
 1289      206C6F6E 
 1289      6720756E 
 1289      7369676E 
 1289      65642069 
 1290              	.LASF34:
 1291 016c 474E5520 		.ascii	"GNU C11 5.4.1 20160609 (release) [ARM/embedded-5-br"
 1291      43313120 
 1291      352E342E 
 1291      31203230 
 1291      31363036 
 1292 019f 616E6368 		.ascii	"anch revision 237715] -mcpu=cortex-m0 -mthumb -g -O"
 1292      20726576 
 1292      6973696F 
 1292      6E203233 
 1292      37373135 
 1293 01d2 67202D66 		.ascii	"g -ffunction-sections -ffat-lto-objects\000"
 1293      66756E63 
 1293      74696F6E 
 1293      2D736563 
 1293      74696F6E 
 1294              	.LASF24:
 1295 01fa 6366675F 		.ascii	"cfg_memset_t\000"
 1295      6D656D73 
 1295      65745F74 
 1295      00
 1296              	.LASF10:
 1297 0207 73697A65 		.ascii	"sizetype\000"
 1297      74797065 
 1297      00
 1298              	.LASF1:
 1299 0210 6C6F6E67 		.ascii	"long long int\000"
 1299      206C6F6E 
 1299      6720696E 
 1299      7400
 1300              	.LASF31:
 1301 021e 43794465 		.ascii	"CyDelayUs\000"
 1301      6C617955 
 1301      7300
 1302              	.LASF11:
 1303 0228 63686172 		.ascii	"char\000"
 1303      00
 1304              	.LASF30:
 1305 022d 43795379 		.ascii	"CySysClkEcoStart\000"
 1305      73436C6B 
 1305      45636F53 
 1305      74617274 
 1305      00
 1306              	.LASF5:
ARM GAS  C:\Users\HP\AppData\Local\Temp\ccCLynpI.s 			page 32


 1307 023e 73686F72 		.ascii	"short int\000"
 1307      7420696E 
 1307      7400
 1308              	.LASF29:
 1309 0248 43795379 		.ascii	"CySysClkWriteImoFreq\000"
 1309      73436C6B 
 1309      57726974 
 1309      65496D6F 
 1309      46726571 
 1310              	.LASF7:
 1311 025d 6C6F6E67 		.ascii	"long int\000"
 1311      20696E74 
 1311      00
 1312              	.LASF2:
 1313 0266 6C6F6E67 		.ascii	"long double\000"
 1313      20646F75 
 1313      626C6500 
 1314              	.LASF3:
 1315 0272 7369676E 		.ascii	"signed char\000"
 1315      65642063 
 1315      68617200 
 1316              	.LASF35:
 1317 027e 47656E65 		.ascii	"Generated_Source\\PSoC4\\cyfitter_cfg.c\000"
 1317      72617465 
 1317      645F536F 
 1317      75726365 
 1317      5C50536F 
 1318              		.ident	"GCC: (GNU Tools for ARM Embedded Processors) 5.4.1 20160609 (release) [ARM/embedded-5-bran
